spi-nor-core.c:500:12:read_cr	16	static
spi-nor-core.c:529:12:write_enable	4	static
spi-nor-core.c:537:12:write_disable	4	static
spi-nor-core.c:1354:12:spi_nor_read	40	static
spi-nor-core.c:2745:12:spi_nor_hwcaps2cmd	0	static
spi-nor-core.c:242:13:spi_nor_setup_op	8	static
spi-nor-core.c:381:16:spi_nor_write_data	72	static
spi-nor-core.c:345:16:spi_nor_read_data	72	static
spi-nor-core.c:2806:12:spi_nor_check_op	16	static
spi-nor-core.c:3067:12:spi_nor_default_setup	80	static
spi-nor-core.c:288:12:spi_nor_read_reg	72	static
spi-nor-core.c:305:12:spi_nor_write_reg	72	static
spi-nor-core.c:413:12:read_sr	80	static
spi-nor-core.c:775:12:spi_nor_wait_till_ready_with_timeout.constprop	96	static
spi-nor-core.c:1676:12:spi_nor_write	56	static
spi-nor-core.c:908:12:spi_nor_erase	80	static
spi-nor-core.c:1874:12:spansion_read_cr_quad_enable	24	static
spi-nor-core.c:3659:5:spi_nor_remove	0	static
spi-nor-core.c:3670:6:spi_nor_set_fixups	0	static
spi-nor-core.c:3701:5:spi_nor_scan	456	static
spi-nor-core.c:3891:5:spi_flash_cmd_get_sw_write_prot	8	static
