Archive member included to satisfy reference by file (symbol)

arch/arm/lib/lib.a(lib1funcs.o)
                              arch/arm/mach-omap2/built-in.o (__aeabi_uidiv)
arch/arm/lib/lib.a(div0.o)    arch/arm/lib/lib.a(lib1funcs.o) (__div0)

Discarded input sections

 .data          0x0000000000000000        0x0 arch/arm/cpu/armv7/start.o
 .bss           0x0000000000000000        0x0 arch/arm/cpu/armv7/start.o
 .text.get_dpll_mpu_params
                0x0000000000000000        0x8 arch/arm/mach-omap2/built-in.o
 .text.set_mpu_spreadspectrum
                0x0000000000000000       0xc4 arch/arm/mach-omap2/built-in.o
 .text.do_disable_clocks
                0x0000000000000000       0x6c arch/arm/mach-omap2/built-in.o
 .text.scale_vcores
                0x0000000000000000        0x2 arch/arm/mach-omap2/built-in.o
 .text.rtc_only_prcm_init
                0x0000000000000000       0x1c arch/arm/mach-omap2/built-in.o
 .text.get_cpu_rev
                0x0000000000000000       0x10 arch/arm/mach-omap2/built-in.o
 .text.get_cpu_type
                0x0000000000000000       0x14 arch/arm/mach-omap2/built-in.o
 .text.get_sysboot_value
                0x0000000000000000       0x14 arch/arm/mach-omap2/built-in.o
 .text.print_cpuinfo
                0x0000000000000000       0x90 arch/arm/mach-omap2/built-in.o
 .text.am335x_get_mpu_vdd
                0x0000000000000000       0x20 arch/arm/mach-omap2/built-in.o
 .text.dram_init
                0x0000000000000000       0x1a arch/arm/mach-omap2/built-in.o
 .text.arch_cpu_init_dm
                0x0000000000000000        0xe arch/arm/mach-omap2/built-in.o
 .text.set_uart_mux_conf
                0x0000000000000000        0x2 arch/arm/mach-omap2/built-in.o
 .text.set_mux_conf_regs
                0x0000000000000000        0x2 arch/arm/mach-omap2/built-in.o
 .text.ft_cpu_setup
                0x0000000000000000        0x2 arch/arm/mach-omap2/built-in.o
 .text.clk_synthesizer_reg_write
                0x0000000000000000       0x38 arch/arm/mach-omap2/built-in.o
 .text.setup_clock_synthesizer
                0x0000000000000000       0x94 arch/arm/mach-omap2/built-in.o
 .text.warm_reset
                0x0000000000000000       0x1c arch/arm/mach-omap2/built-in.o
 .text.setup_warmreset_time
                0x0000000000000000        0x2 arch/arm/mach-omap2/built-in.o
 .text.get_ticks
                0x0000000000000000        0xa arch/arm/mach-omap2/built-in.o
 .text.get_tbclk
                0x0000000000000000        0x6 arch/arm/mach-omap2/built-in.o
 .text.do_cancel_out
                0x0000000000000000       0x44 arch/arm/mach-omap2/built-in.o
 .text.omap_set_fastboot_vars
                0x0000000000000000      0x138 arch/arm/mach-omap2/built-in.o
 .text.cancel_out
                0x0000000000000000       0x62 arch/arm/mach-omap2/built-in.o
 .text.omap_die_id
                0x0000000000000000        0xc arch/arm/mach-omap2/built-in.o
 .text.omap_die_id_serial
                0x0000000000000000       0x50 arch/arm/mach-omap2/built-in.o
 .text.omap_die_id_get_board_serial
                0x0000000000000000       0x24 arch/arm/mach-omap2/built-in.o
 .text.omap_die_id_usbethaddr
                0x0000000000000000       0x68 arch/arm/mach-omap2/built-in.o
 .text.omap_die_id_display
                0x0000000000000000       0x2c arch/arm/mach-omap2/built-in.o
 .text.get_device_type
                0x0000000000000000       0x18 arch/arm/mach-omap2/built-in.o
 .text.enable_caches
                0x0000000000000000       0x14 arch/arm/mach-omap2/built-in.o
 .text.dram_bank_mmu_setup
                0x0000000000000000       0x28 arch/arm/mach-omap2/built-in.o
 .text.arm_init_domains
                0x0000000000000000       0x16 arch/arm/mach-omap2/built-in.o
 .text.fb_set_reboot_flag
                0x0000000000000000       0x24 arch/arm/mach-omap2/built-in.o
 .text.enable_gpmc_cs_config
                0x0000000000000000       0x6c arch/arm/mach-omap2/built-in.o
 .text.set_gpmc_cs0
                0x0000000000000000       0x18 arch/arm/mach-omap2/built-in.o
 .text.gpmc_init
                0x0000000000000000       0x50 arch/arm/mach-omap2/built-in.o
 .rodata.set_mpu_spreadspectrum.str1.1
                0x0000000000000000       0x31 arch/arm/mach-omap2/built-in.o
 .rodata.cmdpll
                0x0000000000000000        0x4 arch/arm/mach-omap2/built-in.o
 .rodata.cmper  0x0000000000000000        0x4 arch/arm/mach-omap2/built-in.o
 .rodata.cmrtc  0x0000000000000000        0x4 arch/arm/mach-omap2/built-in.o
 .rodata.dpll_core_opp100
                0x0000000000000000       0x10 arch/arm/mach-omap2/built-in.o
 .rodata.dpll_disp_regs
                0x0000000000000000       0x24 arch/arm/mach-omap2/built-in.o
 .rodata.do_disable_clocks.str1.1
                0x0000000000000000       0x2b arch/arm/mach-omap2/built-in.o
 .rodata.print_cpuinfo.str1.1
                0x0000000000000000       0x3d arch/arm/mach-omap2/built-in.o
 .rodata.CSWTCH.9
[...]
Memory Configuration

Name             Origin             Length             Attributes
.sram            0x00000000402f0400 0x000000000001b000
.sdram           0x0000000080a00000 0x0000000000080000
*default*        0x0000000000000000 0xffffffffffffffff

Linker script and memory map


.text           0x00000000402f0400     0xd9d4
                0x00000000402f0400                __start = .
 *(.vectors)
 .vectors       0x00000000402f0400       0x44 arch/arm/lib/built-in.o
                0x00000000402f0400                _start
                0x00000000402f0420                _undefined_instruction
                0x00000000402f0424                _software_interrupt
                0x00000000402f0428                _prefetch_abort
                0x00000000402f042c                _data_abort
                0x00000000402f0430                _not_used
                0x00000000402f0434                _irq
                0x00000000402f0438                _fiq
 arch/arm/cpu/armv7/start.o(.text*)
 .text          0x00000000402f0444       0xb0 arch/arm/cpu/armv7/start.o
                0x00000000402f0444                reset
                0x00000000402f0448                save_boot_params_ret
                0x00000000402f0484                c_runtime_cpu_setup
                0x00000000402f0498                cpu_init_cp15
                0x00000000402f04ec                cpu_init_crit
 *(.text*)
 .text          0x00000000402f04f4       0x60 arch/arm/mach-omap2/built-in.o
                0x00000000402f04f4                save_boot_params
                0x00000000402f0500                omap_smc1
                0x00000000402f051c                omap_smc_sec
 .text.get_dpll_core_params
                0x00000000402f0554       0x14 arch/arm/mach-omap2/built-in.o
                0x00000000402f0554                get_dpll_core_params
 .text.get_dpll_per_params
                0x00000000402f0568       0x14 arch/arm/mach-omap2/built-in.o
                0x00000000402f0568                get_dpll_per_params
 .text.setup_clocks_for_console
                0x00000000402f057c       0x7c arch/arm/mach-omap2/built-in.o
                0x00000000402f057c                setup_clocks_for_console
 .text.enable_basic_clocks
                0x00000000402f05f8       0x44 arch/arm/mach-omap2/built-in.o
                0x00000000402f05f8                enable_basic_clocks
 .text.do_setup_dpll
                0x00000000402f063c       0xe0 arch/arm/mach-omap2/built-in.o
                0x00000000402f063c                do_setup_dpll
 .text.do_enable_clocks
                0x00000000402f071c       0x64 arch/arm/mach-omap2/built-in.o
                0x00000000402f071c                do_enable_clocks
 .text.setup_early_clocks
                0x00000000402f0780       0x12 arch/arm/mach-omap2/built-in.o
                0x00000000402f0780                setup_early_clocks
 *fill*         0x00000000402f0792        0x2 
 .text.prcm_init
                0x00000000402f0794       0x5c arch/arm/mach-omap2/built-in.o
                0x00000000402f0794                prcm_init
 .text.get_sys_clk_index
                0x00000000402f07f0       0x14 arch/arm/mach-omap2/built-in.o
                0x00000000402f07f0                get_sys_clk_index
 .text.am335x_get_efuse_mpu_max_freq
                0x00000000402f0804       0x8c arch/arm/mach-omap2/built-in.o
                0x00000000402f0804                am335x_get_efuse_mpu_max_freq
 .text.am335x_get_tps65910_mpu_vdd
                0x00000000402f0890       0x3c arch/arm/mach-omap2/built-in.o
                0x00000000402f0890                am335x_get_tps65910_mpu_vdd
 .text.configure_mr
                0x00000000402f08cc       0x88 arch/arm/mach-omap2/built-in.o
 .text.config_sdram_emif4d5
                0x00000000402f0954      0x15c arch/arm/mach-omap2/built-in.o
                0x00000000402f0954                config_sdram_emif4d5
 .text.config_sdram
                0x00000000402f0ab0       0x80 arch/arm/mach-omap2/built-in.o
                0x00000000402f0ab0                config_sdram
 .text.set_sdram_timings
                0x00000000402f0b30       0x3c arch/arm/mach-omap2/built-in.o
                0x00000000402f0b30                set_sdram_timings
 .text.config_ddr_phy
                0x00000000402f0b6c      0x1a8 arch/arm/mach-omap2/built-in.o
                0x00000000402f0b6c                config_ddr_phy
 .text.config_cmd_ctrl
                0x00000000402f0d14       0x44 arch/arm/mach-omap2/built-in.o
                0x00000000402f0d14                config_cmd_ctrl
 .text.config_ddr_data
                0x00000000402f0d58       0x4c arch/arm/mach-omap2/built-in.o
                0x00000000402f0d58                config_ddr_data
 .text.config_io_ctrl
                0x00000000402f0da4       0x34 arch/arm/mach-omap2/built-in.o
                0x00000000402f0da4                config_io_ctrl
 .text.ddr_pll_config
                0x00000000402f0dd8        0x2 arch/arm/mach-omap2/built-in.o
                0x00000000402f0dd8                ddr_pll_config
 *fill*         0x00000000402f0dda        0x2 
 .text.config_ddr
                0x00000000402f0ddc       0xb4 arch/arm/mach-omap2/built-in.o
                0x00000000402f0ddc                config_ddr
 .text.am33xx_otg0_set_phy_power
                0x00000000402f0e90       0x20 arch/arm/mach-omap2/built-in.o
 .text.am33xx_otg1_set_phy_power
                0x00000000402f0eb0       0x20 arch/arm/mach-omap2/built-in.o
 .text.dram_init_banksize
                0x00000000402f0ed0       0x18 arch/arm/mach-omap2/built-in.o
                0x00000000402f0ed0                dram_init_banksize
 .text.cpu_mmc_init
                0x00000000402f0ee8       0x28 arch/arm/mach-omap2/built-in.o
                0x00000000402f0ee8                cpu_mmc_init
 .text.arch_misc_init
                0x00000000402f0f10       0x34 arch/arm/mach-omap2/built-in.o
                0x00000000402f0f10                arch_misc_init
 .text.board_early_init_f
                0x00000000402f0f44        0xe arch/arm/mach-omap2/built-in.o
                0x00000000402f0f44                board_early_init_f
 .text.am33xx_spl_board_init
                0x00000000402f0f52        0x2 arch/arm/mach-omap2/built-in.o
                0x00000000402f0f52                am33xx_spl_board_init
 .text.s_init   0x00000000402f0f54        0x2 arch/arm/mach-omap2/built-in.o
                0x00000000402f0f54                s_init
 *fill*         0x00000000402f0f56        0x2 
 .text.early_system_init
                0x00000000402f0f58       0x9c arch/arm/mach-omap2/built-in.o
                0x00000000402f0f58                early_system_init
 .text.board_init_f
                0x00000000402f0ff4       0x24 arch/arm/mach-omap2/built-in.o
                0x00000000402f0ff4                board_init_f
 .text.configure_module_pin_mux
                0x00000000402f1018       0x20 arch/arm/mach-omap2/built-in.o
                0x00000000402f1018                configure_module_pin_mux
 .text.hw_data_init
                0x00000000402f1038       0x14 arch/arm/mach-omap2/built-in.o
                0x00000000402f1038                hw_data_init
 .text.reset_cpu
                0x00000000402f104c       0x10 arch/arm/mach-omap2/built-in.o
                0x00000000402f104c                reset_cpu
 .text.timer_init
                0x00000000402f105c       0x18 arch/arm/mach-omap2/built-in.o
                0x00000000402f105c                timer_init
 .text.__udelay
                0x00000000402f1074       0x34 arch/arm/mach-omap2/built-in.o
                0x00000000402f1074                __udelay
 .text.get_timer_masked
                0x00000000402f10a8       0x58 arch/arm/mach-omap2/built-in.o
                0x00000000402f10a8                get_timer_masked
 .text.get_timer
                0x00000000402f1100        0xc arch/arm/mach-omap2/built-in.o
                0x00000000402f1100                get_timer
 .text.omap_sys_boot_device
                0x00000000402f110c        0x4 arch/arm/mach-omap2/built-in.o
                0x00000000402f110c                omap_sys_boot_device
 .text.save_omap_boot_params
                0x00000000402f1110       0x78 arch/arm/mach-omap2/built-in.o
                0x00000000402f1110                save_omap_boot_params
 .text.spl_boot_device
                0x00000000402f1188        0x6 arch/arm/mach-omap2/built-in.o
                0x00000000402f1188                spl_boot_device
 .text.spl_boot_mode
                0x00000000402f118e        0x6 arch/arm/mach-omap2/built-in.o
                0x00000000402f118e                spl_boot_mode
 .text.spl_board_init
                0x00000000402f1194       0x24 arch/arm/mach-omap2/built-in.o
                0x00000000402f1194                spl_board_init
 .text.jump_to_image_no_args
                0x00000000402f11b8       0x10 arch/arm/mach-omap2/built-in.o
                0x00000000402f11b8                jump_to_image_no_args
 .text          0x00000000402f11c8      0x158 arch/arm/cpu/armv7/built-in.o
                0x00000000402f11c8                __v7_flush_dcache_all
                0x00000000402f1264                v7_flush_dcache_all
                0x00000000402f1274                __v7_invalidate_dcache_all
                0x00000000402f1310                v7_invalidate_dcache_all
 .text.invalidate_icache_all
                0x00000000402f1320       0x14 arch/arm/cpu/armv7/built-in.o
                0x00000000402f1320                invalidate_icache_all
 .text.v7_outer_cache_disable
                0x00000000402f1334        0x2 arch/arm/cpu/armv7/built-in.o
                0x00000000402f1334                v7_outer_cache_disable
 .text.v7_outer_cache_flush_all
                0x00000000402f1336        0x2 arch/arm/cpu/armv7/built-in.o
                0x00000000402f1336                v7_outer_cache_flush_all
 .text.flush_dcache_all
                0x00000000402f1338        0xe arch/arm/cpu/armv7/built-in.o
                0x00000000402f1338                flush_dcache_all
 .text.v7_outer_cache_inval_all
                0x00000000402f1346        0x2 arch/arm/cpu/armv7/built-in.o
                0x00000000402f1346                v7_outer_cache_inval_all
 .text.invalidate_dcache_all
                0x00000000402f1348        0xe arch/arm/cpu/armv7/built-in.o
                0x00000000402f1348                invalidate_dcache_all
 .text.v7_outer_cache_flush_range
                0x00000000402f1356        0x2 arch/arm/cpu/armv7/built-in.o
                0x00000000402f1356                v7_outer_cache_flush_range
 .text.flush_dcache_range
                0x00000000402f1358       0x38 arch/arm/cpu/armv7/built-in.o
                0x00000000402f1358                flush_dcache_range
 .text.cpu_cache_initialization
                0x00000000402f1390        0x2 arch/arm/cpu/armv7/built-in.o
                0x00000000402f1390                cpu_cache_initialization
 .text.cleanup_before_linux_select
                0x00000000402f1392       0x38 arch/arm/cpu/armv7/built-in.o
                0x00000000402f1392                cleanup_before_linux_select
 .text.cleanup_before_linux
                0x00000000402f13ca        0x6 arch/arm/cpu/armv7/built-in.o
                0x00000000402f13ca                cleanup_before_linux
 .text.wait_on_value
                0x00000000402f13d0       0x1e arch/arm/cpu/armv7/built-in.o
                0x00000000402f13d0                wait_on_value
 *fill*         0x00000000402f13ee        0x2 
 .text.lowlevel_init
                0x00000000402f13f0       0x1c arch/arm/cpu/armv7/built-in.o
                0x00000000402f13f0                lowlevel_init
 *fill*         0x00000000402f140c       0x14 
 .text          0x00000000402f1420      0x400 arch/arm/lib/built-in.o
                0x00000000402f1420                _main
                0x00000000402f14a0                memset
                0x00000000402f1540                memcpy
 .text.jump_to_image_linux
                0x00000000402f1820       0x14 arch/arm/lib/built-in.o
                0x00000000402f1820                jump_to_image_linux
 .text.bootz_setup
                0x00000000402f1834       0x6c arch/arm/lib/built-in.o
                0x00000000402f1834                bootz_setup
 .text.arch_fixup_fdt
                0x00000000402f18a0       0x24 arch/arm/lib/built-in.o
                0x00000000402f18a0                arch_fixup_fdt
 .text.disable_interrupts
                0x00000000402f18c4        0x4 arch/arm/lib/built-in.o
                0x00000000402f18c4                disable_interrupts
 .text.reset_misc
                0x00000000402f18c8        0x2 arch/arm/lib/built-in.o
                0x00000000402f18c8                reset_misc
 *fill*         0x00000000402f18ca        0x2 
 .text.do_reset
                0x00000000402f18cc       0x28 arch/arm/lib/built-in.o
                0x00000000402f18cc                do_reset
 .text.check_cache_range
                0x00000000402f18f4        0xe arch/arm/lib/built-in.o
                0x00000000402f18f4                check_cache_range
 .text.icache_enable
                0x00000000402f1902       0x12 arch/arm/lib/built-in.o
                0x00000000402f1902                icache_enable
 .text.icache_disable
                0x00000000402f1914       0x16 arch/arm/lib/built-in.o
                0x00000000402f1914                icache_disable
 .text.dcache_disable
                0x00000000402f192a       0x20 arch/arm/lib/built-in.o
                0x00000000402f192a                dcache_disable
 *fill*         0x00000000402f194a        0x2 
 .text.enable_uart0_pin_mux
                0x00000000402f194c        0xc board/ti/am335x/built-in.o
                0x00000000402f194c                enable_uart0_pin_mux
 .text.enable_i2c0_pin_mux
                0x00000000402f1958        0xc board/ti/am335x/built-in.o
                0x00000000402f1958                enable_i2c0_pin_mux
 .text.enable_board_pin_mux
                0x00000000402f1964      0x158 board/ti/am335x/built-in.o
                0x00000000402f1964                enable_board_pin_mux
 .text.bone_not_connected_to_ac_power.part.0
                0x00000000402f1abc       0x28 board/ti/am335x/built-in.o
 .text.do_board_detect
                0x00000000402f1ae4       0x2c board/ti/am335x/built-in.o
                0x00000000402f1ae4                do_board_detect
 .text.spl_start_uboot
                0x00000000402f1b10       0x30 board/ti/am335x/built-in.o
                0x00000000402f1b10                spl_start_uboot
 .text.get_dpll_ddr_params
                0x00000000402f1b40       0x90 board/ti/am335x/built-in.o
                0x00000000402f1b40                get_dpll_ddr_params
 .text.get_dpll_mpu_params
                0x00000000402f1bd0       0xb4 board/ti/am335x/built-in.o
                0x00000000402f1bd0                get_dpll_mpu_params
 .text.scale_vcores_generic
                0x00000000402f1c84       0x40 board/ti/am335x/built-in.o
                0x00000000402f1c84                scale_vcores_generic
 .text.gpi2c_init
                0x00000000402f1cc4       0x24 board/ti/am335x/built-in.o
                0x00000000402f1cc4                gpi2c_init
 .text.scale_vcores
                0x00000000402f1ce8      0x140 board/ti/am335x/built-in.o
                0x00000000402f1ce8                scale_vcores
 .text.set_uart_mux_conf
                0x00000000402f1e28        0x4 board/ti/am335x/built-in.o
                0x00000000402f1e28                set_uart_mux_conf
 .text.set_mux_conf_regs
                0x00000000402f1e2c        0x4 board/ti/am335x/built-in.o
                0x00000000402f1e2c                set_mux_conf_regs
 .text.sdram_init
                0x00000000402f1e30      0x16c board/ti/am335x/built-in.o
                0x00000000402f1e30                sdram_init
 .text.ti_eeprom_string_cleanup
                0x00000000402f1f9c       0x22 board/ti/common/built-in.o
 .text.ti_i2c_eeprom_get
                0x00000000402f1fbe       0xa2 board/ti/common/built-in.o
 .text.ti_i2c_eeprom_am_get
                0x00000000402f2060       0xc0 board/ti/common/built-in.o
                0x00000000402f2060                ti_i2c_eeprom_am_get
 .text.board_ti_is
                0x00000000402f2120       0x30 board/ti/common/built-in.o
                0x00000000402f2120                board_ti_is
 .text.board_ti_get_rev
                0x00000000402f2150        0x8 board/ti/common/built-in.o
                0x00000000402f2150                board_ti_get_rev
 .text.board_ti_get_config
                0x00000000402f2158        0x8 board/ti/common/built-in.o
                0x00000000402f2158                board_ti_get_config
 .text.show_boot_progress
                0x00000000402f2160        0x2 common/spl/built-in.o
                0x00000000402f2160                show_boot_progress
 *fill*         0x00000000402f2162        0x2 
 .text.spl_fixup_fdt
                0x00000000402f2164       0x50 common/spl/built-in.o
                0x00000000402f2164                spl_fixup_fdt
 .text.spl_board_prepare_for_linux
                0x00000000402f21b4        0x2 common/spl/built-in.o
                0x00000000402f21b4                spl_board_prepare_for_linux
 .text.spl_board_prepare_for_boot
                0x00000000402f21b6        0x2 common/spl/built-in.o
                0x00000000402f21b6                spl_board_prepare_for_boot
 .text.spl_set_header_raw_uboot
                0x00000000402f21b8       0x20 common/spl/built-in.o
                0x00000000402f21b8                spl_set_header_raw_uboot
 .text.spl_parse_image_header
                0x00000000402f21d8       0x78 common/spl/built-in.o
                0x00000000402f21d8                spl_parse_image_header
 .text.spl_set_bd
                0x00000000402f2250       0x14 common/spl/built-in.o
                0x00000000402f2250                spl_set_bd
 .text.spl_early_init
                0x00000000402f2264       0x2c common/spl/built-in.o
                0x00000000402f2264                spl_early_init
 .text.spl_init
                0x00000000402f2290       0x2c common/spl/built-in.o
                0x00000000402f2290                spl_init
 .text.board_boot_order
                0x00000000402f22bc        0xc common/spl/built-in.o
                0x00000000402f22bc                board_boot_order
 .text.board_init_r
                0x00000000402f22c8       0xe4 common/spl/built-in.o
                0x00000000402f22c8                board_init_r
 .text.preloader_console_init
                0x00000000402f23ac       0x24 common/spl/built-in.o
                0x00000000402f23ac                preloader_console_init
 .text.spl_relocate_stack_gd
                0x00000000402f23d0       0x34 common/spl/built-in.o
                0x00000000402f23d0                spl_relocate_stack_gd
 .text.spl_ymodem_load_image
                0x00000000402f2404       0xa4 common/spl/built-in.o
 .text.getcymodem
                0x00000000402f24a8       0x16 common/spl/built-in.o
 *fill*         0x00000000402f24be        0x2 
 .text.mmc_load_image_raw_sector
                0x00000000402f24c0       0x68 common/spl/built-in.o
 .text.spl_mmc_load_image
                0x00000000402f2528      0x190 common/spl/built-in.o
                0x00000000402f2528                spl_mmc_load_image
 .text.spl_load_image_fat
                0x00000000402f26b8       0x84 common/spl/built-in.o
                0x00000000402f26b8                spl_load_image_fat
 .text.spl_load_image_fat_os
                0x00000000402f273c       0xe4 common/spl/built-in.o
                0x00000000402f273c                spl_load_image_fat_os
 .text.spl_load_image_ext
                0x00000000402f2820       0xdc common/spl/built-in.o
                0x00000000402f2820                spl_load_image_ext
 .text.spl_load_image_ext_os
                0x00000000402f28fc      0x130 common/spl/built-in.o
                0x00000000402f28fc                spl_load_image_ext_os
 .text.board_init_f_alloc_reserve
                0x00000000402f2a2c        0xa common/init/built-in.o
                0x00000000402f2a2c                board_init_f_alloc_reserve
 .text.board_init_f_init_reserve
                0x00000000402f2a36       0x14 common/init/built-in.o
                0x00000000402f2a36                board_init_f_init_reserve
 .text.CYGACC_COMM_IF_GETC_TIMEOUT.isra.0
                0x00000000402f2a4a       0x2e common/built-in.o
 .text.xyzModem_flush
                0x00000000402f2a78       0x14 common/built-in.o
 .text.xyzModem_get_hdr
                0x00000000402f2a8c      0x16c common/built-in.o
 .text.xyzModem_stream_open
                0x00000000402f2bf8      0x16c common/built-in.o
                0x00000000402f2bf8                xyzModem_stream_open
 .text.xyzModem_stream_read
                0x00000000402f2d64      0x1a8 common/built-in.o
                0x00000000402f2d64                xyzModem_stream_read
 .text.xyzModem_stream_close
                0x00000000402f2f0c       0x40 common/built-in.o
                0x00000000402f2f0c                xyzModem_stream_close
 .text.xyzModem_stream_terminate
                0x00000000402f2f4c       0x68 common/built-in.o
                0x00000000402f2f4c                xyzModem_stream_terminate
 .text.xyzModem_error
                0x00000000402f2fb4       0x18 common/built-in.o
                0x00000000402f2fb4                xyzModem_error
 .text.fdt_find_or_add_subnode
                0x00000000402f2fcc       0x40 common/built-in.o
                0x00000000402f2fcc                fdt_find_or_add_subnode
 .text.fdt_fixup_memory_banks
                0x00000000402f300c      0x160 common/built-in.o
                0x00000000402f300c                fdt_fixup_memory_banks
 .text.fdt_shrink_to_minimum
                0x00000000402f316c       0x8c common/built-in.o
                0x00000000402f316c                fdt_shrink_to_minimum
 .text.putc     0x00000000402f31f8       0x24 common/built-in.o
                0x00000000402f31f8                putc
 .text.puts     0x00000000402f321c       0x24 common/built-in.o
                0x00000000402f321c                puts
 .text.fgetc    0x00000000402f3240       0x18 common/built-in.o
                0x00000000402f3240                fgetc
 .text.getc     0x00000000402f3258       0x1a common/built-in.o
                0x00000000402f3258                getc
 *fill*         0x00000000402f3272        0x2 
 .text.ftstc    0x00000000402f3274       0x18 common/built-in.o
                0x00000000402f3274                ftstc
 .text.tstc     0x00000000402f328c       0x1a common/built-in.o
                0x00000000402f328c                tstc
 *fill*         0x00000000402f32a6        0x2 
 .text.mem_malloc_init
                0x00000000402f32a8       0x28 common/built-in.o
                0x00000000402f32a8                mem_malloc_init
 .text.malloc_simple
                0x00000000402f32d0       0x28 common/built-in.o
                0x00000000402f32d0                malloc_simple
 .text.memalign_simple
                0x00000000402f32f8       0x32 common/built-in.o
                0x00000000402f32f8                memalign_simple
 .text.calloc   0x00000000402f332a       0x18 common/built-in.o
                0x00000000402f332a                calloc
 .text.get_ram_size
                0x00000000402f3342       0x9c common/built-in.o
                0x00000000402f3342                get_ram_size
 .text.envmatch
                0x00000000402f33de       0x44 cmd/built-in.o
                0x00000000402f33de                envmatch
 *fill*         0x00000000402f3422        0x2 
 .text.env_get_f
                0x00000000402f3424       0x84 cmd/built-in.o
                0x00000000402f3424                env_get_f
 .text.env_get  0x00000000402f34a8       0x54 cmd/built-in.o
                0x00000000402f34a8                env_get
 .text.env_get_yesno
                0x00000000402f34fc       0x2a env/built-in.o
                0x00000000402f34fc                env_get_yesno
 .text.env_get_default
                0x00000000402f3526       0x2a env/built-in.o
                0x00000000402f3526                env_get_default
 .text.set_default_env
                0x00000000402f3550       0x70 env/built-in.o
                0x00000000402f3550                set_default_env
 .text.env_import
                0x00000000402f35c0       0x80 env/built-in.o
                0x00000000402f35c0                env_import
 .text.env_import_redund
                0x00000000402f3640       0xf0 env/built-in.o
                0x00000000402f3640                env_import_redund
 .text.env_get_location
                0x00000000402f3730       0x28 env/built-in.o
                0x00000000402f3730                env_get_location
 .text.env_driver_lookup
                0x00000000402f3758       0x28 env/built-in.o
 .text.env_get_char_spec
                0x00000000402f3780        0x8 env/built-in.o
                0x00000000402f3780                env_get_char_spec
 .text.env_get_char
                0x00000000402f3788       0x14 env/built-in.o
                0x00000000402f3788                env_get_char
 .text.env_load
                0x00000000402f379c       0x60 env/built-in.o
                0x00000000402f379c                env_load
 .text.env_init
                0x00000000402f37fc       0x58 env/built-in.o
                0x00000000402f37fc                env_init
 .text.regex_callback
                0x00000000402f3854       0xc4 env/built-in.o
 .text.env_attr_walk
                0x00000000402f3918       0xa4 env/built-in.o
                0x00000000402f3918                env_attr_walk
 .text.env_attr_lookup
                0x00000000402f39bc       0x40 env/built-in.o
                0x00000000402f39bc                env_attr_lookup
 .text.skip_num
                0x00000000402f39fc       0x3c env/built-in.o
 .text.env_flags_parse_vartype
                0x00000000402f3a38       0x30 env/built-in.o
                0x00000000402f3a38                env_flags_parse_vartype
 .text.env_flags_parse_varaccess
                0x00000000402f3a68       0x30 env/built-in.o
                0x00000000402f3a68                env_flags_parse_varaccess
 .text.eth_validate_ethaddr_str
                0x00000000402f3a98       0x50 env/built-in.o
                0x00000000402f3a98                eth_validate_ethaddr_str
 .text.env_flags_init
                0x00000000402f3ae8       0x90 env/built-in.o
                0x00000000402f3ae8                env_flags_init
 .text.env_flags_validate
                0x00000000402f3b78      0x188 env/built-in.o
                0x00000000402f3b78                env_flags_validate
 .text.env_callback_init
                0x00000000402f3d00       0x98 env/built-in.o
                0x00000000402f3d00                env_callback_init
 .text.mmc_get_env_addr
                0x00000000402f3d98       0x14 env/built-in.o
                0x00000000402f3d98                mmc_get_env_addr
 .text.mmc_get_env_dev
                0x00000000402f3dac        0x4 env/built-in.o
                0x00000000402f3dac                mmc_get_env_dev
 .text.fini_mmc_for_env.isra.0
                0x00000000402f3db0       0x1c env/built-in.o
 .text.mmc_get_env_part
                0x00000000402f3dcc        0x4 env/built-in.o
                0x00000000402f3dcc                mmc_get_env_part
 .text.env_mmc_load
                0x00000000402f3dd0      0x174 env/built-in.o
 .text.env_fat_load
                0x00000000402f3f44       0xa0 env/built-in.o
 .text.fdt_check_header
                0x00000000402f3fe4       0x4c lib/built-in.o
                0x00000000402f3fe4                fdt_check_header
 .text.fdt_offset_ptr
                0x00000000402f4030       0x32 lib/built-in.o
                0x00000000402f4030                fdt_offset_ptr
 *fill*         0x00000000402f4062        0x2 
 .text.fdt_next_tag
                0x00000000402f4064       0xa4 lib/built-in.o
                0x00000000402f4064                fdt_next_tag
 .text._fdt_check_node_offset
                0x00000000402f4108       0x24 lib/built-in.o
                0x00000000402f4108                _fdt_check_node_offset
 .text._fdt_check_prop_offset
                0x00000000402f412c       0x24 lib/built-in.o
                0x00000000402f412c                _fdt_check_prop_offset
 .text.fdt_next_node
                0x00000000402f4150       0x6e lib/built-in.o
                0x00000000402f4150                fdt_next_node
 .text._fdt_find_string
                0x00000000402f41be       0x30 lib/built-in.o
                0x00000000402f41be                _fdt_find_string
 *fill*         0x00000000402f41ee        0x2 
 .text.fdt_strerror
                0x00000000402f41f0       0x3c lib/built-in.o
                0x00000000402f41f0                fdt_strerror
 .text._fdt_blocks_misordered
                0x00000000402f422c       0x36 lib/built-in.o
 .text._fdt_splice
                0x00000000402f4262       0x4a lib/built-in.o
 .text._fdt_splice_mem_rsv
                0x00000000402f42ac       0x2e lib/built-in.o
 .text._fdt_splice_struct
                0x00000000402f42da       0x26 lib/built-in.o
 .text._fdt_add_property
                0x00000000402f4300       0xb4 lib/built-in.o
 .text._fdt_rw_check_header
                0x00000000402f43b4       0x38 lib/built-in.o
 .text.fdt_add_mem_rsv
                0x00000000402f43ec       0x56 lib/built-in.o
                0x00000000402f43ec                fdt_add_mem_rsv
 .text.fdt_del_mem_rsv
                0x00000000402f4442       0x3c lib/built-in.o
                0x00000000402f4442                fdt_del_mem_rsv
 .text.fdt_setprop_placeholder
                0x00000000402f447e       0x6e lib/built-in.o
                0x00000000402f447e                fdt_setprop_placeholder
 .text.fdt_setprop
                0x00000000402f44ec       0x26 lib/built-in.o
                0x00000000402f44ec                fdt_setprop
 .text.fdt_add_subnode_namelen
                0x00000000402f4512       0x98 lib/built-in.o
                0x00000000402f4512                fdt_add_subnode_namelen
 .text.fdt_add_subnode
                0x00000000402f45aa       0x1e lib/built-in.o
                0x00000000402f45aa                fdt_add_subnode
 .text.fdt_address_cells
                0x00000000402f45c8       0x34 lib/built-in.o
                0x00000000402f45c8                fdt_address_cells
 .text.fdt_size_cells
                0x00000000402f45fc       0x34 lib/built-in.o
                0x00000000402f45fc                fdt_size_cells
 .text._nextprop
                0x00000000402f4630       0x32 lib/built-in.o
 .text.fdt_string
                0x00000000402f4662        0xa lib/built-in.o
                0x00000000402f4662                fdt_string
 .text.fdt_get_mem_rsv
                0x00000000402f466c       0x38 lib/built-in.o
                0x00000000402f466c                fdt_get_mem_rsv
 .text.fdt_num_mem_rsv
                0x00000000402f46a4       0x20 lib/built-in.o
                0x00000000402f46a4                fdt_num_mem_rsv
 .text.fdt_subnode_offset_namelen
                0x00000000402f46c4       0x84 lib/built-in.o
                0x00000000402f46c4                fdt_subnode_offset_namelen
 .text.fdt_subnode_offset
                0x00000000402f4748       0x1e lib/built-in.o
                0x00000000402f4748                fdt_subnode_offset
 .text.fdt_get_name
                0x00000000402f4766       0x3e lib/built-in.o
                0x00000000402f4766                fdt_get_name
 .text.fdt_first_property_offset
                0x00000000402f47a4       0x18 lib/built-in.o
                0x00000000402f47a4                fdt_first_property_offset
 .text.fdt_next_property_offset
                0x00000000402f47bc       0x18 lib/built-in.o
                0x00000000402f47bc                fdt_next_property_offset
 .text.fdt_get_property_by_offset
                0x00000000402f47d4       0x30 lib/built-in.o
                0x00000000402f47d4                fdt_get_property_by_offset
 .text.fdt_get_property_namelen
                0x00000000402f4804       0x7c lib/built-in.o
                0x00000000402f4804                fdt_get_property_namelen
 .text.fdt_get_property
                0x00000000402f4880       0x22 lib/built-in.o
                0x00000000402f4880                fdt_get_property
 .text.fdt_getprop_namelen
                0x00000000402f48a2       0x12 lib/built-in.o
                0x00000000402f48a2                fdt_getprop_namelen
 .text.fdt_getprop
                0x00000000402f48b4       0x22 lib/built-in.o
                0x00000000402f48b4                fdt_getprop
 *fill*         0x00000000402f48d6        0x2 
 .text.crc16_ccitt
                0x00000000402f48d8       0x24 lib/built-in.o
                0x00000000402f48d8                crc16_ccitt
 .text.drop_var_from_set.part.0
                0x00000000402f48fc       0x30 lib/built-in.o
 .text.hcreate_r
                0x00000000402f492c       0x58 lib/built-in.o
                0x00000000402f492c                hcreate_r
 .text.hdestroy_r
                0x00000000402f4984       0x14 lib/built-in.o
                0x00000000402f4984                hdestroy_r
 .text.hsearch_r
                0x00000000402f4998      0x2a0 lib/built-in.o
                0x00000000402f4998                hsearch_r
 .text.hdelete_r
                0x00000000402f4c38       0xa0 lib/built-in.o
                0x00000000402f4c38                hdelete_r
 .text.himport_r
                0x00000000402f4cd8      0x220 lib/built-in.o
                0x00000000402f4cd8                himport_r
 .text.crc32_no_comp
                0x00000000402f4ef8       0x90 lib/built-in.o
                0x00000000402f4ef8                crc32_no_comp
 .text.crc32    0x00000000402f4f88        0xc lib/built-in.o
                0x00000000402f4f88                crc32
 .text.__div64_32
                0x00000000402f4f94       0x8e lib/built-in.o
                0x00000000402f4f94                __div64_32
 *fill*         0x00000000402f5022        0x2 
 .text.hang     0x00000000402f5024       0x18 lib/built-in.o
                0x00000000402f5024                hang
 .text.kmalloc  0x00000000402f503c       0x20 lib/built-in.o
                0x00000000402f503c                kmalloc
 .text.skip_spaces
                0x00000000402f505c       0x18 lib/built-in.o
                0x00000000402f505c                skip_spaces
 .text.strim    0x00000000402f5074       0x34 lib/built-in.o
                0x00000000402f5074                strim
 .text.emit     0x00000000402f50a8       0x20 lib/built-in.o
 .text.store_char_in_data
                0x00000000402f50c8       0x24 lib/built-in.o
 .text.get_escape_char
                0x00000000402f50ec       0x54 lib/built-in.o
 .text.relocate
                0x00000000402f5140       0x2a lib/built-in.o
 *fill*         0x00000000402f516a        0x2 
 .text.match    0x00000000402f516c      0x268 lib/built-in.o
 .text.loop_greedy
                0x00000000402f53d4       0x56 lib/built-in.o
 .text.loop_non_greedy
                0x00000000402f542a       0x52 lib/built-in.o
 .text.quantifier
                0x00000000402f547c       0x5c lib/built-in.o
 .text.fixup_branch
                0x00000000402f54d8       0x28 lib/built-in.o
 .text.compile  0x00000000402f5500      0x240 lib/built-in.o
 .text.slre_compile
                0x00000000402f5740       0x8c lib/built-in.o
                0x00000000402f5740                slre_compile
 .text.slre_match
                0x00000000402f57cc       0x5a lib/built-in.o
                0x00000000402f57cc                slre_match
 *fill*         0x00000000402f5826        0x2 
 .text.strncasecmp
                0x00000000402f5828       0x44 lib/built-in.o
                0x00000000402f5828                strncasecmp
 .text.strcpy   0x00000000402f586c       0x10 lib/built-in.o
                0x00000000402f586c                strcpy
 .text.strncpy  0x00000000402f587c       0x18 lib/built-in.o
                0x00000000402f587c                strncpy
 .text.strcat   0x00000000402f5894       0x1e lib/built-in.o
                0x00000000402f5894                strcat
 .text.strcmp   0x00000000402f58b2       0x16 lib/built-in.o
                0x00000000402f58b2                strcmp
 .text.strncmp  0x00000000402f58c8       0x22 lib/built-in.o
                0x00000000402f58c8                strncmp
 .text.strchr   0x00000000402f58ea       0x18 lib/built-in.o
                0x00000000402f58ea                strchr
 .text.strlen   0x00000000402f5902       0x10 lib/built-in.o
                0x00000000402f5902                strlen
 .text.strlcpy  0x00000000402f5912       0x2e lib/built-in.o
                0x00000000402f5912                strlcpy
 .text.strnlen  0x00000000402f5940       0x1a lib/built-in.o
                0x00000000402f5940                strnlen
 .text.strdup   0x00000000402f595a       0x22 lib/built-in.o
                0x00000000402f595a                strdup
 .text.memmove  0x00000000402f597c       0x26 lib/built-in.o
                0x00000000402f597c                memmove
 .text.memcmp   0x00000000402f59a2       0x1a lib/built-in.o
                0x00000000402f59a2                memcmp
 .text.memchr   0x00000000402f59bc       0x1c lib/built-in.o
                0x00000000402f59bc                memchr
 .text.udelay   0x00000000402f59d8       0x24 lib/built-in.o
                0x00000000402f59d8                udelay
 .text.uuid_bin_to_str
                0x00000000402f59fc       0x78 lib/built-in.o
                0x00000000402f59fc                uuid_bin_to_str
 .text.panic_finish
                0x00000000402f5a74       0x20 lib/built-in.o
 .text.panic_str
                0x00000000402f5a94        0xa lib/built-in.o
                0x00000000402f5a94                panic_str
 .text.panic    0x00000000402f5a9e       0x14 lib/built-in.o
                0x00000000402f5a9e                panic
 .text.putc_outstr
                0x00000000402f5ab2        0xa lib/built-in.o
 .text.putc_normal
                0x00000000402f5abc        0x6 lib/built-in.o
 .text.div_out  0x00000000402f5ac2       0x34 lib/built-in.o
 *fill*         0x00000000402f5af6        0x2 
 .text._vprintf
                0x00000000402f5af8      0x208 lib/built-in.o
 .text.vprintf  0x00000000402f5d00       0x1c lib/built-in.o
                0x00000000402f5d00                vprintf
 .text.printf   0x00000000402f5d1c       0x24 lib/built-in.o
                0x00000000402f5d1c                printf
 .text.sprintf  0x00000000402f5d40       0x2c lib/built-in.o
                0x00000000402f5d40                sprintf
 .text.snprintf
                0x00000000402f5d6c       0x2c lib/built-in.o
                0x00000000402f5d6c                snprintf
 .text._parse_integer_fixup_radix
                0x00000000402f5d98       0x5c lib/built-in.o
 .text.simple_strtoul
                0x00000000402f5df4       0x50 lib/built-in.o
                0x00000000402f5df4                simple_strtoul
 .text.part_driver_lookup_type
                0x00000000402f5e44       0x44 disk/built-in.o
 .text.part_init
                0x00000000402f5e88       0x2c disk/built-in.o
                0x00000000402f5e88                part_init
 .text.part_get_info
                0x00000000402f5eb4       0x36 disk/built-in.o
                0x00000000402f5eb4                part_get_info
 *fill*         0x00000000402f5eea        0x2 
 .text.part_get_info_whole_disk
                0x00000000402f5eec       0x38 disk/built-in.o
                0x00000000402f5eec                part_get_info_whole_disk
 .text.blk_get_device_by_str
                0x00000000402f5f24       0xc0 disk/built-in.o
                0x00000000402f5f24                blk_get_device_by_str
 .text.blk_get_device_part_str
                0x00000000402f5fe4      0x22c disk/built-in.o
                0x00000000402f5fe4                blk_get_device_part_str
 .text.part_set_generic_name
                0x00000000402f6210       0x34 disk/built-in.o
                0x00000000402f6210                part_set_generic_name
 .text.test_block_type
                0x00000000402f6244       0x4c disk/built-in.o
 .text.part_test_dos
                0x00000000402f6290       0x40 disk/built-in.o
 .text.part_get_info_extended
                0x00000000402f62d0      0x1c4 disk/built-in.o
 .text.part_get_info_dos
                0x00000000402f6494       0x1a disk/built-in.o
                0x00000000402f6494                part_get_info_dos
 *fill*         0x00000000402f64ae        0x2 
 .text.print_efiname
                0x00000000402f64b0       0x3c disk/built-in.o
 .text.part_test_efi
                0x00000000402f64ec       0x78 disk/built-in.o
 .text.validate_gpt_entries
                0x00000000402f6564       0x80 disk/built-in.o
 *fill*         0x00000000402f65e4        0x4 
 .text.validate_gpt_header
                0x00000000402f65e8      0x1a0 disk/built-in.o
 .text.is_gpt_valid
                0x00000000402f6788      0x1b4 disk/built-in.o
 .text.is_pte_valid
                0x00000000402f693c       0x38 disk/built-in.o
 .text.part_get_info_efi
                0x00000000402f6974      0x16c disk/built-in.o
                0x00000000402f6974                part_get_info_efi
 .text.device_bind_common.isra.0
                0x00000000402f6ae0      0x166 drivers/built-in.o
 .text.alloc_priv
                0x00000000402f6c46       0x38 drivers/built-in.o
 .text.device_bind_by_name
                0x00000000402f6c7e       0x44 drivers/built-in.o
                0x00000000402f6c7e                device_bind_by_name
 .text.device_probe
                0x00000000402f6cc2      0x10a drivers/built-in.o
                0x00000000402f6cc2                device_probe
 .text.dev_get_platdata
                0x00000000402f6dcc        0x6 drivers/built-in.o
                0x00000000402f6dcc                dev_get_platdata
 .text.dev_get_priv
                0x00000000402f6dd2        0x6 drivers/built-in.o
                0x00000000402f6dd2                dev_get_priv
 .text.dev_get_uclass_priv
                0x00000000402f6dd8        0x6 drivers/built-in.o
                0x00000000402f6dd8                dev_get_uclass_priv
 .text.devfdt_get_addr
                0x00000000402f6dde        0x6 drivers/built-in.o
                0x00000000402f6dde                devfdt_get_addr
 .text.lists_driver_lookup_name
                0x00000000402f6de4       0x2c drivers/built-in.o
                0x00000000402f6de4                lists_driver_lookup_name
 .text.lists_uclass_lookup
                0x00000000402f6e10       0x20 drivers/built-in.o
                0x00000000402f6e10                lists_uclass_lookup
 .text.lists_bind_drivers
                0x00000000402f6e30       0x48 drivers/built-in.o
                0x00000000402f6e30                lists_bind_drivers
 .text.dm_fixup_for_gd_move
                0x00000000402f6e78       0x14 drivers/built-in.o
                0x00000000402f6e78                dm_fixup_for_gd_move
 .text.dm_init  0x00000000402f6e8c       0x38 drivers/built-in.o
                0x00000000402f6e8c                dm_init
 .text.dm_scan_platdata
                0x00000000402f6ec4       0x16 drivers/built-in.o
                0x00000000402f6ec4                dm_scan_platdata
 .text.dm_scan_other
                0x00000000402f6eda        0x4 drivers/built-in.o
                0x00000000402f6eda                dm_scan_other
 .text.dm_init_and_scan
                0x00000000402f6ede       0x20 drivers/built-in.o
                0x00000000402f6ede                dm_init_and_scan
 .text.uclass_find
                0x00000000402f6efe       0x2e drivers/built-in.o
                0x00000000402f6efe                uclass_find
 .text.uclass_get
                0x00000000402f6f2c       0x94 drivers/built-in.o
                0x00000000402f6f2c                uclass_get
 .text.uclass_find_device
                0x00000000402f6fc0       0x42 drivers/built-in.o
                0x00000000402f6fc0                uclass_find_device
 .text.uclass_find_first_device
                0x00000000402f7002       0x22 drivers/built-in.o
                0x00000000402f7002                uclass_find_first_device
 .text.uclass_find_next_device
                0x00000000402f7024       0x18 drivers/built-in.o
                0x00000000402f7024                uclass_find_next_device
 .text.uclass_find_device_by_seq
                0x00000000402f703c       0x4c drivers/built-in.o
                0x00000000402f703c                uclass_find_device_by_seq
 .text.uclass_get_device_tail
                0x00000000402f7088       0x16 drivers/built-in.o
                0x00000000402f7088                uclass_get_device_tail
 .text.uclass_get_device
                0x00000000402f709e       0x1c drivers/built-in.o
                0x00000000402f709e                uclass_get_device
 .text.uclass_get_device_by_seq
                0x00000000402f70ba       0x34 drivers/built-in.o
                0x00000000402f70ba                uclass_get_device_by_seq
 .text.uclass_first_device
                0x00000000402f70ee       0x1e drivers/built-in.o
                0x00000000402f70ee                uclass_first_device
 .text.uclass_next_device
                0x00000000402f710c       0x22 drivers/built-in.o
                0x00000000402f710c                uclass_next_device
 .text.uclass_bind_device
                0x00000000402f712e       0x3a drivers/built-in.o
                0x00000000402f712e                uclass_bind_device
 .text.uclass_resolve_seq
                0x00000000402f7168       0x52 drivers/built-in.o
                0x00000000402f7168                uclass_resolve_seq
 .text.uclass_pre_probe_device
                0x00000000402f71ba       0x2e drivers/built-in.o
                0x00000000402f71ba                uclass_pre_probe_device
 .text.uclass_post_probe_device
                0x00000000402f71e8        0xe drivers/built-in.o
                0x00000000402f71e8                uclass_post_probe_device
 *fill*         0x00000000402f71f6        0x2 
 .text.i2c_get_adapter
                0x00000000402f71f8       0x40 drivers/built-in.o
                0x00000000402f71f8                i2c_get_adapter
 .text.i2c_init_bus
                0x00000000402f7238       0x64 drivers/built-in.o
 .text.i2c_set_bus_num
                0x00000000402f729c       0x80 drivers/built-in.o
                0x00000000402f729c                i2c_set_bus_num
 .text.i2c_probe
                0x00000000402f731c       0x20 drivers/built-in.o
                0x00000000402f731c                i2c_probe
 .text.i2c_read
                0x00000000402f733c       0x34 drivers/built-in.o
                0x00000000402f733c                i2c_read
 .text.i2c_write
                0x00000000402f7370       0x34 drivers/built-in.o
                0x00000000402f7370                i2c_write
 .text.i2c_init
                0x00000000402f73a4        0xe drivers/built-in.o
                0x00000000402f73a4                i2c_init
 *fill*         0x00000000402f73b2        0x2 
 .text.__omap24_i2c_setspeed
                0x00000000402f73b4      0x110 drivers/built-in.o
 .text.wait_for_bb
                0x00000000402f74c4       0x54 drivers/built-in.o
 .text.wait_for_event
                0x00000000402f7518       0x50 drivers/built-in.o
 .text.flush_fifo
                0x00000000402f7568       0x2a drivers/built-in.o
 *fill*         0x00000000402f7592        0x2 
 .text.omap24_get_base.isra.0
                0x00000000402f7594       0x24 drivers/built-in.o
 .text.omap24_i2c_setspeed
                0x00000000402f75b8       0x34 drivers/built-in.o
 .text.omap24_i2c_write
                0x00000000402f75ec      0x180 drivers/built-in.o
 .text.omap24_i2c_read
                0x00000000402f776c      0x174 drivers/built-in.o
 .text.omap24_i2c_probe
                0x00000000402f78e0       0xa8 drivers/built-in.o
 .text.omap24_i2c_init
                0x00000000402f7988      0x224 drivers/built-in.o
 .text.mmc_set_ios
                0x00000000402f7bac        0xe drivers/built-in.o
 .text.mmc_set_capacity
                0x00000000402f7bba       0x6c drivers/built-in.o
 .text.board_mmc_getcd
                0x00000000402f7c26        0x6 drivers/built-in.o
                0x00000000402f7c26                board_mmc_getcd
 .text.mmc_send_cmd
                0x00000000402f7c2c        0x8 drivers/built-in.o
                0x00000000402f7c2c                mmc_send_cmd
 .text.mmc_go_idle
                0x00000000402f7c34       0x32 drivers/built-in.o
 *fill*         0x00000000402f7c66        0x2 
 .text.mmc_send_op_cond_iter
                0x00000000402f7c68       0x44 drivers/built-in.o
 .text.mmc_send_ext_csd
                0x00000000402f7cac       0x2e drivers/built-in.o
 *fill*         0x00000000402f7cda        0x2 
 .text.mmc_read_and_compare_ext_csd
                0x00000000402f7cdc       0x78 drivers/built-in.o
 .text.mmc_send_status
                0x00000000402f7d54       0x8c drivers/built-in.o
                0x00000000402f7d54                mmc_send_status
 .text.mmc_set_blocklen
                0x00000000402f7de0       0x42 drivers/built-in.o
                0x00000000402f7de0                mmc_set_blocklen
 *fill*         0x00000000402f7e22        0x2 
 .text.mmc_bread
                0x00000000402f7e24       0xe4 drivers/built-in.o
                0x00000000402f7e24                mmc_bread
 .text.mmc_switch
                0x00000000402f7f08       0x3e drivers/built-in.o
                0x00000000402f7f08                mmc_switch
 *fill*         0x00000000402f7f46        0x2 
 .text.mmc_startup_v4
                0x00000000402f7f48      0x1e0 drivers/built-in.o
 .text.mmc_set_card_speed
                0x00000000402f8128       0x68 drivers/built-in.o
 .text.mmc_switch_part
                0x00000000402f8190       0x40 drivers/built-in.o
                0x00000000402f8190                mmc_switch_part
 .text.mmc_getcd
                0x00000000402f81d0       0x20 drivers/built-in.o
                0x00000000402f81d0                mmc_getcd
 .text.mmc_set_clock
                0x00000000402f81f0       0x20 drivers/built-in.o
                0x00000000402f81f0                mmc_set_clock
 .text.mmc_startup
                0x00000000402f8210      0x73c drivers/built-in.o
 .text.board_mmc_power_init
                0x00000000402f894c        0x2 drivers/built-in.o
                0x00000000402f894c                board_mmc_power_init
 *fill*         0x00000000402f894e        0x2 
 .text.mmc_start_init
                0x00000000402f8950      0x1bc drivers/built-in.o
                0x00000000402f8950                mmc_start_init
 .text.mmc_init
                0x00000000402f8b0c       0x9c drivers/built-in.o
                0x00000000402f8b0c                mmc_init
 .text.board_mmc_init
                0x00000000402f8ba8        0x6 drivers/built-in.o
                0x00000000402f8ba8                board_mmc_init
 *fill*         0x00000000402f8bae        0x2 
 .text.mmc_initialize
                0x00000000402f8bb0       0x30 drivers/built-in.o
                0x00000000402f8bb0                mmc_initialize
 .text.mmc_berase
                0x00000000402f8be0        0x4 drivers/built-in.o
 .text.mmc_bwrite
                0x00000000402f8be4        0x4 drivers/built-in.o
 .text.find_mmc_device
                0x00000000402f8be8       0x2c drivers/built-in.o
                0x00000000402f8be8                find_mmc_device
 .text.mmc_select_hwpartp
                0x00000000402f8c14       0x36 drivers/built-in.o
 .text.mmc_get_dev
                0x00000000402f8c4a       0x1e drivers/built-in.o
 .text.mmc_get_next_devnum
                0x00000000402f8c68       0x10 drivers/built-in.o
                0x00000000402f8c68                mmc_get_next_devnum
 .text.mmc_get_blk_desc
                0x00000000402f8c78        0x4 drivers/built-in.o
                0x00000000402f8c78                mmc_get_blk_desc
 .text.mmc_do_preinit
                0x00000000402f8c7c       0x20 drivers/built-in.o
                0x00000000402f8c7c                mmc_do_preinit
 .text.mmc_list_init
                0x00000000402f8c9c       0x18 drivers/built-in.o
                0x00000000402f8c9c                mmc_list_init
 .text.mmc_list_add
                0x00000000402f8cb4       0x14 drivers/built-in.o
                0x00000000402f8cb4                mmc_list_add
 .text.mmc_create
                0x00000000402f8cc8       0x80 drivers/built-in.o
                0x00000000402f8cc8                mmc_create
 .text.mmc_reset_controller_fsm
                0x00000000402f8d48       0x7c drivers/built-in.o
 .text.omap_hsmmc_getwp
                0x00000000402f8dc4       0x10 drivers/built-in.o
 .text.omap_hsmmc_getcd
                0x00000000402f8dd4       0x1a drivers/built-in.o
 *fill*         0x00000000402f8dee        0x2 
 .text.omap_hsmmc_send_cmd
                0x00000000402f8df0      0x2cc drivers/built-in.o
 .text.omap_hsmmc_set_ios
                0x00000000402f90bc      0x184 drivers/built-in.o
 .text.mmc_init_stream
                0x00000000402f9240       0xac drivers/built-in.o
                0x00000000402f9240                mmc_init_stream
 .text.omap_hsmmc_init_setup
                0x00000000402f92ec      0x178 drivers/built-in.o
 .text.omap_mmc_init
                0x00000000402f9464       0xec drivers/built-in.o
                0x00000000402f9464                omap_mmc_init
 .text._serial_putc
                0x00000000402f9550       0x22 drivers/built-in.o
 .text.serial_post_probe
                0x00000000402f9572       0x12 drivers/built-in.o
 .text.serial_pre_remove
                0x00000000402f9584        0x4 drivers/built-in.o
 .text.serial_init
                0x00000000402f9588       0x50 drivers/built-in.o
                0x00000000402f9588                serial_init
 .text.serial_putc
                0x00000000402f95d8       0x12 drivers/built-in.o
                0x00000000402f95d8                serial_putc
 .text.serial_puts
                0x00000000402f95ea       0x1e drivers/built-in.o
                0x00000000402f95ea                serial_puts
 .text.serial_getc
                0x00000000402f9608       0x28 drivers/built-in.o
                0x00000000402f9608                serial_getc
 .text.serial_tstc
                0x00000000402f9630       0x1a drivers/built-in.o
                0x00000000402f9630                serial_tstc
 .text.ns16550_writeb.isra.0
                0x00000000402f964a       0x14 drivers/built-in.o
 .text.NS16550_setbrg
                0x00000000402f965e       0x34 drivers/built-in.o
 .text.ns16550_serial_setbrg
                0x00000000402f9692       0x24 drivers/built-in.o
 .text.ns16550_readb.isra.0
                0x00000000402f96b6       0x14 drivers/built-in.o
 .text.ns16550_serial_pending
                0x00000000402f96ca       0x28 drivers/built-in.o
 .text.ns16550_serial_putc
                0x00000000402f96f2       0x32 drivers/built-in.o
 .text.ns16550_serial_getc
                0x00000000402f9724       0x26 drivers/built-in.o
 .text.NS16550_init
                0x00000000402f974a       0x54 drivers/built-in.o
                0x00000000402f974a                NS16550_init
 .text.ns16550_serial_probe
                0x00000000402f979e       0x20 drivers/built-in.o
                0x00000000402f979e                ns16550_serial_probe
 .text.gpio_to_device
                0x00000000402f97be       0x48 drivers/built-in.o
 *fill*         0x00000000402f9806        0x2 
 .text.check_reserved
                0x00000000402f9808       0x4c drivers/built-in.o
 .text.gpio_renumber
                0x00000000402f9854       0x46 drivers/built-in.o
 .text.gpio_pre_remove
                0x00000000402f989a       0x12 drivers/built-in.o
 .text.gpio_post_probe
                0x00000000402f98ac       0x24 drivers/built-in.o
 .text.dm_gpio_request
                0x00000000402f98d0       0x5a drivers/built-in.o
                0x00000000402f98d0                dm_gpio_request
 .text.gpio_request
                0x00000000402f992a       0x18 drivers/built-in.o
                0x00000000402f992a                gpio_request
 *fill*         0x00000000402f9942        0x2 
 .text.gpio_direction_input
                0x00000000402f9944       0x2c drivers/built-in.o
                0x00000000402f9944                gpio_direction_input
 .text.gpio_direction_output
                0x00000000402f9970       0x2c drivers/built-in.o
                0x00000000402f9970                gpio_direction_output
 .text.dm_gpio_get_value
                0x00000000402f999c       0x2c drivers/built-in.o
                0x00000000402f999c                dm_gpio_get_value
 .text.gpio_get_value
                0x00000000402f99c8       0x16 drivers/built-in.o
                0x00000000402f99c8                gpio_get_value
 .text.omap_gpio_direction_input
                0x00000000402f99de       0x1e drivers/built-in.o
 .text.omap_gpio_probe
                0x00000000402f99fc       0x28 drivers/built-in.o
 .text.omap_gpio_direction_output
                0x00000000402f9a24       0x30 drivers/built-in.o
 .text.omap_gpio_get_value
                0x00000000402f9a54       0x2c drivers/built-in.o
 .text.omap_gpio_bind
                0x00000000402f9a80       0x46 drivers/built-in.o
 .text.omap_gpio_get_function
                0x00000000402f9ac6       0x1e drivers/built-in.o
 .text.omap_gpio_set_value
                0x00000000402f9ae4       0x22 drivers/built-in.o
 .text.tps65217_reg_read
                0x00000000402f9b06       0x16 drivers/built-in.o
                0x00000000402f9b06                tps65217_reg_read
 .text.tps65217_reg_write
                0x00000000402f9b1c       0x9c drivers/built-in.o
                0x00000000402f9b1c                tps65217_reg_write
 .text.tps65217_voltage_update
                0x00000000402f9bb8       0x32 drivers/built-in.o
                0x00000000402f9bb8                tps65217_voltage_update
 .text.tps65910_set_i2c_control
                0x00000000402f9bea       0x36 drivers/built-in.o
                0x00000000402f9bea                tps65910_set_i2c_control
 .text.tps65910_voltage_update
                0x00000000402f9c20       0x94 drivers/built-in.o
                0x00000000402f9c20                tps65910_voltage_update
 .text.musb_gadget_enable
                0x00000000402f9cb4      0x196 drivers/built-in.o
 .text.musb_free_request
                0x00000000402f9e4a        0x2 drivers/built-in.o
                0x00000000402f9e4a                musb_free_request
 .text.musb_gadget_fifo_status
                0x00000000402f9e4c       0x26 drivers/built-in.o
 .text.musb_gadget_fifo_flush
                0x00000000402f9e72       0x52 drivers/built-in.o
 .text.musb_gadget_get_frame
                0x00000000402f9ec4        0xe drivers/built-in.o
 .text.musb_gadget_wakeup
                0x00000000402f9ed2        0x4 drivers/built-in.o
 .text.musb_gadget_set_self_powered
                0x00000000402f9ed6       0x16 drivers/built-in.o
 .text.musb_gadget_vbus_draw
                0x00000000402f9eec        0x4 drivers/built-in.o
 .text.txstate  0x00000000402f9ef0       0x68 drivers/built-in.o
 .text.musb_alloc_request
                0x00000000402f9f58       0x22 drivers/built-in.o
                0x00000000402f9f58                musb_alloc_request
 *fill*         0x00000000402f9f7a        0x2 
 .text.init_peripheral_ep
                0x00000000402f9f7c       0xb0 drivers/built-in.o
 .text.musb_gadget_pullup
                0x00000000402fa02c       0x38 drivers/built-in.o
 .text.musb_g_giveback
                0x00000000402fa064       0x32 drivers/built-in.o
                0x00000000402fa064                musb_g_giveback
 .text.rxstate  0x00000000402fa096       0x98 drivers/built-in.o
 .text.musb_gadget_dequeue
                0x00000000402fa12e       0x40 drivers/built-in.o
 .text.musb_gadget_disable
                0x00000000402fa16e       0x6a drivers/built-in.o
 .text.musb_g_tx
                0x00000000402fa1d8       0xe4 drivers/built-in.o
                0x00000000402fa1d8                musb_g_tx
 .text.musb_g_rx
                0x00000000402fa2bc       0x6e drivers/built-in.o
                0x00000000402fa2bc                musb_g_rx
 .text.musb_ep_restart
                0x00000000402fa32a       0x1e drivers/built-in.o
                0x00000000402fa32a                musb_ep_restart
 .text.musb_gadget_set_halt
                0x00000000402fa348       0xb2 drivers/built-in.o
 .text.musb_gadget_queue
                0x00000000402fa3fa       0x72 drivers/built-in.o
 .text.musb_gadget_setup
                0x00000000402fa46c       0x90 drivers/built-in.o
                0x00000000402fa46c                musb_gadget_setup
 .text.musb_g_ep0_enable
                0x00000000402fa4fc        0x6 drivers/built-in.o
 .text.musb_g_ep0_disable
                0x00000000402fa502        0x6 drivers/built-in.o
 .text.musb_g_ep0_halt
                0x00000000402fa508       0x5a drivers/built-in.o
 .text.musb_g_ep0_dequeue
                0x00000000402fa562        0x6 drivers/built-in.o
 .text.ep0_txstate
                0x00000000402fa568       0x9a drivers/built-in.o
 .text.musb_g_ep0_queue
                0x00000000402fa602       0xb0 drivers/built-in.o
 *fill*         0x00000000402fa6b2        0x2 
 .text.musb_g_ep0_irq
                0x00000000402fa6b4      0x5f0 drivers/built-in.o
                0x00000000402fa6b4                musb_g_ep0_irq
 .text.fifo_setup
                0x00000000402faca4       0xfc drivers/built-in.o
 .text.musb_write_fifo
                0x00000000402fada0       0x72 drivers/built-in.o
                0x00000000402fada0                musb_write_fifo
 .text.musb_read_fifo
                0x00000000402fae12       0x72 drivers/built-in.o
                0x00000000402fae12                musb_read_fifo
 .text.musb_load_testpacket
                0x00000000402fae84       0x24 drivers/built-in.o
                0x00000000402fae84                musb_load_testpacket
 .text.musb_interrupt
                0x00000000402faea8       0xca drivers/built-in.o
                0x00000000402faea8                musb_interrupt
 *fill*         0x00000000402faf72        0x2 
 .text.musb_init_controller
                0x00000000402faf74      0x414 drivers/built-in.o
                0x00000000402faf74                musb_init_controller
 .text.musb_register
                0x00000000402fb388       0x3c drivers/built-in.o
                0x00000000402fb388                musb_register
 .text.musb_h_tx_flush_fifo
                0x00000000402fb3c4       0x40 drivers/built-in.o
 .text.musb_h_ep0_flush_fifo
                0x00000000402fb404       0x3c drivers/built-in.o
 .text.musb_start_urb
                0x00000000402fb440      0x340 drivers/built-in.o
 .text.musb_advance_schedule
                0x00000000402fb780      0x12c drivers/built-in.o
 .text.musb_h_ep0_irq
                0x00000000402fb8ac      0x1c0 drivers/built-in.o
                0x00000000402fb8ac                musb_h_ep0_irq
 .text.musb_host_tx
                0x00000000402fba6c      0x124 drivers/built-in.o
                0x00000000402fba6c                musb_host_tx
 .text.musb_host_rx
                0x00000000402fbb90      0x264 drivers/built-in.o
                0x00000000402fbb90                musb_host_rx
 .text.dsps_musb_enable
                0x00000000402fbdf4       0x1c drivers/built-in.o
 .text.dsps_musb_disable
                0x00000000402fbe10        0x2 drivers/built-in.o
 *fill*         0x00000000402fbe12        0x2 
 .text.dsps_musb_init
                0x00000000402fbe14       0x50 drivers/built-in.o
 .text.dsps_musb_exit
                0x00000000402fbe64       0x14 drivers/built-in.o
 .text.dsps_interrupt
                0x00000000402fbe78       0x4c drivers/built-in.o
 .text.hw_watchdog_reset
                0x00000000402fbec4       0x24 drivers/built-in.o
                0x00000000402fbec4                hw_watchdog_reset
 .text.hw_watchdog_disable
                0x00000000402fbee8       0x30 drivers/built-in.o
                0x00000000402fbee8                hw_watchdog_disable
 .text.hw_watchdog_init
                0x00000000402fbf18       0x74 drivers/built-in.o
                0x00000000402fbf18                hw_watchdog_init
 .text.get_desc
                0x00000000402fbf8c       0x32 drivers/built-in.o
 *fill*         0x00000000402fbfbe        0x2 
 .text.blk_driver_lookup_type
                0x00000000402fbfc0       0x20 drivers/built-in.o
                0x00000000402fbfc0                blk_driver_lookup_type
 .text.blk_dselect_hwpart
                0x00000000402fbfe0       0x26 drivers/built-in.o
                0x00000000402fbfe0                blk_dselect_hwpart
 *fill*         0x00000000402fc006        0x2 
 .text.blk_get_devnum_by_typename
                0x00000000402fc008       0x3c drivers/built-in.o
                0x00000000402fc008                blk_get_devnum_by_typename
 .text.blk_select_hwpart_devnum
                0x00000000402fc044       0x2a drivers/built-in.o
                0x00000000402fc044                blk_select_hwpart_devnum
 *fill*         0x00000000402fc06e        0x2 
 .text.downcase
                0x00000000402fc070       0x28 fs/built-in.o
 .text.disk_read
                0x00000000402fc098       0x30 fs/built-in.o
 .text.mkcksum  0x00000000402fc0c8       0x36 fs/built-in.o
 *fill*         0x00000000402fc0fe        0x2 
 .text.disk_write
                0x00000000402fc100       0x50 fs/built-in.o
 .text.flush_dirty_fat_buffer
                0x00000000402fc150       0x60 fs/built-in.o
 .text.get_fatent
                0x00000000402fc1b0      0x104 fs/built-in.o
 .text.next_dent
                0x00000000402fc2b4       0xac fs/built-in.o
 .text.get_name
                0x00000000402fc360       0x82 fs/built-in.o
 *fill*         0x00000000402fc3e2        0x2 
 .text.get_cluster
                0x00000000402fc3e4       0xf4 fs/built-in.o
 .text.read_bootsectandvi
                0x00000000402fc4d8       0xa8 fs/built-in.o
 .text.fat_itr_root
                0x00000000402fc580       0xe4 fs/built-in.o
 .text.slot2str
                0x00000000402fc664       0x64 fs/built-in.o
 .text.fat_itr_next
                0x00000000402fc6c8       0xc0 fs/built-in.o
 .text.fat_itr_resolve
                0x00000000402fc788       0xd4 fs/built-in.o
 .text.fat_set_blk_dev
                0x00000000402fc85c       0x8c fs/built-in.o
                0x00000000402fc85c                fat_set_blk_dev
 .text.fat_register_device
                0x00000000402fc8e8       0x54 fs/built-in.o
                0x00000000402fc8e8                fat_register_device
 .text.file_fat_read_at
                0x00000000402fc93c      0x2e4 fs/built-in.o
                0x00000000402fc93c                file_fat_read_at
 .text.file_fat_read
                0x00000000402fcc20       0x22 fs/built-in.o
                0x00000000402fcc20                file_fat_read
 *fill*         0x00000000402fcc42        0x2 
 .text.get_fs   0x00000000402fcc44        0x8 fs/built-in.o
                0x00000000402fcc44                get_fs
 .text.ext4fs_free_node
                0x00000000402fcc4c        0x2 fs/built-in.o
                0x00000000402fcc4c                ext4fs_free_node
 *fill*         0x00000000402fcc4e        0x2 
 .text.ext4fs_read_file
                0x00000000402fcc50      0x250 fs/built-in.o
                0x00000000402fcc50                ext4fs_read_file
 .text.ext4fs_read
                0x00000000402fcea0       0x38 fs/built-in.o
                0x00000000402fcea0                ext4fs_read
 .text.ext4fs_bg_get_inode_table_id
                0x00000000402fced8       0x1a fs/built-in.o
                0x00000000402fced8                ext4fs_bg_get_inode_table_id
 .text.ext4fs_read_inode
                0x00000000402fcef2       0xc8 fs/built-in.o
                0x00000000402fcef2                ext4fs_read_inode
 *fill*         0x00000000402fcfba        0x2 
 .text.read_allocated_block
                0x00000000402fcfbc      0x5a4 fs/built-in.o
                0x00000000402fcfbc                read_allocated_block
 .text.ext4fs_iterate_dir
                0x00000000402fd560      0x1d0 fs/built-in.o
                0x00000000402fd560                ext4fs_iterate_dir
 .text.ext4fs_find_file1
                0x00000000402fd730      0x1b8 fs/built-in.o
 .text.ext4fs_find_file
                0x00000000402fd8e8       0x44 fs/built-in.o
                0x00000000402fd8e8                ext4fs_find_file
 .text.ext4fs_open
                0x00000000402fd92c       0x64 fs/built-in.o
                0x00000000402fd92c                ext4fs_open
 .text.ext4fs_mount
                0x00000000402fd990       0x88 fs/built-in.o
                0x00000000402fd990                ext4fs_mount
 .text.ext4fs_set_blk_dev
                0x00000000402fda18       0x54 fs/built-in.o
                0x00000000402fda18                ext4fs_set_blk_dev
 .text.ext4fs_devread
                0x00000000402fda6c       0x28 fs/built-in.o
                0x00000000402fda6c                ext4fs_devread
 .text.ext4_read_superblock
                0x00000000402fda94       0x28 fs/built-in.o
                0x00000000402fda94                ext4_read_superblock
 .text.fs_devread
                0x00000000402fdabc      0x16c fs/built-in.o
                0x00000000402fdabc                fs_devread
 .text.__udivsi3
                0x00000000402fdc28       0x9c arch/arm/lib/lib.a(lib1funcs.o)
                0x00000000402fdc28                __udivsi3
                0x00000000402fdc28                __aeabi_uidiv
 .text.__divsi3
                0x00000000402fdcc4       0xcc arch/arm/lib/lib.a(lib1funcs.o)
                0x00000000402fdcc4                __aeabi_idiv
                0x00000000402fdcc4                __divsi3
 .text.__aeabi_uidivmod
                0x00000000402fdd90       0x30 arch/arm/lib/lib.a(lib1funcs.o)
                0x00000000402fdd90                __aeabi_uidivmod
                0x00000000402fdda8                __aeabi_idivmod
 .text.Ldiv0    0x00000000402fddc0       0x10 arch/arm/lib/lib.a(lib1funcs.o)
 .text.__div0   0x00000000402fddd0        0x4 arch/arm/lib/lib.a(div0.o)
                0x00000000402fddd0                __div0

.glue_7         0x00000000402fddd4        0x0
 .glue_7        0x00000000402fddd4        0x0 linker stubs

.glue_7t        0x00000000402fddd4        0x0
 .glue_7t       0x00000000402fddd4        0x0 linker stubs

.vfp11_veneer   0x00000000402fddd4        0x0
 .vfp11_veneer  0x00000000402fddd4        0x0 linker stubs

.v4_bx          0x00000000402fddd4        0x0
 .v4_bx         0x00000000402fddd4        0x0 linker stubs

.iplt           0x00000000402fddd4        0x0
 .iplt          0x00000000402fddd4        0x0 arch/arm/cpu/armv7/start.o
                0x00000000402fddd4                . = ALIGN (0x4)

.rodata         0x00000000402fddd4     0x4180
 *(SORT_BY_ALIGNMENT(.rodata*))
 .rodata        0x00000000402fddd4       0x84 arch/arm/mach-omap2/built-in.o
 .rodata.cmwkup
                0x00000000402fde58        0x4 arch/arm/mach-omap2/built-in.o
                0x00000000402fde58                cmwkup
 .rodata.dpll_core_1000MHz
                0x00000000402fde5c       0x40 arch/arm/mach-omap2/built-in.o
                0x00000000402fde5c                dpll_core_1000MHz
 .rodata.dpll_core_regs
                0x00000000402fde9c       0x24 arch/arm/mach-omap2/built-in.o
                0x00000000402fde9c                dpll_core_regs
 .rodata.dpll_ddr2_266MHz
                0x00000000402fdec0       0x40 arch/arm/mach-omap2/built-in.o
                0x00000000402fdec0                dpll_ddr2_266MHz
 .rodata.dpll_ddr3_303MHz
                0x00000000402fdf00       0x40 arch/arm/mach-omap2/built-in.o
                0x00000000402fdf00                dpll_ddr3_303MHz
 .rodata.dpll_ddr3_400MHz
                0x00000000402fdf40       0x40 arch/arm/mach-omap2/built-in.o
                0x00000000402fdf40                dpll_ddr3_400MHz
 .rodata.dpll_ddr_regs
                0x00000000402fdf80       0x24 arch/arm/mach-omap2/built-in.o
                0x00000000402fdf80                dpll_ddr_regs
 .rodata.dpll_mpu_opp
                0x00000000402fdfa4      0x180 arch/arm/mach-omap2/built-in.o
                0x00000000402fdfa4                dpll_mpu_opp
 .rodata.dpll_mpu_regs
                0x00000000402fe124       0x24 arch/arm/mach-omap2/built-in.o
                0x00000000402fe124                dpll_mpu_regs
 .rodata.dpll_per_192MHz
                0x00000000402fe148       0x40 arch/arm/mach-omap2/built-in.o
                0x00000000402fe148                dpll_per_192MHz
 .rodata.dpll_per_regs
                0x00000000402fe188       0x24 arch/arm/mach-omap2/built-in.o
                0x00000000402fe188                dpll_per_regs
 .rodata.ddr_cmd_reg
                0x00000000402fe1ac        0x8 arch/arm/mach-omap2/built-in.o
 .rodata.ddr_data_reg
                0x00000000402fe1b4        0x8 arch/arm/mach-omap2/built-in.o
 .rodata.emif_reg
                0x00000000402fe1bc        0x8 arch/arm/mach-omap2/built-in.o
 .rodata.vtpreg
                0x00000000402fe1c4        0x8 arch/arm/mach-omap2/built-in.o
 .rodata.am33xx_gpio
                0x00000000402fe1cc       0x30 arch/arm/mach-omap2/built-in.o
 .rodata.am33xx_serial
                0x00000000402fe1fc       0x78 arch/arm/mach-omap2/built-in.o
 .rodata.am33xx_ctrl
                0x00000000402fe274      0x1c8 arch/arm/mach-omap2/built-in.o
                0x00000000402fe274                am33xx_ctrl
 .rodata.am335x_mmc0_platdata
                0x00000000402fe43c       0x34 board/ti/am335x/built-in.o
 .rodata.am335x_mmc1_platdata
                0x00000000402fe470       0x34 board/ti/am335x/built-in.o
 .rodata.ddr2_cmd_ctrl_data
                0x00000000402fe4a4       0x30 board/ti/am335x/built-in.o
 .rodata.ddr2_data
                0x00000000402fe4d4       0x18 board/ti/am335x/built-in.o
 .rodata.ddr2_emif_reg_data
                0x00000000402fe4ec       0x7c board/ti/am335x/built-in.o
 .rodata.ddr2_evm_emif_reg_data
                0x00000000402fe568       0x7c board/ti/am335x/built-in.o
 .rodata.ddr3_beagleblack_cmd_ctrl_data
                0x00000000402fe5e4       0x30 board/ti/am335x/built-in.o
 .rodata.ddr3_beagleblack_data
                0x00000000402fe614       0x18 board/ti/am335x/built-in.o
 .rodata.ddr3_cmd_ctrl_data
                0x00000000402fe62c       0x30 board/ti/am335x/built-in.o
 .rodata.ddr3_data
                0x00000000402fe65c       0x18 board/ti/am335x/built-in.o
 .rodata.ddr3_evm_cmd_ctrl_data
                0x00000000402fe674       0x30 board/ti/am335x/built-in.o
 .rodata.ddr3_evm_data
                0x00000000402fe6a4       0x18 board/ti/am335x/built-in.o
 .rodata.ddr3_icev2_cmd_ctrl_data
                0x00000000402fe6bc       0x30 board/ti/am335x/built-in.o
 .rodata.ddr3_icev2_data
                0x00000000402fe6ec       0x18 board/ti/am335x/built-in.o
 .rodata.ioregs
                0x00000000402fe704       0x20 board/ti/am335x/built-in.o
                0x00000000402fe704                ioregs
 .rodata.ioregs_bonelt
                0x00000000402fe724       0x20 board/ti/am335x/built-in.o
                0x00000000402fe724                ioregs_bonelt
 .rodata.ioregs_evm15
                0x00000000402fe744       0x20 board/ti/am335x/built-in.o
                0x00000000402fe744                ioregs_evm15
 .rodata.ioregs_evmsk
                0x00000000402fe764       0x20 board/ti/am335x/built-in.o
                0x00000000402fe764                ioregs_evmsk
 .rodata.CSWTCH.32
                0x00000000402fe784       0x20 common/built-in.o
 .rodata.env_locations
                0x00000000402fe7a4        0x8 env/built-in.o
 .rodata.env_flags_varaccess_mask
                0x00000000402fe7ac       0x10 env/built-in.o
 .rodata.fdt_errtable
                0x00000000402fe7bc       0x48 lib/built-in.o
 .rodata.crc_table
                0x00000000402fe804      0x400 lib/built-in.o
 .rodata.CSWTCH.31
                0x00000000402fec04       0x20 disk/built-in.o
 .rodata        0x00000000402fec24        0x8 drivers/built-in.o
 .rodata.root_info
                0x00000000402fec2c        0x8 drivers/built-in.o
 .rodata.CSWTCH.22
                0x00000000402fec34        0xc drivers/built-in.o
 .rodata.ext_csd_bus_width
                0x00000000402fec40       0x3c drivers/built-in.o
 .rodata.fbase  0x00000000402fec7c       0x10 drivers/built-in.o
 .rodata.freqs.9691
                0x00000000402fec8c       0x30 drivers/built-in.o
 .rodata.mmc_modes_by_pref
                0x00000000402fecbc       0x20 drivers/built-in.o
 .rodata.mmc_versions.9986
                0x00000000402fecdc       0x24 drivers/built-in.o
 .rodata.sd_modes_by_pref
                0x00000000402fed00       0x10 drivers/built-in.o
 .rodata.omap_hsmmc_ops
                0x00000000402fed10       0x14 drivers/built-in.o
 .rodata.ns16550_serial_ops
                0x00000000402fed24       0x14 drivers/built-in.o
                0x00000000402fed24                ns16550_serial_ops
 .rodata.gpio_omap_ops
                0x00000000402fed38       0x28 drivers/built-in.o
 .rodata.omap_gpio_ids
                0x00000000402fed60       0x20 drivers/built-in.o
 .rodata.musb_ep_ops
                0x00000000402fed80       0x28 drivers/built-in.o
 .rodata.musb_gadget_operations
                0x00000000402feda8       0x24 drivers/built-in.o
 .rodata.CSWTCH.18
                0x00000000402fedcc       0x1c drivers/built-in.o
 .rodata.musb_g_ep0_ops
                0x00000000402fede8       0x28 drivers/built-in.o
                0x00000000402fede8                musb_g_ep0_ops
 .rodata.CSWTCH.82
                0x00000000402fee10       0x18 drivers/built-in.o
 .rodata.crc16_tab
                0x00000000402fee28      0x200 lib/built-in.o
 .rodata.do_setup_dpll.str1.1
                0x00000000402ff028       0x3a arch/arm/mach-omap2/built-in.o
 .rodata.do_enable_clocks.str1.1
                0x00000000402ff062       0x2a arch/arm/mach-omap2/built-in.o
 .rodata.str1.1
                0x00000000402ff08c       0x3b arch/arm/mach-omap2/built-in.o
                                         0x45 (size before relaxing)
 .rodata.config_sdram_emif4d5.str1.1
                0x00000000402ff0c7       0x2a arch/arm/mach-omap2/built-in.o
 .rodata.do_reset.str1.1
                0x00000000402ff0f1        0xf arch/arm/lib/built-in.o
 .rodata.enable_board_pin_mux.str1.1
                0x00000000402ff100       0x73 board/ti/am335x/built-in.o
                                         0x75 (size before relaxing)
 .rodata.bone_not_connected_to_ac_power.part.0.str1.1
                0x00000000402ff173       0x27 board/ti/am335x/built-in.o
 .rodata.do_board_detect.str1.1
                0x00000000402ff19a       0x1b board/ti/am335x/built-in.o
 .rodata.spl_start_uboot.str1.1
                0x00000000402ff1b5        0x8 board/ti/am335x/built-in.o
 .rodata.get_dpll_ddr_params.str1.1
                0x00000000402ff1bd        0x4 board/ti/am335x/built-in.o
                                         0x33 (size before relaxing)
 .rodata.get_dpll_mpu_params.str1.1
                0x00000000402ff1c1        0x9 board/ti/am335x/built-in.o
 .rodata.scale_vcores.str1.1
                0x00000000402ff1c1       0x47 board/ti/am335x/built-in.o
 .rodata.sdram_init.str1.1
                0x00000000402ff208        0xb board/ti/am335x/built-in.o
 .rodata.str1.1
                0x00000000402ff213        0xb board/ti/am335x/built-in.o
 .rodata.ti_i2c_eeprom_am_get.str1.1
                0x00000000402ff21e        0x5 board/ti/common/built-in.o
 .rodata.spl_fixup_fdt.str1.1
                0x00000000402ff21e       0x51 common/spl/built-in.o
 .rodata.spl_set_header_raw_uboot.str1.1
                0x00000000402ff26f        0x7 common/spl/built-in.o
 .rodata.spl_parse_image_header.str1.1
                0x00000000402ff276        0x6 common/spl/built-in.o
 .rodata.board_init_r.str1.1
                0x00000000402ff27c       0x62 common/spl/built-in.o
 .rodata.preloader_console_init.str1.1
                0x00000000402ff2de       0x3a common/spl/built-in.o
 .rodata.spl_ymodem_load_image.str1.1
                0x00000000402ff318       0x27 common/spl/built-in.o
 .rodata.str1.1
                0x00000000402ff33f       0x16 common/spl/built-in.o
 .rodata.mmc_load_image_raw_sector.str1.1
                0x00000000402ff355       0x31 common/spl/built-in.o
 .rodata.spl_mmc_load_image.str1.1
                0x00000000402ff386      0x14d common/spl/built-in.o
 .rodata.spl_load_image_fat.str1.1
                0x00000000402ff4d3       0x41 common/spl/built-in.o
 .rodata.spl_load_image_fat_os.str1.1
                0x00000000402ff514      0x11c common/spl/built-in.o
 .rodata.__func__.7973
                0x00000000402ff630       0x18 common/spl/built-in.o
 .rodata.__func__.7993
                0x00000000402ff648       0x13 common/spl/built-in.o
 .rodata.__func__.8002
                0x00000000402ff65b       0x16 common/spl/built-in.o
 .rodata.spl_load_image_ext.str1.1
                0x00000000402ff671       0x94 common/spl/built-in.o
                                         0xba (size before relaxing)
 .rodata.spl_load_image_ext_os.str1.1
                0x00000000402ff705      0x11c common/spl/built-in.o
 .rodata.__func__.7519
                0x00000000402ff705       0x13 common/spl/built-in.o
 .rodata.__func__.7531
                0x00000000402ff718       0x16 common/spl/built-in.o
 .rodata.xyzModem_stream_open.str1.1
                0x00000000402ff72e       0x94 common/built-in.o
                                          0x2 (size before relaxing)
 .rodata.xyzModem_stream_close.str1.1
                0x00000000402ff72e       0x47 common/built-in.o
                                         0x4b (size before relaxing)
 .rodata.xyzModem_error.str1.1
                0x00000000402ff775        0xe common/built-in.o
 .rodata.str1.1
                0x00000000402ff783      0x71e common/built-in.o
                                        0x751 (size before relaxing)
 .rodata.fdt_find_or_add_subnode.str1.1
                0x00000000402ffea1        0xc common/built-in.o
 .rodata.fdt_fixup_memory_banks.str1.1
                0x00000000402ffead       0x8c common/built-in.o
                                         0x94 (size before relaxing)
 .rodata.__FUNCTION__.8949
                0x00000000402fff39       0x17 common/built-in.o
 .rodata.__func__.8825
                0x00000000402fff50       0x18 common/built-in.o
 .rodata.env_get_f.str1.1
                0x00000000402fff68       0x30 cmd/built-in.o
 .rodata        0x00000000402fff98        0x3 env/built-in.o
 .rodata.set_default_env.str1.1
                0x00000000402fff9b       0x55 env/built-in.o
 .rodata.env_import.str1.1
                0x00000000402ffff0       0x3f env/built-in.o
 .rodata.env_import_redund.str1.1
                0x000000004030002f       0x8e env/built-in.o
 .rodata.default_environment
                0x00000000403000bd       0xe3 env/built-in.o
                0x00000000403000bd                default_environment
 .rodata.env_load.str1.1
                0x00000000403001a0       0x31 env/built-in.o
 .rodata.regex_callback.str1.1
                0x00000000403001d1       0x20 env/built-in.o
 .rodata.env_flags_parse_vartype.str1.1
                0x00000000403001f1       0x34 env/built-in.o
 .rodata.env_flags_parse_varaccess.str1.1
                0x0000000040300225       0x3d env/built-in.o
 .rodata.env_flags_init.str1.1
                0x0000000040300262       0x57 env/built-in.o
 .rodata.env_flags_validate.str1.1
                0x00000000403002b9       0xb2 env/built-in.o
                                         0xb3 (size before relaxing)
 .rodata.env_flags_varaccess_rep
                0x000000004030036b        0x5 env/built-in.o
 .rodata.env_flags_vartype_rep
                0x0000000040300370        0x7 env/built-in.o
 .rodata.env_callback_init.str1.1
                0x0000000040300377      0x110 env/built-in.o
 .rodata.env_mmc_load.str1.1
                0x0000000040300487       0x5e env/built-in.o
 .rodata.str1.1
                0x00000000403004e5        0x4 env/built-in.o
                                          0x8 (size before relaxing)
 .rodata.env_fat_load.str1.1
                0x00000000403004e9       0x4e env/built-in.o
                                         0x52 (size before relaxing)
 .rodata        0x0000000040300537       0x20 lib/built-in.o
 .rodata.fdt_strerror.str1.1
                0x0000000040300557       0x31 lib/built-in.o
 .rodata.str1.1
                0x0000000040300588      0x12d lib/built-in.o
 .rodata.fdt_address_cells.str1.1
                0x00000000403006b5        0xf lib/built-in.o
 .rodata.fdt_size_cells.str1.1
                0x00000000403006c4        0xc lib/built-in.o
 .rodata.himport_r.str1.1
                0x00000000403006d0       0x99 lib/built-in.o
 .rodata._ctype
                0x0000000040300769      0x100 lib/built-in.o
                0x0000000040300769                _ctype
 .rodata.hang.str1.1
                0x0000000040300869       0x2a lib/built-in.o
 .rodata.emit.str1.1
                0x0000000040300893       0x1f lib/built-in.o
 .rodata.store_char_in_data.str1.1
                0x00000000403008b2       0x1f lib/built-in.o
 .rodata.match.str1.1
                0x00000000403008d1       0x18 lib/built-in.o
 .rodata.quantifier.str1.1
                0x00000000403008e9       0x17 lib/built-in.o
 .rodata.compile.str1.1
                0x0000000040300900       0x4a lib/built-in.o
 .rodata.uuid_bin_to_str.str1.1
                0x000000004030094a       0x4a lib/built-in.o
                                          0x5 (size before relaxing)
 .rodata.part_get_info_whole_disk.str1.1
                0x000000004030094a        0xb disk/built-in.o
                                         0x12 (size before relaxing)
 .rodata.blk_get_device_by_str.str1.1
                0x0000000040300955       0x6a disk/built-in.o
 .rodata.blk_get_device_part_str.str1.1
                0x00000000403009bf      0x109 disk/built-in.o
 .rodata.part_set_generic_name.str1.1
                0x0000000040300ac8        0xa disk/built-in.o
 .rodata.str1.1
                0x0000000040300ad2       0x1b disk/built-in.o
                                         0x1e (size before relaxing)
 .rodata.test_block_type.str1.1
                0x0000000040300aed        0x6 disk/built-in.o
                                          0xa (size before relaxing)
 .rodata.print_partition_extended.str1.1
                0x0000000040300af3       0x83 disk/built-in.o
                                         0x84 (size before relaxing)
 .rodata.part_get_info_extended.str1.1
                0x0000000040300b76        0xa disk/built-in.o
                                         0x11 (size before relaxing)
 .rodata.validate_gpt_entries.str1.1
                0x0000000040300b80       0x40 disk/built-in.o
 .rodata.validate_gpt_header.str1.1
                0x0000000040300bc0       0xe1 disk/built-in.o
 .rodata.is_gpt_valid.str1.1
                0x0000000040300ca1       0xea disk/built-in.o
 .rodata.part_get_info_efi.str1.1
                0x0000000040300d8b       0x6c disk/built-in.o
                                         0x76 (size before relaxing)
 .rodata.__func__.8548
                0x0000000040300df7       0x12 disk/built-in.o
 .rodata.__func__.8690
                0x0000000040300e09        0xd disk/built-in.o
 .rodata.__func__.8702
                0x0000000040300e16       0x17 disk/built-in.o
 .rodata.__func__.8707
                0x0000000040300e2d        0xd disk/built-in.o
 .rodata.str1.1
                0x0000000040300e3a       0x8a drivers/built-in.o
                                         0xcd (size before relaxing)
 .rodata.i2c_get_adapter.str1.1
                0x0000000040300ec4       0x2d drivers/built-in.o
 .rodata.__omap24_i2c_setspeed.str1.1
                0x0000000040300ef1       0x4c drivers/built-in.o
 .rodata.wait_for_bb.str1.1
                0x0000000040300f3d       0x27 drivers/built-in.o
 .rodata.wait_for_event.str1.1
                0x0000000040300f64       0x61 drivers/built-in.o
 .rodata.omap24_get_base.isra.0.str1.1
                0x0000000040300fc5       0x14 drivers/built-in.o
 .rodata.omap24_i2c_setspeed.str1.1
                0x0000000040300fd9       0x1a drivers/built-in.o
 .rodata.omap24_i2c_write.str1.1
                0x0000000040300ff3      0x1d6 drivers/built-in.o
 .rodata.omap24_i2c_read.str1.1
                0x00000000403011c9      0x15c drivers/built-in.o
 .rodata.omap24_i2c_probe.str1.1
                0x0000000040301325       0x3e drivers/built-in.o
 .rodata.omap24_i2c_init.str1.1
                0x0000000040301363       0x45 drivers/built-in.o
 .rodata.__func__.9811
                0x00000000403013a8       0x14 drivers/built-in.o
 .rodata.mmc_send_status.str1.1
                0x00000000403013bc       0x32 drivers/built-in.o
 .rodata.mmc_bread.str1.1
                0x00000000403013ee       0x47 drivers/built-in.o
 .rodata.mmc_startup.str1.1
                0x0000000040301435       0x2c drivers/built-in.o
 .rodata.mmc_start_init.str1.1
                0x0000000040301461       0x3f drivers/built-in.o
 .rodata.multipliers
                0x00000000403014a0       0x10 drivers/built-in.o
 .rodata.find_mmc_device.str1.1
                0x00000000403014b0       0x19 drivers/built-in.o
 .rodata.mmc_reset_controller_fsm.str1.1
                0x00000000403014c9       0x2d drivers/built-in.o
 .rodata.omap_hsmmc_send_cmd.str1.1
                0x00000000403014f6       0x9d drivers/built-in.o
 .rodata.omap_hsmmc_set_ios.str1.1
                0x0000000040301593       0x1f drivers/built-in.o
 .rodata.mmc_init_stream.str1.1
                0x00000000403015b2       0x3d drivers/built-in.o
 .rodata.omap_hsmmc_init_setup.str1.1
                0x00000000403015ef       0x28 drivers/built-in.o
 .rodata.omap_mmc_init.str1.1
                0x0000000040301617       0x1a drivers/built-in.o
 .rodata.__func__.10513
                0x0000000040301631       0x10 drivers/built-in.o
 .rodata.__func__.10553
                0x0000000040301641       0x16 drivers/built-in.o
 .rodata.__func__.10615
                0x0000000040301657       0x19 drivers/built-in.o
 .rodata.__func__.10631
                0x0000000040301670       0x14 drivers/built-in.o
 .rodata.__func__.10679
                0x0000000040301684        0xe drivers/built-in.o
 .rodata.__func__.10739
                0x0000000040301692       0x15 drivers/built-in.o
 .rodata.serial_init.str1.1
                0x00000000403016a7       0x17 drivers/built-in.o
 .rodata.check_reserved.str1.1
                0x00000000403016be       0x27 drivers/built-in.o
                                         0x28 (size before relaxing)
 .rodata.gpio_direction_input.str1.1
                0x00000000403016e5        0xa drivers/built-in.o
 .rodata.gpio_direction_output.str1.1
                0x00000000403016ef        0xb drivers/built-in.o
 .rodata.dm_gpio_get_value.str1.1
                0x00000000403016fa        0xa drivers/built-in.o
 .rodata.init_peripheral_ep.str1.1
                0x0000000040301704        0x7 drivers/built-in.o
                                          0xf (size before relaxing)
 .rodata.musb_g_ep0_irq.str1.1
                0x000000004030170b       0xb1 drivers/built-in.o
 .rodata.__func__.11180
                0x00000000403017bc        0xf drivers/built-in.o
 .rodata.musb_init_controller.str1.1
                0x00000000403017cb       0xd5 drivers/built-in.o
                                         0xd9 (size before relaxing)
 .rodata.CSWTCH.83
                0x00000000403018a0        0x6 drivers/built-in.o
 .rodata.__func__.11051
                0x00000000403018a6       0x12 drivers/built-in.o
 .rodata.musb_driver_name
                0x00000000403018b8        0xa drivers/built-in.o
                0x00000000403018b8                musb_driver_name
 .rodata.musb_test_packet
                0x00000000403018c2       0x35 drivers/built-in.o
 .rodata.musb_register.str1.1
                0x00000000403018f7       0x1f drivers/built-in.o
 .rodata.musb_h_tx_flush_fifo.str1.1
                0x0000000040301916       0x2b drivers/built-in.o
 .rodata.musb_start_urb.str1.1
                0x0000000040301941       0x48 drivers/built-in.o
 .rodata.musb_h_ep0_irq.str1.1
                0x0000000040301989       0x34 drivers/built-in.o
 .rodata.musb_host_rx.str1.1
                0x00000000403019bd       0x2f drivers/built-in.o
 .rodata.__func__.11032
                0x00000000403019ec        0xf drivers/built-in.o
 .rodata.__func__.11073
                0x00000000403019fb       0x10 drivers/built-in.o
 .rodata.__func__.11096
                0x0000000040301a0b       0x14 drivers/built-in.o
 .rodata.__func__.11110
                0x0000000040301a1f        0xf drivers/built-in.o
 .rodata.__func__.11158
                0x0000000040301a2e        0xd drivers/built-in.o
 .rodata.disk_write.str1.1
                0x0000000040301a3b       0x18 fs/built-in.o
 .rodata.get_fatent.str1.1
                0x0000000040301a53       0x22 fs/built-in.o
 .rodata.get_cluster.str1.1
                0x0000000040301a75       0x25 fs/built-in.o
 .rodata.read_bootsectandvi.str1.1
                0x0000000040301a9a       0x1b fs/built-in.o
 .rodata.fat_itr_root.str1.1
                0x0000000040301ab5       0x33 fs/built-in.o
 .rodata.do_fat_write.str1.1
                0x0000000040301ae8       0xd6 fs/built-in.o
 .rodata.fat_set_blk_dev.str1.1
                0x0000000040301bbe        0x3 fs/built-in.o
                                          0xd (size before relaxing)
 .rodata.fat_register_device.str1.1
                0x0000000040301bc1       0x2b fs/built-in.o
 .rodata.file_fat_read_at.str1.1
                0x0000000040301bec       0x17 fs/built-in.o
 .rodata.read_allocated_block.str1.1
                0x0000000040301c03      0x240 fs/built-in.o
 .rodata.ext4fs_iterate_dir.str1.1
                0x0000000040301e43       0x4a fs/built-in.o
 .rodata.ext4fs_mount.str1.1
                0x0000000040301e8d       0x24 fs/built-in.o
 .rodata.fs_devread.str1.1
                0x0000000040301eb1       0x98 fs/built-in.o
 .rodata.__func__.7231
                0x0000000040301f49        0xb fs/built-in.o
