nand_base.c:135:13:nand_release_device	0	static
nand_base.c:149:9:nand_read_byte	0	static
nand_base.c:162:16:nand_read_byte16	0	static
nand_base.c:174:12:nand_read_word	0	static
nand_base.c:210:13:nand_write_byte	16	static
nand_base.c:224:13:nand_write_byte16	16	static
nand_base.c:289:6:nand_write_buf	8	static
nand_base.c:304:6:nand_read_buf	8	static
nand_base.c:319:6:nand_write_buf16	8	static
nand_base.c:335:6:nand_read_buf16	8	static
nand_base.c:990:12:nand_setup_data_interface	24	static
nand_base.c:1853:12:nand_read_page_swecc	56	static
nand_base.c:2882:12:nand_write_page_swecc	48	static
nand_base.c:3615:13:nand_sync	0	static
nand_base.c:3675:12:nand_onfi_set_features	16	static
nand_base.c:3695:12:nand_onfi_get_features	16	static
nand_base.c:3709:13:nand_set_defaults	0	static
nand_base.c:3866:12:nand_setup_read_retry_micron	24	static
nand_base.c:1647:12:nand_check_erased_buf	12	static
nand_base.c:350:12:nand_block_bad	24	static
nand_base.c:3761:13:sanitize_string	4	static
nand_base.c:513:12:nand_block_isreserved	0	static
nand_base.c:532:12:nand_block_checkbad	24	static
nand_base.c:3630:12:nand_block_isbad	24	static
nand_base.c:3134:17:nand_fill_oob	24	static
nand_base.c:187:13:nand_select_chip	8	static
nand_base.c:2233:17:nand_transfer_oob	24	static
nand_base.c:3778:12:onfi_crc16.constprop	16	static
nand_base.c:1127:12:nand_read_param_page_op.constprop	8	static
nand_base.c:555:6:nand_wait_ready	16	static
nand_base.c:1096:5:nand_read_page_op	24	static
nand_base.c:2747:12:nand_read_oob	112	static
nand_base.c:1157:5:nand_change_read_column_op	24	static
nand_base.c:1190:5:nand_read_oob_op	24	static
nand_base.c:2493:12:nand_read_oob_std	16	static
nand_base.c:1222:5:nand_prog_page_begin_op	24	static
nand_base.c:1252:5:nand_prog_page_end_op	16	static
nand_base.c:3090:12:nand_write_page	56	static
nand_base.c:1280:5:nand_prog_page_op	24	static
nand_base.c:2560:12:nand_write_oob_std	16	static
nand_base.c:1318:5:nand_change_write_column_op	24	static
nand_base.c:1352:5:nand_readid_op	24	static
nand_base.c:1382:5:nand_status_op	16	static
nand_base.c:488:12:nand_check_wp	16	static
nand_base.c:3193:12:nand_do_write_ops	80	static
nand_base.c:1405:5:nand_exit_status_op	8	static
nand_base.c:1426:5:nand_erase_op	16	static
nand_base.c:3479:12:single_erase	0	static
nand_base.c:1513:5:nand_reset_op	8	static
nand_base.c:1536:5:nand_read_data_op	16	static
nand_base.c:890:12:nand_wait	24	static
nand_base.c:2506:12:nand_read_oob_syndrome	56	static
nand_base.c:1794:12:nand_read_page_raw_syndrome	32	static
nand_base.c:1765:12:nand_read_page_raw	16	static
nand_base.c:3322:12:panic_nand_write	64	static
nand_base.c:581:13:nand_wait_status_ready.constprop	24	static
nand_base.c:612:13:nand_command	24	static
nand_base.c:716:13:nand_command_lp	24	static
nand_base.c:1571:5:nand_write_data_op	16	static
nand_base.c:2574:12:nand_write_oob_syndrome	72	static
nand_base.c:2823:12:nand_write_page_raw_syndrome	32	static
nand_base.c:3022:12:nand_write_page_syndrome	32	static
nand_base.c:2954:12:nand_write_subpage_hwecc	64	static
nand_base.c:2794:12:nand_write_page_raw	16	static
nand_base.c:2911:12:nand_write_page_hwecc	40	static
nand_base.c:1600:5:nand_reset	16	static
nand_base.c:3354:12:nand_do_write_oob	40	static
nand_base.c:397:12:nand_default_block_markbad	80	static
nand_base.c:3436:12:nand_write_oob	40	static
nand_base.c:1717:5:nand_check_erased_ecc_chunk	32	static
nand_base.c:2149:12:nand_read_page_syndrome	64	static
nand_base.c:1899:12:nand_read_subpage	72	static
nand_base.c:2012:12:nand_read_page_hwecc	64	static
nand_base.c:2082:12:nand_read_page_hwecc_oob_first	64	static
nand_base.c:3510:5:nand_erase_nand	64	static
nand_base.c:3653:12:nand_block_markbad	88	static
nand_base.c:3497:12:nand_erase	0	static
nand_base.c:4394:24:nand_get_flash_type	64	static
nand_base.c:4643:5:nand_scan_ident	56	static
nand_base.c:4732:5:nand_check_ecc_caps	32	static
nand_base.c:4794:5:nand_match_ecc_req	72	static
nand_base.c:4878:5:nand_maximize_ecc	56	static
nand_base.c:5004:5:nand_scan_tail	24	static
nand_base.c:5301:5:nand_scan	8	static
