efi_file.c:531:28:efi_file_flush	8	static
efi_file.c:521:28:efi_file_setinfo	8	static
efi_file.c:380:28:efi_file_getpos	16	static
efi_file.c:395:28:efi_file_setpos	16	static
efi_file.c:224:28:efi_file_delete	8	static
efi_file.c:50:12:set_blk_dev.isra.0	0	static
efi_file.c:434:28:efi_file_getinfo	152	static
efi_file.c:352:28:efi_file_write	40	static
efi_file.c:319:28:efi_file_read	64	static
efi_file.c:133:32:file_open	40	static
efi_file.c:595:1:efi_open_volume	24	static
efi_file.c:194:28:efi_file_open	24	static
efi_file.c:217:28:efi_file_close	8	static
efi_file.c:551:25:efi_file_from_path	56	static
efi_file.c:608:1:efi_simple_file_system	24	static
