board_detect.c:106:28:ti_eeprom_string_cleanup	8	static
board_detect.c:47:20:ti_i2c_set_alen	0	static
board_detect.c:118:13:gpi2c_init	0	static
board_detect.c:122:27:ti_i2c_eeprom_get	40	static
board_detect.c:175:20:ti_i2c_eeprom_am_set	24	static
board_detect.c:199:20:ti_i2c_eeprom_am_get	104	static
board_detect.c:245:20:ti_i2c_eeprom_dra7_get	72	static
board_detect.c:291:21:board_ti_is	8	static
board_detect.c:300:21:board_ti_rev_is	8	static
board_detect.c:312:23:board_ti_get_rev	0	static
board_detect.c:320:23:board_ti_get_config	0	static
board_detect.c:328:23:board_ti_get_name	0	static
board_detect.c:337:1:board_ti_get_eth_mac_addr	4	static
board_detect.c:355:20:board_ti_get_emif1_size	0	static
board_detect.c:365:20:board_ti_get_emif2_size	0	static
board_detect.c:375:21:set_board_info_env	8	static
board_detect.c:421:6:board_ti_set_ethaddr	56	static
board_detect.c:460:21:board_ti_was_eeprom_read	0	static
