spl.c:44:13:show_boot_progress	0	static
spl.c:57:12:spl_start_uboot	8	static
spl.c:67:12:dram_init_banksize	0	static
spl.c:76:12:bootz_setup	0	static
spl.c:82:6:spl_fixup_fdt	8	static
spl.c:114:13:spl_board_prepare_for_linux	0	static
spl.c:119:13:spl_board_prepare_for_boot	0	static
spl.c:124:6:spl_set_header_raw_uboot	0	static
spl.c:147:5:spl_parse_image_header	16	static
spl.c:224:24:jump_to_image_no_args	8	static
spl.c:278:6:spl_set_bd	0	static
spl.c:284:5:spl_early_init	8	static
spl.c:296:5:spl_init	8	static
spl.c:316:13:board_boot_order	8	static
spl.c:379:6:board_init_r	64	static
spl.c:478:6:preloader_console_init	8	static
spl.c:514:7:spl_relocate_stack_gd	8	static
