Archive member included to satisfy reference by file (symbol)

arch/arm/lib/lib.a(lib1funcs.o)
                              arch/arm/mach-omap2/built-in.o (__aeabi_uidiv)
arch/arm/lib/lib.a(div0.o)    arch/arm/lib/lib.a(lib1funcs.o) (__div0)

Discarded input sections

 .data          0x0000000000000000        0x0 arch/arm/cpu/armv7/start.o
 .bss           0x0000000000000000        0x0 arch/arm/cpu/armv7/start.o
 .text          0x0000000000000000        0x0 board/ti/am335x/built-in.o
 .text.do_board_detect
                0x0000000000000000       0x2c board/ti/am335x/built-in.o
 .rodata.do_board_detect.str1.1
                0x0000000000000000       0x1b board/ti/am335x/built-in.o
 .data          0x0000000000000000        0x0 board/ti/am335x/built-in.o
 .bss           0x0000000000000000        0x0 board/ti/am335x/built-in.o
 .text.mmu_page_table_flush
                0x0000000000000000       0x1e arch/arm/cpu/armv7/built-in.o
 .text.v7_arch_cp15_set_l2aux_ctrl
                0x0000000000000000        0x6 arch/arm/cpu/armv7/built-in.o
 .text.v7_arch_cp15_set_acr
                0x0000000000000000        0x6 arch/arm/cpu/armv7/built-in.o
 .text.sdelay   0x0000000000000000        0x6 arch/arm/cpu/armv7/built-in.o
 .text.wait_on_value
                0x0000000000000000       0x1e arch/arm/cpu/armv7/built-in.o
 .data          0x0000000000000000        0x0 arch/arm/cpu/armv7/built-in.o
 .bss           0x0000000000000000        0x0 arch/arm/cpu/armv7/built-in.o
 .text.armv7_boot_nonsec_default
                0x0000000000000000        0x4 arch/arm/lib/built-in.o
 .text.enable_caches
                0x0000000000000000        0xc arch/arm/lib/built-in.o
 .text.invalidate_dcache_range
                0x0000000000000000        0x2 arch/arm/lib/built-in.o
 .text.flush_dcache_range
                0x0000000000000000        0x2 arch/arm/lib/built-in.o
 .text.flush_dcache_all
                0x0000000000000000        0xa arch/arm/lib/built-in.o
 .text.invalidate_l2_cache
                0x0000000000000000        0xc arch/arm/lib/built-in.o
 .text.arm_init_before_mmu
                0x0000000000000000        0x2 arch/arm/lib/built-in.o
 .text.arm_init_domains
                0x0000000000000000        0x2 arch/arm/lib/built-in.o
 .text.mmu_page_table_flush
                0x0000000000000000        0x2 arch/arm/lib/built-in.o
 .text.mmu_set_region_dcache_behaviour
                0x0000000000000000       0x40 arch/arm/lib/built-in.o
 .text.dram_bank_mmu_setup
                0x0000000000000000       0x28 arch/arm/lib/built-in.o
 .text.fdt_psci
                0x0000000000000000        0x4 arch/arm/lib/built-in.o
 .rodata.enable_caches.str1.1
                0x0000000000000000       0x1d arch/arm/lib/built-in.o
 .data          0x0000000000000000        0x0 arch/arm/lib/built-in.o
 .__secure_end  0x0000000000000000        0x0 arch/arm/lib/built-in.o
 .__secure_stack_end
                0x0000000000000000        0x0 arch/arm/lib/built-in.o
 .__secure_stack_start
                0x0000000000000000        0x0 arch/arm/lib/built-in.o
 .__secure_start
                0x0000000000000000        0x0 arch/arm/lib/built-in.o
 .bss           0x0000000000000000        0x0 arch/arm/lib/built-in.o
 .text.get_dpll_mpu_params
                0x0000000000000000        0x8 arch/arm/mach-omap2/built-in.o
 .text.get_dpll_core_params
                0x0000000000000000       0x14 arch/arm/mach-omap2/built-in.o
 .text.get_dpll_per_params
                0x0000000000000000       0x14 arch/arm/mach-omap2/built-in.o
 .text.setup_clocks_for_console
                0x0000000000000000       0x7c arch/arm/mach-omap2/built-in.o
 .text.enable_basic_clocks
                0x0000000000000000       0x44 arch/arm/mach-omap2/built-in.o
 .text.set_mpu_spreadspectrum
                0x0000000000000000       0xc4 arch/arm/mach-omap2/built-in.o
 .text.do_setup_dpll
                0x0000000000000000       0xe0 arch/arm/mach-omap2/built-in.o
 .text.do_enable_clocks
                0x0000000000000000       0x64 arch/arm/mach-omap2/built-in.o
 .text.do_disable_clocks
                0x0000000000000000       0x6c arch/arm/mach-omap2/built-in.o
 .text.scale_vcores
                0x0000000000000000        0x2 arch/arm/mach-omap2/built-in.o
 .text.setup_early_clocks
                0x0000000000000000       0x12 arch/arm/mach-omap2/built-in.o
 .text.prcm_init
                0x0000000000000000       0x5c arch/arm/mach-omap2/built-in.o
 .text.rtc_only_prcm_init
                0x0000000000000000       0x1c arch/arm/mach-omap2/built-in.o
 .text.get_sysboot_value
                0x0000000000000000       0x14 arch/arm/mach-omap2/built-in.o
 .text.get_sys_clk_index
                0x0000000000000000       0x14 arch/arm/mach-omap2/built-in.o
 .text.am335x_get_efuse_mpu_max_freq
                0x0000000000000000       0x8c arch/arm/mach-omap2/built-in.o
 .text.am335x_get_tps65910_mpu_vdd
                0x0000000000000000       0x3c arch/arm/mach-omap2/built-in.o
[...]
Memory Configuration

Name             Origin             Length             Attributes
*default*        0x0000000000000000 0xffffffffffffffff

Linker script and memory map

Address of section .text set to 0x80800000
                0x0000000000000000                . = 0x0
                0x0000000000000000                . = ALIGN (0x4)

.text           0x0000000080800000    0x3dc70
 *(.__image_copy_start)
 .__image_copy_start
                0x0000000080800000        0x0 arch/arm/lib/built-in.o
                0x0000000080800000                __image_copy_start
 *(.vectors)
 .vectors       0x0000000080800000      0x2e8 arch/arm/lib/built-in.o
                0x0000000080800000                _start
                0x0000000080800020                _undefined_instruction
                0x0000000080800024                _software_interrupt
                0x0000000080800028                _prefetch_abort
                0x000000008080002c                _data_abort
                0x0000000080800030                _not_used
                0x0000000080800034                _irq
                0x0000000080800038                _fiq
                0x0000000080800040                IRQ_STACK_START_IN
 arch/arm/cpu/armv7/start.o(.text*)
 .text          0x00000000808002e8       0xa4 arch/arm/cpu/armv7/start.o
                0x00000000808002e8                reset
                0x00000000808002ec                save_boot_params_ret
                0x0000000080800320                c_runtime_cpu_setup
                0x0000000080800334                cpu_init_cp15
 board/ti/am335x/built-in.o(.text*)
 .text.cpsw_control
                0x000000008080038c        0x2 board/ti/am335x/built-in.o
 *fill*         0x000000008080038e        0x2 
 .text.request_and_set_gpio
                0x0000000080800390       0x58 board/ti/am335x/built-in.o
 .text.board_init
                0x00000000808003e8      0x184 board/ti/am335x/built-in.o
                0x00000000808003e8                board_init
 .text.board_late_init
                0x000000008080056c      0x194 board/ti/am335x/built-in.o
                0x000000008080056c                board_late_init
 .text.board_eth_init
                0x0000000080800700      0x150 board/ti/am335x/built-in.o
                0x0000000080800700                board_eth_init
 *(.text*)
 .text          0x0000000080800850      0x158 arch/arm/cpu/armv7/built-in.o
                0x0000000080800850                __v7_flush_dcache_all
                0x00000000808008ec                v7_flush_dcache_all
                0x00000000808008fc                __v7_invalidate_dcache_all
                0x0000000080800998                v7_invalidate_dcache_all
 .text.invalidate_icache_all
                0x00000000808009a8       0x14 arch/arm/cpu/armv7/built-in.o
                0x00000000808009a8                invalidate_icache_all
 .text.v7_outer_cache_enable
                0x00000000808009bc        0x2 arch/arm/cpu/armv7/built-in.o
                0x00000000808009bc                v7_outer_cache_enable
 .text.v7_outer_cache_disable
                0x00000000808009be        0x2 arch/arm/cpu/armv7/built-in.o
                0x00000000808009be                v7_outer_cache_disable
 .text.v7_outer_cache_flush_all
                0x00000000808009c0        0x2 arch/arm/cpu/armv7/built-in.o
                0x00000000808009c0                v7_outer_cache_flush_all
 .text.flush_dcache_all
                0x00000000808009c2        0xe arch/arm/cpu/armv7/built-in.o
                0x00000000808009c2                flush_dcache_all
 .text.v7_outer_cache_inval_all
                0x00000000808009d0        0x2 arch/arm/cpu/armv7/built-in.o
                0x00000000808009d0                v7_outer_cache_inval_all
 .text.invalidate_dcache_all
                0x00000000808009d2        0xe arch/arm/cpu/armv7/built-in.o
                0x00000000808009d2                invalidate_dcache_all
 .text.arm_init_before_mmu
                0x00000000808009e0       0x22 arch/arm/cpu/armv7/built-in.o
                0x00000000808009e0                arm_init_before_mmu
 .text.v7_outer_cache_flush_range
                0x0000000080800a02        0x2 arch/arm/cpu/armv7/built-in.o
                0x0000000080800a02                v7_outer_cache_flush_range
 .text.flush_dcache_range
                0x0000000080800a04       0x38 arch/arm/cpu/armv7/built-in.o
                0x0000000080800a04                flush_dcache_range
 .text.v7_outer_cache_inval_range
                0x0000000080800a3c        0x2 arch/arm/cpu/armv7/built-in.o
                0x0000000080800a3c                v7_outer_cache_inval_range
 .text.invalidate_dcache_range
                0x0000000080800a3e       0x42 arch/arm/cpu/armv7/built-in.o
                0x0000000080800a3e                invalidate_dcache_range
 .text.cpu_cache_initialization
                0x0000000080800a80        0x2 arch/arm/cpu/armv7/built-in.o
                0x0000000080800a80                cpu_cache_initialization
 .text.cleanup_before_linux_select
                0x0000000080800a82       0x3e arch/arm/cpu/armv7/built-in.o
                0x0000000080800a82                cleanup_before_linux_select
 .text.cleanup_before_linux
                0x0000000080800ac0        0x6 arch/arm/cpu/armv7/built-in.o
                0x0000000080800ac0                cleanup_before_linux
 *fill*         0x0000000080800ac6       0x1a 
 .text          0x0000000080800ae0      0x420 arch/arm/lib/built-in.o
                0x0000000080800ae0                _main
                0x0000000080800b80                memset
                0x0000000080800c20                memcpy
 .text.setjmp   0x0000000080800f00       0x10 arch/arm/lib/built-in.o
                0x0000000080800f00                setjmp
 .text.longjmp  0x0000000080800f10       0x1c arch/arm/lib/built-in.o
                0x0000000080800f10                longjmp
 .text.relocate_vectors
                0x0000000080800f2c       0x70 arch/arm/lib/built-in.o
                0x0000000080800f2c                relocate_vectors
                0x0000000080800f38                relocate_code
 .text.arch_fixup_fdt
                0x0000000080800f9c       0x24 arch/arm/lib/built-in.o
                0x0000000080800f9c                arch_fixup_fdt
 .text.arch_lmb_reserve
                0x0000000080800fc0       0x2a arch/arm/lib/built-in.o
                0x0000000080800fc0                arch_lmb_reserve
 .text.board_quiesce_devices
                0x0000000080800fea        0x2 arch/arm/lib/built-in.o
                0x0000000080800fea                board_quiesce_devices
 .text.boot_jump_linux
                0x0000000080800fec       0x90 arch/arm/lib/built-in.o
 .text.setup_board_tags
                0x000000008080107c        0x2 arch/arm/lib/built-in.o
                0x000000008080107c                setup_board_tags
 *fill*         0x000000008080107e        0x2 
 .text.boot_prep_linux
                0x0000000080801080      0x104 arch/arm/lib/built-in.o
 .text.do_bootm_linux
                0x0000000080801184       0x44 arch/arm/lib/built-in.o
                0x0000000080801184                do_bootm_linux
 .text.boot_prep_vxworks
                0x00000000808011c8       0x34 arch/arm/lib/built-in.o
                0x00000000808011c8                boot_prep_vxworks
 .text.boot_jump_vxworks
                0x00000000808011fc        0xa arch/arm/lib/built-in.o
                0x00000000808011fc                boot_jump_vxworks
 *fill*         0x0000000080801206        0x2 
 .text.bootz_setup
                0x0000000080801208       0x6c arch/arm/lib/built-in.o
                0x0000000080801208                bootz_setup
 .text.arch_reserve_stacks
                0x0000000080801274       0x16 arch/arm/lib/built-in.o
                0x0000000080801274                arch_reserve_stacks
 *fill*         0x000000008080128a        0x2 
 .text.interrupt_init
                0x000000008080128c       0x14 arch/arm/lib/built-in.o
                0x000000008080128c                interrupt_init
 .text.enable_interrupts
                0x00000000808012a0        0x2 arch/arm/lib/built-in.o
                0x00000000808012a0                enable_interrupts
 .text.disable_interrupts
                0x00000000808012a2        0x4 arch/arm/lib/built-in.o
                0x00000000808012a2                disable_interrupts
 *fill*         0x00000000808012a6        0x2 
 .text.bad_mode
                0x00000000808012a8        0xc arch/arm/lib/built-in.o
                0x00000000808012a8                bad_mode
 .text.show_regs
                0x00000000808012b4      0x108 arch/arm/lib/built-in.o
                0x00000000808012b4                show_regs
 .text.do_undefined_instruction
                0x00000000808013bc       0x28 arch/arm/lib/built-in.o
                0x00000000808013bc                do_undefined_instruction
 .text.do_software_interrupt
                0x00000000808013e4       0x28 arch/arm/lib/built-in.o
                0x00000000808013e4                do_software_interrupt
 .text.do_prefetch_abort
                0x000000008080140c       0x28 arch/arm/lib/built-in.o
                0x000000008080140c                do_prefetch_abort
 .text.do_data_abort
                0x0000000080801434       0x28 arch/arm/lib/built-in.o
                0x0000000080801434                do_data_abort
 .text.do_not_used
                0x000000008080145c       0x28 arch/arm/lib/built-in.o
                0x000000008080145c                do_not_used
 .text.do_fiq   0x0000000080801484       0x28 arch/arm/lib/built-in.o
                0x0000000080801484                do_fiq
 .text.do_irq   0x00000000808014ac       0x28 arch/arm/lib/built-in.o
                0x00000000808014ac                do_irq
 .text.reset_misc
                0x00000000808014d4        0x2 arch/arm/lib/built-in.o
                0x00000000808014d4                reset_misc
 *fill*         0x00000000808014d6        0x2 
 .text.do_reset
                0x00000000808014d8       0x28 arch/arm/lib/built-in.o
                0x00000000808014d8                do_reset
 .text.flush_cache
                0x0000000080801500        0x6 arch/arm/lib/built-in.o
                0x0000000080801500                flush_cache
 *fill*         0x0000000080801506        0x2 
 .text.check_cache_range
                0x0000000080801508       0x20 arch/arm/lib/built-in.o
                0x0000000080801508                check_cache_range
 .text.set_section_dcache
                0x0000000080801528       0x12 arch/arm/lib/built-in.o
                0x0000000080801528                set_section_dcache
 .text.icache_enable
                0x000000008080153a       0x12 arch/arm/lib/built-in.o
                0x000000008080153a                icache_enable
 .text.icache_disable
                0x000000008080154c       0x16 arch/arm/lib/built-in.o
                0x000000008080154c                icache_disable
 .text.icache_status
                0x0000000080801562        0xa arch/arm/lib/built-in.o
                0x0000000080801562                icache_status
 .text.dcache_enable
                0x000000008080156c       0x6e arch/arm/lib/built-in.o
                0x000000008080156c                dcache_enable
 .text.dcache_disable
                0x00000000808015da       0x20 arch/arm/lib/built-in.o
                0x00000000808015da                dcache_disable
 .text.dcache_status
                0x00000000808015fa        0xa arch/arm/lib/built-in.o
                0x00000000808015fa                dcache_status
 .text          0x0000000080801604       0x60 arch/arm/mach-omap2/built-in.o
                0x0000000080801604                save_boot_params
                0x0000000080801610                omap_smc1
                0x000000008080162c                omap_smc_sec
 .text.get_cpu_rev
                0x0000000080801664       0x10 arch/arm/mach-omap2/built-in.o
                0x0000000080801664                get_cpu_rev
 .text.get_cpu_type
                0x0000000080801674       0x14 arch/arm/mach-omap2/built-in.o
                0x0000000080801674                get_cpu_type
 .text.print_cpuinfo
                0x0000000080801688       0x90 arch/arm/mach-omap2/built-in.o
                0x0000000080801688                print_cpuinfo
 .text.am33xx_otg0_set_phy_power
                0x0000000080801718       0x20 arch/arm/mach-omap2/built-in.o
 .text.am33xx_otg1_set_phy_power
                0x0000000080801738       0x20 arch/arm/mach-omap2/built-in.o
 .text.dram_init
                0x0000000080801758       0x16 arch/arm/mach-omap2/built-in.o
                0x0000000080801758                dram_init
 .text.dram_init_banksize
                0x000000008080176e       0x18 arch/arm/mach-omap2/built-in.o
                0x000000008080176e                dram_init_banksize
 .text.cpu_mmc_init
                0x0000000080801786       0x28 arch/arm/mach-omap2/built-in.o
                0x0000000080801786                cpu_mmc_init
 *fill*         0x00000000808017ae        0x2 
 .text.arch_misc_init
                0x00000000808017b0       0x34 arch/arm/mach-omap2/built-in.o
                0x00000000808017b0                arch_misc_init
 .text.arch_cpu_init_dm
                0x00000000808017e4        0xa arch/arm/mach-omap2/built-in.o
                0x00000000808017e4                arch_cpu_init_dm
 *fill*         0x00000000808017ee        0x2 
 .text.hw_data_init
                0x00000000808017f0       0x14 arch/arm/mach-omap2/built-in.o
                0x00000000808017f0                hw_data_init
 .text.clk_synthesizer_reg_write
                0x0000000080801804       0x38 arch/arm/mach-omap2/built-in.o
 .text.setup_clock_synthesizer
                0x000000008080183c       0x94 arch/arm/mach-omap2/built-in.o
                0x000000008080183c                setup_clock_synthesizer
 .text.reset_cpu
                0x00000000808018d0       0x10 arch/arm/mach-omap2/built-in.o
                0x00000000808018d0                reset_cpu
 .text.timer_init
                0x00000000808018e0       0x18 arch/arm/mach-omap2/built-in.o
                0x00000000808018e0                timer_init
 .text.__udelay
                0x00000000808018f8       0x34 arch/arm/mach-omap2/built-in.o
                0x00000000808018f8                __udelay
 .text.get_timer_masked
                0x000000008080192c       0x58 arch/arm/mach-omap2/built-in.o
                0x000000008080192c                get_timer_masked
 .text.get_timer
                0x0000000080801984        0xc arch/arm/mach-omap2/built-in.o
                0x0000000080801984                get_timer
 .text.get_ticks
                0x0000000080801990        0xa arch/arm/mach-omap2/built-in.o
                0x0000000080801990                get_ticks
 .text.get_tbclk
                0x000000008080199a        0x6 arch/arm/mach-omap2/built-in.o
                0x000000008080199a                get_tbclk
 .text.get_device_type
                0x00000000808019a0       0x18 arch/arm/mach-omap2/built-in.o
                0x00000000808019a0                get_device_type
 .text.enable_caches
                0x00000000808019b8       0x14 arch/arm/mach-omap2/built-in.o
                0x00000000808019b8                enable_caches
 .text.dram_bank_mmu_setup
                0x00000000808019cc       0x28 arch/arm/mach-omap2/built-in.o
                0x00000000808019cc                dram_bank_mmu_setup
 .text.arm_init_domains
                0x00000000808019f4       0x16 arch/arm/mach-omap2/built-in.o
                0x00000000808019f4                arm_init_domains
 *fill*         0x0000000080801a0a        0x2 
 .text.fb_set_reboot_flag
                0x0000000080801a0c       0x24 arch/arm/mach-omap2/built-in.o
                0x0000000080801a0c                fb_set_reboot_flag
 .text.board_ti_is
                0x0000000080801a30       0x30 board/ti/common/built-in.o
                0x0000000080801a30                board_ti_is
 .text.board_ti_get_rev
                0x0000000080801a60        0x8 board/ti/common/built-in.o
                0x0000000080801a60                board_ti_get_rev
 .text.board_ti_get_config
                0x0000000080801a68        0x8 board/ti/common/built-in.o
                0x0000000080801a68                board_ti_get_config
 .text.set_board_info_env
                0x0000000080801a70       0x3c board/ti/common/built-in.o
                0x0000000080801a70                set_board_info_env
 .text.do_go_exec
                0x0000000080801aac        0x8 cmd/built-in.o
                0x0000000080801aac                do_go_exec
 .text.do_go    0x0000000080801ab4       0x4c cmd/built-in.o
 .text.do_bootm
                0x0000000080801b00       0xa0 cmd/built-in.o
                0x0000000080801b00                do_bootm
 .text.do_bootd
                0x0000000080801ba0       0x18 cmd/built-in.o
                0x0000000080801ba0                do_bootd
 .text.image_info
                0x0000000080801bb8       0xd8 cmd/built-in.o
 .text.do_iminfo
                0x0000000080801c90       0x3c cmd/built-in.o
 .text.bootm_maybe_autostart
                0x0000000080801ccc       0x4c cmd/built-in.o
                0x0000000080801ccc                bootm_maybe_autostart
 .text.do_help  0x0000000080801d18       0x2c cmd/built-in.o
 .text.do_version
                0x0000000080801d44       0x30 cmd/built-in.o
 .text.blk_common_cmd
                0x0000000080801d74      0x1fc cmd/built-in.o
                0x0000000080801d74                blk_common_cmd
 .text.source   0x0000000080801f70      0x118 cmd/built-in.o
                0x0000000080801f70                source
 .text.do_source
                0x0000000080802088       0x50 cmd/built-in.o
 .text.print_num
                0x00000000808020d8       0x10 cmd/built-in.o
 .text.do_bdinfo
                0x00000000808020e8      0x148 cmd/built-in.o
 .text.efi_install_fdt
                0x0000000080802230      0x180 cmd/built-in.o
 .text.do_bootefi_exec
                0x00000000808023b0      0x16c cmd/built-in.o
 .text.efi_init_obj_list
                0x000000008080251c       0x40 cmd/built-in.o
                0x000000008080251c                efi_init_obj_list
 .text.do_bootefi
                0x000000008080255c       0xec cmd/built-in.o
 .text.efi_set_bootdev
                0x0000000080802648       0x98 cmd/built-in.o
                0x0000000080802648                efi_set_bootdev
 .text.do_bootz
                0x00000000808026e0       0xa4 cmd/built-in.o
                0x00000000808026e0                do_bootz
 .text.do_coninfo
                0x0000000080802784       0x94 cmd/built-in.o
 .text.do_echo  0x0000000080802818       0x80 cmd/built-in.o
 .text.parse_numeric_param
                0x0000000080802898       0x1c cmd/built-in.o
 .text.parse_i2c_bus_addr
                0x00000000808028b4       0x42 cmd/built-in.o
 .text.eeprom_write_enable
                0x00000000808028f6        0x4 cmd/built-in.o
                0x00000000808028f6                eeprom_write_enable
 .text.eeprom_init
                0x00000000808028fa       0x18 cmd/built-in.o
                0x00000000808028fa                eeprom_init
 .text.eeprom_read
                0x0000000080802912       0x4c cmd/built-in.o
                0x0000000080802912                eeprom_read
 .text.eeprom_write
                0x000000008080295e       0x6c cmd/built-in.o
                0x000000008080295e                eeprom_write
 *fill*         0x00000000808029ca        0x2 
 .text.do_eeprom
                0x00000000808029cc       0xd4 cmd/built-in.o
                0x00000000808029cc                do_eeprom
 .text.load_elf_image_phdr
                0x0000000080802aa0       0xa8 cmd/built-in.o
 .text.valid_elf_image
                0x0000000080802b48       0x30 cmd/built-in.o
                0x0000000080802b48                valid_elf_image
 .text.do_bootelf
                0x0000000080802b78      0x118 cmd/built-in.o
                0x0000000080802b78                do_bootelf
 .text.do_bootvx
                0x0000000080802c90      0x230 cmd/built-in.o
                0x0000000080802c90                do_bootvx
 .text.do_exit  0x0000000080802ec0       0x20 cmd/built-in.o
 .text.do_ext4_size
                0x0000000080802ee0        0xe cmd/built-in.o
                0x0000000080802ee0                do_ext4_size
 .text.do_ext4_load
                0x0000000080802eee        0xe cmd/built-in.o
                0x0000000080802eee                do_ext4_load
 .text.do_ext4_ls
                0x0000000080802efc        0xe cmd/built-in.o
                0x0000000080802efc                do_ext4_ls
 .text.do_ext4_write
                0x0000000080802f0a        0xe cmd/built-in.o
                0x0000000080802f0a                do_ext4_write
 .text.do_ext2load
                0x0000000080802f18        0xe cmd/built-in.o
                0x0000000080802f18                do_ext2load
 .text.do_ext2ls
                0x0000000080802f26        0xe cmd/built-in.o
 .text.do_fat_size
                0x0000000080802f34        0xe cmd/built-in.o
                0x0000000080802f34                do_fat_size
 .text.do_fat_fsload
                0x0000000080802f42        0xe cmd/built-in.o
                0x0000000080802f42                do_fat_fsload
 .text.do_fat_ls
                0x0000000080802f50        0xe cmd/built-in.o
 *fill*         0x0000000080802f5e        0x2 
 .text.do_fat_fsinfo
                0x0000000080802f60       0x54 cmd/built-in.o
 .text.do_fat_fswrite
                0x0000000080802fb4       0xbc cmd/built-in.o
 .text.fdt_valid
                0x0000000080803070       0x74 cmd/built-in.o
 .text.is_printable_string
                0x00000000808030e4       0x4c cmd/built-in.o
 .text.print_data
                0x0000000080803130      0x104 cmd/built-in.o
 .text.set_working_fdt_addr
                0x0000000080803234       0x14 cmd/built-in.o
                0x0000000080803234                set_working_fdt_addr
 .text.do_fdt   0x0000000080803248      0xa10 cmd/built-in.o
 .text.do_size_wrapper
                0x0000000080803c58        0xe cmd/built-in.o
 *fill*         0x0000000080803c66        0x2 
 .text.do_load_wrapper
                0x0000000080803c68       0x40 cmd/built-in.o
 .text.do_save_wrapper
                0x0000000080803ca8        0xe cmd/built-in.o
 .text.do_ls_wrapper
                0x0000000080803cb6        0xe cmd/built-in.o
 .text.do_fstype_wrapper
                0x0000000080803cc4        0x4 cmd/built-in.o
 .text.gpio_get_description
                0x0000000080803cc8       0x78 cmd/built-in.o
 .text.do_gpio  0x0000000080803d40      0x218 cmd/built-in.o
 .text.do_i2c   0x0000000080803f58       0x3c cmd/built-in.o
 .text.do_i2c_bus_speed
                0x0000000080803f94       0x54 cmd/built-in.o
 .text.do_i2c_reset
                0x0000000080803fe8       0x20 cmd/built-in.o
 .text.do_i2c_probe
                0x0000000080804008       0x5c cmd/built-in.o
 .text.do_i2c_bus_num
                0x0000000080804064       0x80 cmd/built-in.o
 .text.do_i2c_show_bus
                0x00000000808040e4       0x8c cmd/built-in.o
 .text.get_alen.constprop.0
                0x0000000080804170       0x1c cmd/built-in.o
 .text.do_i2c_crc
                0x000000008080418c       0xb8 cmd/built-in.o
 .text.mod_i2c_mem.isra.0.part.0
                0x0000000080804244      0x13c cmd/built-in.o
 .text.do_i2c_nm
                0x0000000080804380       0x12 cmd/built-in.o
 *fill*         0x0000000080804392        0x2 
 .text.do_i2c_md
                0x0000000080804394      0x150 cmd/built-in.o
 .text.do_i2c_read
                0x00000000808044e4       0x78 cmd/built-in.o
 .text.do_i2c_mw
                0x000000008080455c       0xa4 cmd/built-in.o
 .text.do_i2c_write
                0x0000000080804600       0xd8 cmd/built-in.o
 .text.do_i2c_loop
                0x00000000808046d8       0x9c cmd/built-in.o
 .text.do_i2c_mm
                0x0000000080804774       0x12 cmd/built-in.o
 .text.i2c_init_board
                0x0000000080804786        0x2 cmd/built-in.o
                0x0000000080804786                i2c_init_board
 .text.evalexp  0x0000000080804788       0x4a cmd/built-in.o
 .text.evalstr  0x00000000808047d2       0x3c cmd/built-in.o
 *fill*         0x000000008080480e        0x2 
 .text.binary_test
                0x0000000080804810       0xf4 cmd/built-in.o
 .text.do_itest
                0x0000000080804904       0x4c cmd/built-in.o
 .text.bin_data_init
                0x0000000080804950       0x1c cmd/built-in.o
 .text.k_data_save
                0x000000008080496c       0x34 cmd/built-in.o
 .text.k_data_restore
                0x00000000808049a0       0x34 cmd/built-in.o
 .text.getcxmodem
                0x00000000808049d4       0x16 cmd/built-in.o
 *fill*         0x00000000808049ea        0x2 
 .text.load_serial_ymodem
                0x00000000808049ec       0x90 cmd/built-in.o
 .text.bin_data_char
                0x0000000080804a7c       0x1c cmd/built-in.o
 .text.chk1.constprop.0
                0x0000000080804a98       0x20 cmd/built-in.o
 .text.s1_sendpacket.constprop.0
                0x0000000080804ab8       0x34 cmd/built-in.o
 .text.load_serial
                0x0000000080804aec      0x124 cmd/built-in.o
 .text.do_load_serial
                0x0000000080804c10       0x8c cmd/built-in.o
 .text.do_load_serial_bin
                0x0000000080804c9c      0x534 cmd/built-in.o
 .text.do_mem_md
                0x00000000808051d0       0xa0 cmd/built-in.o
 .text.do_mem_base
                0x0000000080805270       0x28 cmd/built-in.o
 .text.do_mem_crc
                0x0000000080805298       0x2c cmd/built-in.o
 .text.do_mem_mw
                0x00000000808052c4       0x78 cmd/built-in.o
 .text.do_mem_loop
                0x000000008080533c       0x82 cmd/built-in.o
 *fill*         0x00000000808053be        0x2 
 .text.mod_mem.isra.0.part.0
                0x00000000808053c0       0xec cmd/built-in.o
 .text.do_mem_mm
                0x00000000808054ac       0x12 cmd/built-in.o
 *fill*         0x00000000808054be        0x2 
 .text.do_mem_cp
                0x00000000808054c0       0x70 cmd/built-in.o
 .text.do_mem_cmp
                0x0000000080805530      0x100 cmd/built-in.o
 .text.do_mem_nm
                0x0000000080805630       0x12 cmd/built-in.o
 .text.extract_range
                0x0000000080805642       0x7a cmd/built-in.o
 .text.do_mii   0x00000000808056bc      0x608 cmd/built-in.o
 .text.do_mdio  0x0000000080805cc4      0x308 cmd/built-in.o
 .text.do_sleep
                0x0000000080805fcc       0x84 cmd/built-in.o
 .text.do_mmcops
                0x0000000080806050       0x78 cmd/built-in.o
 .text.init_mmc_device
                0x00000000808060c8       0x34 cmd/built-in.o
 .text.do_mmc_rescan
                0x00000000808060fc       0x18 cmd/built-in.o
 .text.do_mmc_hwpartition
                0x0000000080806114      0x39c cmd/built-in.o
 .text.do_mmc_list
                0x00000000808064b0        0xc cmd/built-in.o
 .text.do_mmc_dev
                0x00000000808064bc       0xc4 cmd/built-in.o
 .text.do_mmcinfo
                0x0000000080806580      0x2bc cmd/built-in.o
 .text.do_mmc_setdsr
                0x000000008080683c       0x70 cmd/built-in.o
 .text.do_mmc_read
                0x00000000808068ac       0x9c cmd/built-in.o
 .text.do_mmc_part
                0x0000000080806948       0x38 cmd/built-in.o
 .text.do_mmc_erase
                0x0000000080806980       0xa0 cmd/built-in.o
 .text.do_mmc_write
                0x0000000080806a20       0xb0 cmd/built-in.o
 .text.netboot_common
                0x0000000080806ad0      0x1c4 cmd/built-in.o
 .text.do_bootp
                0x0000000080806c94        0x8 cmd/built-in.o
 .text.do_dhcp  0x0000000080806c9c        0x8 cmd/built-in.o
 .text.do_nfs   0x0000000080806ca4        0x8 cmd/built-in.o
 .text.do_tftpb
                0x0000000080806cac       0x26 cmd/built-in.o
                0x0000000080806cac                do_tftpb
 *fill*         0x0000000080806cd2        0x2 
 .text.do_ping  0x0000000080806cd4       0x48 cmd/built-in.o
 .text.do_part_list
                0x0000000080806d1c       0xf0 cmd/built-in.o
 .text.do_part_info
                0x0000000080806e0c       0xa0 cmd/built-in.o
 .text.do_part  0x0000000080806eac       0xa8 cmd/built-in.o
 .text.eol_or_eof
                0x0000000080806f54       0x12 cmd/built-in.o
 *fill*         0x0000000080806f66        0x2 
 .text.do_pxe   0x0000000080806f68       0x48 cmd/built-in.o
 .text.label_print
                0x0000000080806fb0       0x14 cmd/built-in.o
 .text.do_get_tftp
                0x0000000080806fc4       0x2c cmd/built-in.o
 .text.from_env
                0x0000000080806ff0       0x1c cmd/built-in.o
 .text.get_string
                0x000000008080700c       0x74 cmd/built-in.o
 .text.label_destroy
                0x0000000080807080       0x3e cmd/built-in.o
 .text.destroy_pxe_menu
                0x00000000808070be       0x36 cmd/built-in.o
 .text.get_token
                0x00000000808070f4       0x98 cmd/built-in.o
 .text.parse_sliteral
                0x000000008080718c       0x34 cmd/built-in.o
 .text.parse_integer
                0x00000000808071c0       0x44 cmd/built-in.o
 .text.do_get_any
                0x0000000080807204       0x2c cmd/built-in.o
 .text.do_get_fat
                0x0000000080807230       0x28 cmd/built-in.o
 .text.do_get_ext2
                0x0000000080807258       0x28 cmd/built-in.o
 .text.get_relfile
                0x0000000080807280       0xcc cmd/built-in.o
 .text.get_pxe_file
                0x000000008080734c       0x3c cmd/built-in.o
 .text.handle_include
                0x0000000080807388       0x68 cmd/built-in.o
 .text.parse_pxefile_top
                0x00000000808073f0      0x300 cmd/built-in.o
 .text.parse_pxefile
                0x00000000808076f0       0x42 cmd/built-in.o
 *fill*         0x0000000080807732        0x2 
 .text.get_pxelinux_path
                0x0000000080807734       0x50 cmd/built-in.o
 .text.get_relfile_envaddr
                0x0000000080807784       0x34 cmd/built-in.o
 .text.format_mac_pxe.constprop.0
                0x00000000808077b8       0x54 cmd/built-in.o
 .text.do_pxe_get
                0x000000008080780c       0xe8 cmd/built-in.o
 .text.label_boot
                0x00000000808078f4      0x3c8 cmd/built-in.o
 .text.handle_pxe_menu
                0x0000000080807cbc       0xd4 cmd/built-in.o
 .text.do_pxe_boot
                0x0000000080807d90       0x94 cmd/built-in.o
 .text.do_sysboot
                0x0000000080807e24      0x13c cmd/built-in.o
 .text.bytes_per_second
                0x0000000080807f60       0x38 cmd/built-in.o
 .text.do_spi_flash
                0x0000000080807f98      0x538 cmd/built-in.o
 .text.do_spi   0x00000000808084d0      0x1b4 cmd/built-in.o
                0x00000000808084d0                do_spi
 .text.do_time  0x0000000080808684       0xa0 cmd/built-in.o
 .text.do_false
                0x0000000080808724        0x4 cmd/built-in.o
 .text.do_true  0x0000000080808728        0x4 cmd/built-in.o
 .text.do_test  0x000000008080872c      0x200 cmd/built-in.o
 .text.usb_get_class_desc
                0x000000008080892c       0x74 cmd/built-in.o
 .text.usb_find_device
                0x00000000808089a0       0x1e cmd/built-in.o
 *fill*         0x00000000808089be        0x2 
 .text.usb_show_tree_graph
                0x00000000808089c0      0x17c cmd/built-in.o
 .text.usb_display_class_sub
                0x0000000080808b3c       0xf8 cmd/built-in.o
 .text.usb_display_desc
                0x0000000080808c34       0xf8 cmd/built-in.o
 .text.usb_display_string
                0x0000000080808d2c       0x2c cmd/built-in.o
 .text.usb_display_config
                0x0000000080808d58      0x1ac cmd/built-in.o
 .text.do_usbboot
                0x0000000080808f04        0xc cmd/built-in.o
 .text.do_usb_start
                0x0000000080808f10       0x20 cmd/built-in.o
 .text.usb_show_tree
                0x0000000080808f30       0x30 cmd/built-in.o
                0x0000000080808f30                usb_show_tree
 .text.do_usb   0x0000000080808f60      0x2a8 cmd/built-in.o
 .text.common_diskboot
                0x0000000080809208      0x1c4 cmd/built-in.o
                0x0000000080809208                common_diskboot
 .text.do_fastboot
                0x00000000808093cc       0x84 cmd/built-in.o
 .text.do_imgextract
                0x0000000080809450      0x294 cmd/built-in.o
 .text.do_spl   0x00000000808096e4      0x144 cmd/built-in.o
 .text.do_dfu   0x0000000080809828       0x88 cmd/built-in.o
 .text.extract_val
                0x00000000808098b0       0x58 cmd/built-in.o
 .text.extract_env
                0x0000000080809908       0xa0 cmd/built-in.o
 .text.set_gpt_info.isra.0.constprop.0
                0x00000000808099a8      0x34c cmd/built-in.o
 .text.do_gpt   0x0000000080809cf4      0x208 cmd/built-in.o
 .text.do_decode_kernel
                0x0000000080809efc      0x128 cmd/built-in.o
 .text.do_env_delete
                0x000000008080a024       0x6c cmd/built-in.o
 .text.do_env_save
                0x000000008080a090        0xe cmd/built-in.o
 *fill*         0x000000008080a09e        0x2 
 .text.do_env   0x000000008080a0a0       0x3c cmd/built-in.o
 .text.env_print
                0x000000008080a0dc       0x78 cmd/built-in.o
 .text.do_env_print
                0x000000008080a154       0x7c cmd/built-in.o
 .text.do_env_import
                0x000000008080a1d0      0x174 cmd/built-in.o
 .text.do_env_default
                0x000000008080a344       0x50 cmd/built-in.o
 .text.do_env_exists
                0x000000008080a394       0x40 cmd/built-in.o
 .text._do_env_set.isra.0
                0x000000008080a3d4      0x120 cmd/built-in.o
 .text.do_env_set
                0x000000008080a4f4       0x14 cmd/built-in.o
 .text.do_env_ask
                0x000000008080a508       0xf8 cmd/built-in.o
                0x000000008080a508                do_env_ask
 .text.get_env_id
                0x000000008080a600        0xc cmd/built-in.o
                0x000000008080a600                get_env_id
 .text.env_set  0x000000008080a60c       0x3c cmd/built-in.o
                0x000000008080a60c                env_set
 .text.env_set_ulong
                0x000000008080a648       0x16 cmd/built-in.o
                0x000000008080a648                env_set_ulong
 *fill*         0x000000008080a65e        0x2 
 .text.env_set_hex
                0x000000008080a660       0x20 cmd/built-in.o
                0x000000008080a660                env_set_hex
 .text.do_env_export
                0x000000008080a680      0x158 cmd/built-in.o
 .text.eth_parse_enetaddr
                0x000000008080a7d8       0x30 cmd/built-in.o
                0x000000008080a7d8                eth_parse_enetaddr
 .text.envmatch
                0x000000008080a808       0x44 cmd/built-in.o
                0x000000008080a808                envmatch
 .text.env_get_f
                0x000000008080a84c       0x84 cmd/built-in.o
                0x000000008080a84c                env_get_f
 .text.env_get  0x000000008080a8d0       0x54 cmd/built-in.o
                0x000000008080a8d0                env_get
 .text.env_get_hex
                0x000000008080a924       0x20 cmd/built-in.o
                0x000000008080a924                env_get_hex
 .text.eth_env_get_enetaddr
                0x000000008080a944       0x34 cmd/built-in.o
                0x000000008080a944                eth_env_get_enetaddr
 .text.eth_env_set_enetaddr
                0x000000008080a978       0x30 cmd/built-in.o
                0x000000008080a978                eth_env_set_enetaddr
 .text.env_get_ulong
                0x000000008080a9a8       0x1c cmd/built-in.o
                0x000000008080a9a8                env_get_ulong
 .text.do_env_edit.part.0
                0x000000008080a9c4       0x70 cmd/built-in.o
 .text.do_env_edit
                0x000000008080aa34       0x1c cmd/built-in.o
 .text.board_init_f_alloc_reserve
                0x000000008080aa50        0xa common/built-in.o
                0x000000008080aa50                board_init_f_alloc_reserve
 .text.board_init_f_init_reserve
                0x000000008080aa5a       0x14 common/built-in.o
                0x000000008080aa5a                board_init_f_init_reserve
 .text.show_boot_progress
                0x000000008080aa6e        0x4 common/built-in.o
                0x000000008080aa6e                show_boot_progress
 *fill*         0x000000008080aa72        0x2 
 .text.main_loop
                0x000000008080aa74       0x34 common/built-in.o
                0x000000008080aa74                main_loop
 .text.mdelay   0x000000008080aaa8       0x14 common/built-in.o
 .text.dummy    0x000000008080aabc        0x2 common/built-in.o
 .text.get_version
                0x000000008080aabe        0x4 common/built-in.o
                0x000000008080aabe                get_version
 *fill*         0x000000008080aac2        0x2 
 .text.jumptable_init
                0x000000008080aac4      0x198 common/built-in.o
                0x000000008080aac4                jumptable_init
 .text.hash_finish_crc32
                0x000000008080ac5c       0x1c common/built-in.o
 .text.hash_update_crc32
                0x000000008080ac78       0x14 common/built-in.o
 .text.hash_init_crc32
                0x000000008080ac8c       0x14 common/built-in.o
 .text.hash_finish_sha256
                0x000000008080aca0       0x22 common/built-in.o
 .text.hash_update_sha256
                0x000000008080acc2       0x10 common/built-in.o
 .text.hash_init_sha256
                0x000000008080acd2       0x16 common/built-in.o
 .text.hash_finish_sha1
                0x000000008080ace8       0x22 common/built-in.o
 .text.hash_update_sha1
                0x000000008080ad0a       0x10 common/built-in.o
 .text.hash_init_sha1
                0x000000008080ad1a       0x16 common/built-in.o
 .text.hash_lookup_algo
                0x000000008080ad30       0x38 common/built-in.o
                0x000000008080ad30                hash_lookup_algo
 .text.hash_command
                0x000000008080ad68      0x130 common/built-in.o
                0x000000008080ad68                hash_command
 .text.b_reset  0x000000008080ae98        0xe common/built-in.o
 .text.static_get
                0x000000008080aea6       0x12 common/built-in.o
 .text.static_peek
                0x000000008080aeb8        0x6 common/built-in.o
 *fill*         0x000000008080aebe        0x2 
 .text.mapset   0x000000008080aec0       0x14 common/built-in.o
 .text.syntax_err
                0x000000008080aed4        0xc common/built-in.o
 .text.free_pipe_list
                0x000000008080aee0       0x90 common/built-in.o
 .text.xmalloc  0x000000008080af70       0x18 common/built-in.o
 .text.new_pipe
                0x000000008080af88       0x16 common/built-in.o
 *fill*         0x000000008080af9e        0x2 
 .text.xrealloc
                0x000000008080afa0       0x18 common/built-in.o
 .text.done_command
                0x000000008080afb8       0x42 common/built-in.o
 .text.done_pipe
                0x000000008080affa       0x2a common/built-in.o
 .text.done_word
                0x000000008080b024      0x1bc common/built-in.o
 .text.is_assignment
                0x000000008080b1e0       0x30 common/built-in.o
 .text.file_get
                0x000000008080b210      0x134 common/built-in.o
 .text.do_showvar
                0x000000008080b344       0xa0 common/built-in.o
 .text.b_addchr
                0x000000008080b3e4       0x42 common/built-in.o
 *fill*         0x000000008080b426        0x2 
 .text.b_addqchr
                0x000000008080b428       0x30 common/built-in.o
 .text.file_peek
                0x000000008080b458        0x6 common/built-in.o
 *fill*         0x000000008080b45e        0x2 
 .text.get_local_var
                0x000000008080b460       0x58 common/built-in.o
                0x000000008080b460                get_local_var
 .text.set_local_var
                0x000000008080b4b8      0x108 common/built-in.o
                0x000000008080b4b8                set_local_var
 .text.insert_var_value_sub
                0x000000008080b5c0      0x1bc common/built-in.o
 .text.parse_string_outer
                0x000000008080b77c       0x90 common/built-in.o
                0x000000008080b77c                parse_string_outer
 .text.run_list_real
                0x000000008080b80c      0x4d8 common/built-in.o
 .text.parse_stream_outer
                0x000000008080bce4      0x424 common/built-in.o
 .text.parse_file_outer
                0x000000008080c108       0x2c common/built-in.o
                0x000000008080c108                parse_file_outer
 .text.u_boot_hush_start
                0x000000008080c134       0x30 common/built-in.o
                0x000000008080c134                u_boot_hush_start
 .text.bootdelay_process
                0x000000008080c164       0x78 common/built-in.o
                0x000000008080c164                bootdelay_process
 .text.autoboot_command
                0x000000008080c1dc      0x14c common/built-in.o
                0x000000008080c1dc                autoboot_command
 .text.log_init
                0x000000008080c328        0x8 common/built-in.o
 .text.display_text_info
                0x000000008080c330        0x4 common/built-in.o
 .text.setup_mon_len
                0x000000008080c334       0x18 common/built-in.o
 .text.arch_cpu_init
                0x000000008080c34c        0x4 common/built-in.o
                0x000000008080c34c                arch_cpu_init
 .text.reserve_round_4k
                0x000000008080c350       0x14 common/built-in.o
 .text.reserve_mmu
                0x000000008080c364       0x2e common/built-in.o
                0x000000008080c364                reserve_mmu
 .text.reserve_uboot
                0x000000008080c392       0x2a common/built-in.o
 .text.reserve_malloc
                0x000000008080c3bc       0x14 common/built-in.o
 .text.setup_machine
                0x000000008080c3d0        0xe common/built-in.o
 .text.reserve_global_data
                0x000000008080c3de       0x16 common/built-in.o
 .text.reserve_fdt
                0x000000008080c3f4       0x3a common/built-in.o
 .text.init_func_watchdog_reset
                0x000000008080c42e        0xa common/built-in.o
                0x000000008080c42e                init_func_watchdog_reset
 .text.setup_reloc
                0x000000008080c438       0x26 common/built-in.o
 .text.reloc_fdt
                0x000000008080c45e       0x2c common/built-in.o
 .text.reserve_board
                0x000000008080c48a       0x28 common/built-in.o
 *fill*         0x000000008080c4b2        0x2 
 .text.announce_dram_init
                0x000000008080c4b4       0x10 common/built-in.o
 .text.init_func_i2c
                0x000000008080c4c4       0x20 common/built-in.o
 .text.init_baud_rate
                0x000000008080c4e4       0x1c common/built-in.o
 .text.initf_dm
                0x000000008080c500        0x6 common/built-in.o
 .text.initf_bootstage
                0x000000008080c506        0xc common/built-in.o
 .text.mach_cpu_init
                0x000000008080c512        0x4 common/built-in.o
                0x000000008080c512                mach_cpu_init
 .text.reserve_video
                0x000000008080c516        0x4 common/built-in.o
 .text.reserve_trace
                0x000000008080c51a        0x4 common/built-in.o
 .text.reserve_bootstage
                0x000000008080c51e        0x4 common/built-in.o
 .text.display_new_sp
                0x000000008080c522        0x4 common/built-in.o
 .text.reloc_bootstage
                0x000000008080c526        0x4 common/built-in.o
 .text.initf_console_record
                0x000000008080c52a        0x4 common/built-in.o
 .text.reserve_arch
                0x000000008080c52e        0x4 common/built-in.o
                0x000000008080c52e                reserve_arch
 .text.init_func_watchdog_init
                0x000000008080c532        0xa common/built-in.o
 .text.coloured_LED_init
                0x000000008080c53c        0x2 common/built-in.o
                0x000000008080c53c                coloured_LED_init
 .text.red_led_on
                0x000000008080c53e        0x2 common/built-in.o
                0x000000008080c53e                red_led_on
 .text.board_add_ram_info
                0x000000008080c540        0x2 common/built-in.o
                0x000000008080c540                board_add_ram_info
 *fill*         0x000000008080c542        0x2 
 .text.show_dram_config
                0x000000008080c544       0x28 common/built-in.o
 .text.board_get_usable_ram_top
                0x000000008080c56c       0x10 common/built-in.o
                0x000000008080c56c                board_get_usable_ram_top
 .text.setup_dest_addr
                0x000000008080c57c       0x30 common/built-in.o
 .text.reserve_stacks
                0x000000008080c5ac       0x1a common/built-in.o
 *fill*         0x000000008080c5c6        0x2 
 .text.board_init_f
                0x000000008080c5c8       0x20 common/built-in.o
                0x000000008080c5c8                board_init_f
 .text.initr_trace
                0x000000008080c5e8        0x4 common/built-in.o
 .text.initr_reloc
                0x000000008080c5ec       0x14 common/built-in.o
 .text.run_main_loop
                0x000000008080c600        0x8 common/built-in.o
 .text.initr_net
                0x000000008080c608       0x14 common/built-in.o
 .text.initr_ethaddr
                0x000000008080c61c       0x18 common/built-in.o
 .text.initr_enable_interrupts
                0x000000008080c634        0xa common/built-in.o
 .text.initr_jumptable
                0x000000008080c63e        0xa common/built-in.o
 .text.initr_env
                0x000000008080c648       0x20 common/built-in.o
 .text.initr_mmc
                0x000000008080c668       0x18 common/built-in.o
 .text.initr_serial
                0x000000008080c680        0xa common/built-in.o
 .text.initr_dm
                0x000000008080c68a       0x12 common/built-in.o
 .text.initr_bootstage
                0x000000008080c69c        0xc common/built-in.o
 .text.initr_malloc
                0x000000008080c6a8       0x1c common/built-in.o
 .text.initr_reloc_global_data
                0x000000008080c6c4       0x28 common/built-in.o
 .text.initr_caches
                0x000000008080c6ec        0xa common/built-in.o
 .text.bootstage_relocate
                0x000000008080c6f6        0x4 common/built-in.o
 .text.initr_barrier
                0x000000008080c6fa        0x4 common/built-in.o
 .text.initr_console_record
                0x000000008080c6fe        0x4 common/built-in.o
 .text.power_init_board
                0x000000008080c702        0x4 common/built-in.o
                0x000000008080c702                power_init_board
 .text.initr_announce
                0x000000008080c706        0x4 common/built-in.o
 .text.cpu_secondary_init_r
                0x000000008080c70a        0x2 common/built-in.o
                0x000000008080c70a                cpu_secondary_init_r
 .text.initr_secondary_cpu
                0x000000008080c70c        0xa common/built-in.o
 *fill*         0x000000008080c716        0x2 
 .text.board_init_r
                0x000000008080c718       0x1c common/built-in.o
                0x000000008080c718                board_init_r
 .text.checkboard
                0x000000008080c734        0x4 common/built-in.o
                0x000000008080c734                checkboard
 .text.show_board_info
                0x000000008080c738        0x4 common/built-in.o
                0x000000008080c738                show_board_info
 .text.bootm_find_images
                0x000000008080c73c       0x88 common/built-in.o
                0x000000008080c73c                bootm_find_images
 .text.bootm_decomp_image
                0x000000008080c7c4      0x108 common/built-in.o
                0x000000008080c7c4                bootm_decomp_image
 .text.bootm_disable_interrupts
                0x000000008080c8cc       0x10 common/built-in.o
                0x000000008080c8cc                bootm_disable_interrupts
 .text.do_bootm_states
                0x000000008080c8dc      0x69c common/built-in.o
                0x000000008080c8dc                do_bootm_states
 .text.copy_args
                0x000000008080cf78       0x34 common/built-in.o
 .text.do_bootm_rtems
                0x000000008080cfac       0x30 common/built-in.o
 .text.do_bootm_plan9
                0x000000008080cfdc       0x70 common/built-in.o
 .text.do_bootm_standalone
                0x000000008080d04c       0x40 common/built-in.o
 .text.do_bootm_qnxelf
                0x000000008080d08c       0x50 common/built-in.o
 .text.do_bootm_netbsd
                0x000000008080d0dc       0xb0 common/built-in.o
 .text.do_bootvx_fdt
                0x000000008080d18c       0xc8 common/built-in.o
                0x000000008080d18c                do_bootvx_fdt
 .text.do_bootm_vxworks
                0x000000008080d254       0x1a common/built-in.o
 .text.arch_preboot_os
                0x000000008080d26e        0x2 common/built-in.o
                0x000000008080d26e                arch_preboot_os
 .text.boot_selected_os
                0x000000008080d270       0x3a common/built-in.o
                0x000000008080d270                boot_selected_os
 *fill*         0x000000008080d2aa        0x2 
 .text.bootm_os_get_boot_func
                0x000000008080d2ac        0xc common/built-in.o
                0x000000008080d2ac                bootm_os_get_boot_func
 .text.fdt_find_and_setprop
                0x000000008080d2b8       0x48 common/built-in.o
                0x000000008080d2b8                fdt_find_and_setprop
 .text.fdt_find_or_add_subnode
                0x000000008080d300       0x40 common/built-in.o
                0x000000008080d300                fdt_find_or_add_subnode
 .text.fdt_root
                0x000000008080d340       0x60 common/built-in.o
                0x000000008080d340                fdt_root
 .text.fdt_initrd
                0x000000008080d3a0      0x114 common/built-in.o
                0x000000008080d3a0                fdt_initrd
 .text.fdt_chosen
                0x000000008080d4b4       0x6c common/built-in.o
                0x000000008080d4b4                fdt_chosen
 .text.do_fixup_by_path
                0x000000008080d520       0x34 common/built-in.o
                0x000000008080d520                do_fixup_by_path
 .text.fdt_fixup_memory_banks
                0x000000008080d554      0x160 common/built-in.o
                0x000000008080d554                fdt_fixup_memory_banks
 .text.fdt_fixup_memory
                0x000000008080d6b4       0x16 common/built-in.o
                0x000000008080d6b4                fdt_fixup_memory
 *fill*         0x000000008080d6ca        0x2 
 .text.fdt_fixup_ethernet
                0x000000008080d6cc      0x108 common/built-in.o
                0x000000008080d6cc                fdt_fixup_ethernet
 .text.fdt_shrink_to_minimum
                0x000000008080d7d4       0x8c common/built-in.o
                0x000000008080d7d4                fdt_shrink_to_minimum
 .text.fdt_overlay_apply_verbose
                0x000000008080d860       0x4c common/built-in.o
                0x000000008080d860                fdt_overlay_apply_verbose
 .text.miiphy_get_dev_by_name
                0x000000008080d8ac       0x34 common/built-in.o
                0x000000008080d8ac                miiphy_get_dev_by_name
 .text.miiphy_init
                0x000000008080d8e0       0x18 common/built-in.o
                0x000000008080d8e0                miiphy_init
 .text.mdio_alloc
                0x000000008080d8f8       0x1c common/built-in.o
                0x000000008080d8f8                mdio_alloc
 .text.mdio_register
                0x000000008080d914       0x4c common/built-in.o
                0x000000008080d914                mdio_register
 .text.mdio_list_devices
                0x000000008080d960       0x74 common/built-in.o
                0x000000008080d960                mdio_list_devices
 .text.miiphy_set_current_dev
                0x000000008080d9d4       0x28 common/built-in.o
                0x000000008080d9d4                miiphy_set_current_dev
 .text.miiphy_get_active_dev
                0x000000008080d9fc       0x30 common/built-in.o
 .text.mdio_get_current_dev
                0x000000008080da2c        0xc common/built-in.o
                0x000000008080da2c                mdio_get_current_dev
 .text.mdio_phydev_for_ethname
                0x000000008080da38       0x50 common/built-in.o
                0x000000008080da38                mdio_phydev_for_ethname
 .text.miiphy_get_current_dev
                0x000000008080da88       0x10 common/built-in.o
                0x000000008080da88                miiphy_get_current_dev
 .text.miiphy_read
                0x000000008080da98       0x28 common/built-in.o
                0x000000008080da98                miiphy_read
 .text.miiphy_write
                0x000000008080dac0       0x24 common/built-in.o
                0x000000008080dac0                miiphy_write
 .text.miiphy_listdev
                0x000000008080dae4       0x54 common/built-in.o
                0x000000008080dae4                miiphy_listdev
 .text.miiphy_info
                0x000000008080db38       0x5c common/built-in.o
                0x000000008080db38                miiphy_info
 .text.miiphy_speed
                0x000000008080db94       0x80 common/built-in.o
                0x000000008080db94                miiphy_speed
 .text.miiphy_duplex
                0x000000008080dc14       0x7c common/built-in.o
                0x000000008080dc14                miiphy_duplex
 .text.miiphy_is_1000base_x
                0x000000008080dc90        0x4 common/built-in.o
                0x000000008080dc90                miiphy_is_1000base_x
 .text.usb_set_maxpacket_ep
                0x000000008080dc94       0x56 common/built-in.o
 *fill*         0x000000008080dcea        0x2 
 .text.usb_stop
                0x000000008080dcec       0x38 common/built-in.o
                0x000000008080dcec                usb_stop
 .text.usb_disable_asynch
                0x000000008080dd24       0x14 common/built-in.o
                0x000000008080dd24                usb_disable_asynch
 .text.usb_control_msg
                0x000000008080dd38       0x84 common/built-in.o
                0x000000008080dd38                usb_control_msg
 .text.usb_get_descriptor
                0x000000008080ddbc       0x36 common/built-in.o
 *fill*         0x000000008080ddf2        0x2 
 .text.get_descriptor_len
                0x000000008080ddf4       0x60 common/built-in.o
 .text.usb_setup_descriptor
                0x000000008080de54       0x84 common/built-in.o
 .text.usb_get_string
                0x000000008080ded8       0x50 common/built-in.o
 .text.usb_string_sub
                0x000000008080df28       0x90 common/built-in.o
 .text.usb_bulk_msg
                0x000000008080dfb8       0x48 common/built-in.o
                0x000000008080dfb8                usb_bulk_msg
 .text.usb_maxpacket
                0x000000008080e000       0x14 common/built-in.o
                0x000000008080e000                usb_maxpacket
 .text.usb_clear_halt
                0x000000008080e014       0x60 common/built-in.o
                0x000000008080e014                usb_clear_halt
 .text.usb_get_configuration_len
                0x000000008080e074       0x50 common/built-in.o
                0x000000008080e074                usb_get_configuration_len
 .text.usb_get_configuration_no
                0x000000008080e0c4       0x1c common/built-in.o
                0x000000008080e0c4                usb_get_configuration_no
 .text.usb_set_interface
                0x000000008080e0e0       0x74 common/built-in.o
                0x000000008080e0e0                usb_set_interface
 .text.usb_string
                0x000000008080e154       0x9c common/built-in.o
                0x000000008080e154                usb_string
 .text.usb_get_dev_index
                0x000000008080e1f0       0x18 common/built-in.o
                0x000000008080e1f0                usb_get_dev_index
 .text.usb_alloc_new_device
                0x000000008080e208       0x68 common/built-in.o
                0x000000008080e208                usb_alloc_new_device
 .text.usb_free_device
                0x000000008080e270       0x30 common/built-in.o
                0x000000008080e270                usb_free_device
 .text.usb_alloc_device
                0x000000008080e2a0        0x4 common/built-in.o
                0x000000008080e2a0                usb_alloc_device
 .text.usb_select_config
                0x000000008080e2a4      0x320 common/built-in.o
                0x000000008080e2a4                usb_select_config
 .text.usb_setup_device
                0x000000008080e5c4       0xac common/built-in.o
                0x000000008080e5c4                usb_setup_device
 .text.usb_new_device
                0x000000008080e670       0x1e common/built-in.o
                0x000000008080e670                usb_new_device
 *fill*         0x000000008080e68e        0x2 
 .text.usb_init
                0x000000008080e690       0xdc common/built-in.o
                0x000000008080e690                usb_init
 .text.board_usb_init
                0x000000008080e76c        0x4 common/built-in.o
                0x000000008080e76c                board_usb_init
 .text.board_usb_cleanup
                0x000000008080e770        0x4 common/built-in.o
                0x000000008080e770                board_usb_cleanup
 .text.usb_device_has_child_on_port
                0x000000008080e774       0x10 common/built-in.o
                0x000000008080e774                usb_device_has_child_on_port
 .text.usb_find_usb2_hub_address_port
                0x000000008080e784       0x34 common/built-in.o
                0x000000008080e784                usb_find_usb2_hub_address_port
 .text.usb_set_port_feature
                0x000000008080e7b8       0x2e common/built-in.o
 .text.usb_clear_port_feature
                0x000000008080e7e6       0x2e common/built-in.o
 .text.usb_get_hub_descriptor
                0x000000008080e814       0x44 common/built-in.o
 .text.usb_hub_reset_devices
                0x000000008080e858        0x2 common/built-in.o
                0x000000008080e858                usb_hub_reset_devices
 .text.usb_get_port_status
                0x000000008080e85a       0x30 common/built-in.o
                0x000000008080e85a                usb_get_port_status
 *fill*         0x000000008080e88a        0x2 
 .text.usb_hub_reset
                0x000000008080e88c       0x18 common/built-in.o
                0x000000008080e88c                usb_hub_reset
 .text.usb_hub_port_connect_change
                0x000000008080e8a4      0x138 common/built-in.o
                0x000000008080e8a4                usb_hub_port_connect_change
 .text.usb_hub_configure
                0x000000008080e9dc      0x3dc common/built-in.o
 .text.usb_hub_probe
                0x000000008080edb8       0x3a common/built-in.o
                0x000000008080edb8                usb_hub_probe
 .text.usb_stor_irq
                0x000000008080edf2       0x10 common/built-in.o
 .text.usb_stor_BBB_reset
                0x000000008080ee02       0xac common/built-in.o
 *fill*         0x000000008080eeae        0x2 
 .text.usb_stor_CB_reset
                0x000000008080eeb0       0x8c common/built-in.o
 .text.usb_stor_BBB_clear_endpt_stall.isra.0
                0x000000008080ef3c       0x2c common/built-in.o
 .text.usb_stor_BBB_transport
                0x000000008080ef68      0x1d4 common/built-in.o
 .text.usb_stor_CB_comdat
                0x000000008080f13c      0x154 common/built-in.o
 .text.usb_stor_CBI_get_status.isra.0
                0x000000008080f290       0x88 common/built-in.o
 .text.usb_stor_CB_transport
                0x000000008080f318      0x150 common/built-in.o
 .text.usb_request_sense.constprop.0
                0x000000008080f468       0x4c common/built-in.o
 .text.usb_stor_read
                0x000000008080f4b4       0xf0 common/built-in.o
 .text.usb_stor_write
                0x000000008080f5a4       0xf0 common/built-in.o
 .text.usb_stor_info
                0x000000008080f694       0x48 common/built-in.o
                0x000000008080f694                usb_stor_info
 .text.usb_storage_probe
                0x000000008080f6dc      0x15c common/built-in.o
                0x000000008080f6dc                usb_storage_probe
 .text.usb_stor_get_info
                0x000000008080f838      0x22c common/built-in.o
                0x000000008080f838                usb_stor_get_info
 .text.usb_stor_scan
                0x000000008080fa64      0x150 common/built-in.o
                0x000000008080fa64                usb_stor_scan
 .text.menu_display_statusline
                0x000000008080fbb4        0x2 common/built-in.o
                0x000000008080fbb4                menu_display_statusline
 .text.menu_default_set
                0x000000008080fbb6       0x4a common/built-in.o
                0x000000008080fbb6                menu_default_set
 .text.menu_get_choice
                0x000000008080fc00      0x12c common/built-in.o
                0x000000008080fc00                menu_get_choice
 .text.menu_item_add
                0x000000008080fd2c       0x7c common/built-in.o
                0x000000008080fd2c                menu_item_add
 .text.menu_create
                0x000000008080fda8       0x52 common/built-in.o
                0x000000008080fda8                menu_create
 .text.menu_destroy
                0x000000008080fdfa       0x44 common/built-in.o
                0x000000008080fdfa                menu_destroy
 *fill*         0x000000008080fe3e        0x2 
 .text.update_tftp
                0x000000008080fe40      0x230 common/built-in.o
                0x000000008080fe40                update_tftp
 .text.delete_char.part.0
                0x0000000080810070       0x84 common/built-in.o
 .text.cread_add_char
                0x00000000808100f4       0x80 common/built-in.o
 .text.cli_readline_into_buffer
                0x0000000080810174      0x670 common/built-in.o
                0x0000000080810174                cli_readline_into_buffer
 .text.cli_readline
                0x00000000808107e4       0x10 common/built-in.o
                0x00000000808107e4                cli_readline
 .text.cli_simple_process_macros
                0x00000000808107f4      0x134 common/built-in.o
                0x00000000808107f4                cli_simple_process_macros
 .text.console_setfile
                0x0000000080810928       0x74 common/built-in.o
 .text.putc     0x000000008081099c       0x24 common/built-in.o
                0x000000008081099c                putc
 .text.puts     0x00000000808109c0       0x24 common/built-in.o
                0x00000000808109c0                puts
 .text.fgetc    0x00000000808109e4       0x18 common/built-in.o
                0x00000000808109e4                fgetc
 .text.getc     0x00000000808109fc       0x1a common/built-in.o
                0x00000000808109fc                getc
 *fill*         0x0000000080810a16        0x2 
 .text.ftstc    0x0000000080810a18       0x18 common/built-in.o
                0x0000000080810a18                ftstc
 .text.tstc     0x0000000080810a30       0x1a common/built-in.o
                0x0000000080810a30                tstc
 *fill*         0x0000000080810a4a        0x2 
 .text.fputs    0x0000000080810a4c       0x14 common/built-in.o
                0x0000000080810a4c                fputs
 .text.ctrlc    0x0000000080810a60       0x34 common/built-in.o
                0x0000000080810a60                ctrlc
 .text.disable_ctrlc
                0x0000000080810a94       0x10 common/built-in.o
                0x0000000080810a94                disable_ctrlc
 .text.had_ctrlc
                0x0000000080810aa4        0xc common/built-in.o
                0x0000000080810aa4                had_ctrlc
 .text.clear_ctrlc
                0x0000000080810ab0        0xc common/built-in.o
                0x0000000080810ab0                clear_ctrlc
 .text.search_device
                0x0000000080810abc       0x16 common/built-in.o
                0x0000000080810abc                search_device
 .text.console_assign
                0x0000000080810ad2       0x2a common/built-in.o
                0x0000000080810ad2                console_assign
 .text.on_console
                0x0000000080810afc       0x6c common/built-in.o
 .text.console_init_f
                0x0000000080810b68        0xa common/built-in.o
                0x0000000080810b68                console_init_f
 *fill*         0x0000000080810b72        0x2 
 .text.console_init_r
                0x0000000080810b74       0x8c common/built-in.o
                0x0000000080810b74                console_init_r
 .text.sbrk     0x0000000080810c00       0x40 common/built-in.o
                0x0000000080810c00                sbrk
 .text.mem_malloc_init
                0x0000000080810c40       0x28 common/built-in.o
                0x0000000080810c40                mem_malloc_init
 .text.malloc_trim
                0x0000000080810c68       0x84 common/built-in.o
                0x0000000080810c68                malloc_trim
 .text.free     0x0000000080810cec      0x168 common/built-in.o
                0x0000000080810cec                free
 .text.malloc   0x0000000080810e54      0x420 common/built-in.o
                0x0000000080810e54                malloc
 .text.calloc   0x0000000080811274       0xb8 common/built-in.o
                0x0000000080811274                calloc
 .text.realloc  0x000000008081132c      0x2d0 common/built-in.o
                0x000000008081132c                realloc
 .text.memalign
                0x00000000808115fc      0x10a common/built-in.o
                0x00000000808115fc                memalign
 .text.initf_malloc
                0x0000000080811706       0x14 common/built-in.o
                0x0000000080811706                initf_malloc
 .text.malloc_simple
                0x000000008081171a       0x28 common/built-in.o
                0x000000008081171a                malloc_simple
 *fill*         0x0000000080811742        0x2 
 .text.on_loadaddr
                0x0000000080811744       0x1c common/built-in.o
 .text.image_check_hcrc
                0x0000000080811760       0x2a common/built-in.o
                0x0000000080811760                image_check_hcrc
 .text.image_check_dcrc
                0x000000008081178a       0x22 common/built-in.o
                0x000000008081178a                image_check_dcrc
 .text.image_multi_count
                0x00000000808117ac       0x12 common/built-in.o
                0x00000000808117ac                image_multi_count
 .text.image_multi_getimg
                0x00000000808117be       0x4a common/built-in.o
                0x00000000808117be                image_multi_getimg
 .text.env_get_bootm_low
                0x0000000080811808       0x20 common/built-in.o
                0x0000000080811808                env_get_bootm_low
 .text.env_get_bootm_size
                0x0000000080811828       0x44 common/built-in.o
                0x0000000080811828                env_get_bootm_size
 .text.env_get_bootm_mapsize
                0x000000008081186c       0x20 common/built-in.o
                0x000000008081186c                env_get_bootm_mapsize
 .text.memmove_wd
                0x000000008081188c       0x46 common/built-in.o
                0x000000008081188c                memmove_wd
 *fill*         0x00000000808118d2        0x2 
 .text.genimg_print_size
                0x00000000808118d4       0x24 common/built-in.o
                0x00000000808118d4                genimg_print_size
 .text.genimg_print_time
                0x00000000808118f8       0x2c common/built-in.o
                0x00000000808118f8                genimg_print_time
 .text.get_table_entry
                0x0000000080811924       0x12 common/built-in.o
                0x0000000080811924                get_table_entry
 .text.get_table_entry_name
                0x0000000080811936       0x12 common/built-in.o
                0x0000000080811936                get_table_entry_name
 .text.genimg_get_os_name
                0x0000000080811948       0x14 common/built-in.o
                0x0000000080811948                genimg_get_os_name
 .text.genimg_get_arch_name
                0x000000008081195c       0x14 common/built-in.o
                0x000000008081195c                genimg_get_arch_name
 .text.genimg_get_type_name
                0x0000000080811970       0x14 common/built-in.o
                0x0000000080811970                genimg_get_type_name
 .text.genimg_get_comp_name
                0x0000000080811984       0x14 common/built-in.o
                0x0000000080811984                genimg_get_comp_name
 .text.image_print_contents
                0x0000000080811998      0x128 common/built-in.o
                0x0000000080811998                image_print_contents
 .text.get_table_entry_id
                0x0000000080811ac0       0x26 common/built-in.o
                0x0000000080811ac0                get_table_entry_id
 *fill*         0x0000000080811ae6        0x2 
 .text.genimg_get_os_id
                0x0000000080811ae8       0x14 common/built-in.o
                0x0000000080811ae8                genimg_get_os_id
 .text.genimg_get_arch_id
                0x0000000080811afc       0x14 common/built-in.o
                0x0000000080811afc                genimg_get_arch_id
 .text.genimg_get_type_id
                0x0000000080811b10       0x14 common/built-in.o
                0x0000000080811b10                genimg_get_type_id
 .text.genimg_get_comp_id
                0x0000000080811b24       0x14 common/built-in.o
                0x0000000080811b24                genimg_get_comp_id
 .text.genimg_get_kernel_addr_fit
                0x0000000080811b38       0x3c common/built-in.o
                0x0000000080811b38                genimg_get_kernel_addr_fit
 .text.genimg_get_kernel_addr
                0x0000000080811b74       0x16 common/built-in.o
                0x0000000080811b74                genimg_get_kernel_addr
 *fill*         0x0000000080811b8a        0x2 
 .text.genimg_get_format
                0x0000000080811b8c       0x30 common/built-in.o
                0x0000000080811b8c                genimg_get_format
 .text.genimg_has_config
                0x0000000080811bbc        0xa common/built-in.o
                0x0000000080811bbc                genimg_has_config
 *fill*         0x0000000080811bc6        0x2 
 .text.boot_get_ramdisk
                0x0000000080811bc8      0x274 common/built-in.o
                0x0000000080811bc8                boot_get_ramdisk
 .text.boot_ramdisk_high
                0x0000000080811e3c       0xbc common/built-in.o
                0x0000000080811e3c                boot_ramdisk_high
 .text.boot_get_setup
                0x0000000080811ef8        0x4 common/built-in.o
                0x0000000080811ef8                boot_get_setup
 .text.boot_get_loadable
                0x0000000080811efc       0xe4 common/built-in.o
                0x0000000080811efc                boot_get_loadable
 .text.image_setup_linux
                0x0000000080811fe0       0x3a common/built-in.o
                0x0000000080811fe0                image_setup_linux
 *fill*         0x000000008081201a        0x2 
 .text.android_image_get_kernel
                0x000000008081201c      0x160 common/built-in.o
                0x000000008081201c                android_image_get_kernel
 .text.android_image_check_header
                0x000000008081217c       0x10 common/built-in.o
                0x000000008081217c                android_image_check_header
 .text.android_image_get_end
                0x000000008081218c       0x78 common/built-in.o
                0x000000008081218c                android_image_get_end
 .text.android_image_get_kload
                0x0000000080812204       0x40 common/built-in.o
                0x0000000080812204                android_image_get_kload
 .text.android_image_get_ramdisk
                0x0000000080812244       0xa4 common/built-in.o
                0x0000000080812244                android_image_get_ramdisk
 .text.android_print_contents
                0x00000000808122e8      0x1a4 common/built-in.o
                0x00000000808122e8                android_print_contents
 .text.fdt_error
                0x000000008081248c       0x24 common/built-in.o
 .text.boot_fdt_add_mem_rsv_regions
                0x00000000808124b0       0x5c common/built-in.o
                0x00000000808124b0                boot_fdt_add_mem_rsv_regions
 .text.boot_relocate_fdt
                0x000000008081250c      0x108 common/built-in.o
                0x000000008081250c                boot_relocate_fdt
 .text.boot_get_fdt
                0x0000000080812614      0x258 common/built-in.o
                0x0000000080812614                boot_get_fdt
 .text.ft_verify_fdt
                0x000000008081286c        0x4 common/built-in.o
                0x000000008081286c                ft_verify_fdt
 .text.image_setup_libfdt
                0x0000000080812870       0xb0 common/built-in.o
                0x0000000080812870                image_setup_libfdt
 .text.fit_image_get_address
                0x0000000080812920       0x3c common/built-in.o
 .text.fit_parse_conf
                0x000000008081295c       0x3a common/built-in.o
                0x000000008081295c                fit_parse_conf
 .text.fit_parse_subimage
                0x0000000080812996       0x3a common/built-in.o
                0x0000000080812996                fit_parse_subimage
 .text.fit_get_desc
                0x00000000808129d0       0x20 common/built-in.o
                0x00000000808129d0                fit_get_desc
 .text.fit_get_timestamp
                0x00000000808129f0       0x30 common/built-in.o
                0x00000000808129f0                fit_get_timestamp
 .text.fit_image_get_node
                0x0000000080812a20       0x24 common/built-in.o
                0x0000000080812a20                fit_image_get_node
 .text.fit_image_get_os
                0x0000000080812a44       0x28 common/built-in.o
                0x0000000080812a44                fit_image_get_os
 .text.fit_image_get_arch
                0x0000000080812a6c       0x28 common/built-in.o
                0x0000000080812a6c                fit_image_get_arch
 .text.fit_image_get_type
                0x0000000080812a94       0x28 common/built-in.o
                0x0000000080812a94                fit_image_get_type
 .text.fit_image_get_comp
                0x0000000080812abc       0x28 common/built-in.o
                0x0000000080812abc                fit_image_get_comp
 .text.fit_image_get_load
                0x0000000080812ae4        0xc common/built-in.o
                0x0000000080812ae4                fit_image_get_load
 .text.fit_image_get_entry
                0x0000000080812af0        0xc common/built-in.o
                0x0000000080812af0                fit_image_get_entry
 .text.fit_image_get_data
                0x0000000080812afc       0x28 common/built-in.o
                0x0000000080812afc                fit_image_get_data
 .text.fit_image_hash_get_algo
                0x0000000080812b24       0x20 common/built-in.o
                0x0000000080812b24                fit_image_hash_get_algo
 .text.fit_image_hash_get_value
                0x0000000080812b44       0x28 common/built-in.o
                0x0000000080812b44                fit_image_hash_get_value
 .text.fit_image_print_data
                0x0000000080812b6c      0x104 common/built-in.o
 .text.fit_image_print
                0x0000000080812c70      0x288 common/built-in.o
                0x0000000080812c70                fit_image_print
 .text.fit_get_end
                0x0000000080812ef8        0x8 common/built-in.o
                0x0000000080812ef8                fit_get_end
 .text.calculate_hash
                0x0000000080812f00       0xa8 common/built-in.o
                0x0000000080812f00                calculate_hash
 .text.fit_image_verify_with_data
                0x0000000080812fa8      0x13c common/built-in.o
                0x0000000080812fa8                fit_image_verify_with_data
 .text.fit_image_verify
                0x00000000808130e4       0x50 common/built-in.o
                0x00000000808130e4                fit_image_verify
 .text.fit_all_image_verify
                0x0000000080813134       0xa0 common/built-in.o
                0x0000000080813134                fit_all_image_verify
 .text.fit_image_check_os
                0x00000000808131d4       0x20 common/built-in.o
                0x00000000808131d4                fit_image_check_os
 .text.fit_image_check_arch
                0x00000000808131f4       0x2c common/built-in.o
                0x00000000808131f4                fit_image_check_arch
 .text.fit_image_check_type
                0x0000000080813220       0x20 common/built-in.o
                0x0000000080813220                fit_image_check_type
 .text.fit_image_check_comp
                0x0000000080813240       0x20 common/built-in.o
                0x0000000080813240                fit_image_check_comp
 .text.fit_check_format
                0x0000000080813260       0x40 common/built-in.o
                0x0000000080813260                fit_check_format
 .text.fit_conf_get_node
                0x00000000808132a0       0x7c common/built-in.o
                0x00000000808132a0                fit_conf_get_node
 .text.fit_conf_get_prop_node_index
                0x000000008081331c       0x20 common/built-in.o
                0x000000008081331c                fit_conf_get_prop_node_index
 .text.fit_conf_get_prop_node
                0x000000008081333c        0x6 common/built-in.o
                0x000000008081333c                fit_conf_get_prop_node
 *fill*         0x0000000080813342        0x2 
 .text.fit_conf_print
                0x0000000080813344      0x168 common/built-in.o
                0x0000000080813344                fit_conf_print
 .text.fit_print_contents
                0x00000000808134ac      0x174 common/built-in.o
                0x00000000808134ac                fit_print_contents
 .text.fit_get_node_from_config
                0x0000000080813620       0x2a common/built-in.o
                0x0000000080813620                fit_get_node_from_config
 *fill*         0x000000008081364a        0x2 
 .text.fit_image_load
                0x000000008081364c      0x3c8 common/built-in.o
                0x000000008081364c                fit_image_load
 .text.boot_get_setup_fit
                0x0000000080813a14       0x40 common/built-in.o
                0x0000000080813a14                boot_get_setup_fit
 .text.boot_get_fdt_fit
                0x0000000080813a54      0x1d0 common/built-in.o
                0x0000000080813a54                boot_get_fdt_fit
 .text.get_ram_size
                0x0000000080813c24       0x9c common/built-in.o
                0x0000000080813c24                get_ram_size
 .text.get_effective_memsize
                0x0000000080813cc0        0x6 common/built-in.o
                0x0000000080813cc0                get_effective_memsize
 .text.stdio_serial_tstc
                0x0000000080813cc6        0x4 common/built-in.o
 .text.stdio_serial_getc
                0x0000000080813cca        0x4 common/built-in.o
 .text.stdio_serial_puts
                0x0000000080813cce        0x6 common/built-in.o
 .text.stdio_serial_putc
                0x0000000080813cd4        0x6 common/built-in.o
 *fill*         0x0000000080813cda        0x2 
 .text.stdio_get_list
                0x0000000080813cdc        0x8 common/built-in.o
                0x0000000080813cdc                stdio_get_list
 .text.stdio_get_by_name
                0x0000000080813ce4       0x30 common/built-in.o
                0x0000000080813ce4                stdio_get_by_name
 .text.stdio_clone
                0x0000000080813d14       0x22 common/built-in.o
                0x0000000080813d14                stdio_clone
 *fill*         0x0000000080813d36        0x2 
 .text.stdio_register_dev
                0x0000000080813d38       0x34 common/built-in.o
                0x0000000080813d38                stdio_register_dev
 .text.stdio_register
                0x0000000080813d6c        0x6 common/built-in.o
                0x0000000080813d6c                stdio_register
 *fill*         0x0000000080813d72        0x2 
 .text.stdio_init_tables
                0x0000000080813d74       0x14 common/built-in.o
                0x0000000080813d74                stdio_init_tables
 .text.stdio_add_devices
                0x0000000080813d88       0x54 common/built-in.o
                0x0000000080813d88                stdio_add_devices
 .text.write_sparse_image
                0x0000000080813ddc      0x28c common/built-in.o
                0x0000000080813ddc                write_sparse_image
 .text.fb_mmc_sparse_write
                0x0000000080814068        0xe common/built-in.o
 .text.fb_mmc_sparse_reserve
                0x0000000080814076        0x4 common/built-in.o
 *fill*         0x000000008081407a        0x2 
 .text.part_get_info_by_name_or_alias
                0x000000008081407c       0x44 common/built-in.o
 .text.fb_mmc_flash_write
                0x00000000808140c0      0x44c common/built-in.o
                0x00000000808140c0                fb_mmc_flash_write
 .text.fb_mmc_erase
                0x000000008081450c       0xcc common/built-in.o
                0x000000008081450c                fb_mmc_erase
 .text.run_command
                0x00000000808145d8        0xe common/built-in.o
                0x00000000808145d8                run_command
 .text.run_command_list
                0x00000000808145e6       0x46 common/built-in.o
                0x00000000808145e6                run_command_list
 .text.do_run   0x000000008081462c       0x4c common/built-in.o
                0x000000008081462c                do_run
 .text.cli_loop
                0x0000000080814678        0x8 common/built-in.o
                0x0000000080814678                cli_loop
 .text.cli_init
                0x0000000080814680        0x4 common/built-in.o
                0x0000000080814680                cli_init
 .text.run_usb_dnl_gadget
                0x0000000080814684       0xc4 common/built-in.o
                0x0000000080814684                run_usb_dnl_gadget
 .text.find_cmd_tbl
                0x0000000080814748       0x64 common/built-in.o
                0x0000000080814748                find_cmd_tbl
 .text.find_cmd
                0x00000000808147ac       0x1c common/built-in.o
                0x00000000808147ac                find_cmd
 .text.cmd_usage
                0x00000000808147c8       0x3c common/built-in.o
                0x00000000808147c8                cmd_usage
 .text._do_help
                0x0000000080814804      0x108 common/built-in.o
                0x0000000080814804                _do_help
 .text.var_complete
                0x000000008081490c       0x48 common/built-in.o
                0x000000008081490c                var_complete
 .text.cmd_auto_complete
                0x0000000080814954      0x2c8 common/built-in.o
                0x0000000080814954                cmd_auto_complete
 .text.cmd_get_data_size
                0x0000000080814c1c       0x34 common/built-in.o
                0x0000000080814c1c                cmd_get_data_size
 .text.cmd_process
                0x0000000080814c50       0x94 common/built-in.o
                0x0000000080814c50                cmd_process
 .text.cmd_process_error
                0x0000000080814ce4       0x18 common/built-in.o
                0x0000000080814ce4                cmd_process_error
 .text.hex1_bin
                0x0000000080814cfc       0x2c common/built-in.o
 .text.hex2_bin
                0x0000000080814d28       0x24 common/built-in.o
 .text.srec_decode
                0x0000000080814d4c      0x190 common/built-in.o
                0x0000000080814d4c                srec_decode
 .text.CYGACC_COMM_IF_GETC_TIMEOUT.isra.0
                0x0000000080814edc       0x2e common/built-in.o
 .text.xyzModem_flush
                0x0000000080814f0a       0x14 common/built-in.o
 *fill*         0x0000000080814f1e        0x2 
 .text.xyzModem_get_hdr
                0x0000000080814f20      0x16c common/built-in.o
 .text.xyzModem_stream_open
                0x000000008081508c      0x16c common/built-in.o
                0x000000008081508c                xyzModem_stream_open
 .text.xyzModem_stream_read
                0x00000000808151f8      0x1a8 common/built-in.o
                0x00000000808151f8                xyzModem_stream_read
 .text.xyzModem_stream_close
                0x00000000808153a0       0x40 common/built-in.o
                0x00000000808153a0                xyzModem_stream_close
 .text.xyzModem_stream_terminate
                0x00000000808153e0       0x68 common/built-in.o
                0x00000000808153e0                xyzModem_stream_terminate
 .text.xyzModem_error
                0x0000000080815448       0x18 common/built-in.o
                0x0000000080815448                xyzModem_error
 .text.part_driver_lookup_type
                0x0000000080815460       0x44 disk/built-in.o
 .text.blk_get_dev
                0x00000000808154a4       0x18 disk/built-in.o
                0x00000000808154a4                blk_get_dev
 .text.dev_print
                0x00000000808154bc      0x174 disk/built-in.o
                0x00000000808154bc                dev_print
 .text.part_init
                0x0000000080815630       0x2c disk/built-in.o
                0x0000000080815630                part_init
 .text.part_print
                0x000000008081565c       0xac disk/built-in.o
                0x000000008081565c                part_print
 .text.part_get_info
                0x0000000080815708       0x36 disk/built-in.o
                0x0000000080815708                part_get_info
 *fill*         0x000000008081573e        0x2 
 .text.part_get_info_whole_disk
                0x0000000080815740       0x38 disk/built-in.o
                0x0000000080815740                part_get_info_whole_disk
 .text.blk_get_device_by_str
                0x0000000080815778       0xd0 disk/built-in.o
                0x0000000080815778                blk_get_device_by_str
 .text.blk_get_device_part_str
                0x0000000080815848      0x238 disk/built-in.o
                0x0000000080815848                blk_get_device_part_str
 .text.part_get_info_by_name_type
                0x0000000080815a80       0x48 disk/built-in.o
                0x0000000080815a80                part_get_info_by_name_type
 .text.part_get_info_by_name
                0x0000000080815ac8        0x8 disk/built-in.o
                0x0000000080815ac8                part_get_info_by_name
 .text.part_set_generic_name
                0x0000000080815ad0       0x34 disk/built-in.o
                0x0000000080815ad0                part_set_generic_name
 .text.test_block_type
                0x0000000080815b04       0x4c disk/built-in.o
 .text.print_partition_extended
                0x0000000080815b50      0x194 disk/built-in.o
 .text.part_print_dos
                0x0000000080815ce4       0x20 disk/built-in.o
                0x0000000080815ce4                part_print_dos
 .text.part_test_dos
                0x0000000080815d04       0x48 disk/built-in.o
 .text.part_get_info_extended
                0x0000000080815d4c      0x1c4 disk/built-in.o
 .text.part_get_info_dos
                0x0000000080815f10       0x1a disk/built-in.o
                0x0000000080815f10                part_get_info_dos
 .text.is_valid_dos_buf
                0x0000000080815f2a       0x10 disk/built-in.o
                0x0000000080815f2a                is_valid_dos_buf
 *fill*         0x0000000080815f3a        0x2 
 .text.write_mbr_partition
                0x0000000080815f3c       0x44 disk/built-in.o
                0x0000000080815f3c                write_mbr_partition
 .text.iso_dread
                0x0000000080815f80       0x22 disk/built-in.o
                0x0000000080815f80                iso_dread
 *fill*         0x0000000080815fa2        0x2 
 .text.part_get_info_iso_verb
                0x0000000080815fa4      0x258 disk/built-in.o
                0x0000000080815fa4                part_get_info_iso_verb
 .text.part_test_iso
                0x00000000808161fc       0x14 disk/built-in.o
 .text.part_print_iso
                0x0000000080816210       0x60 disk/built-in.o
 .text.part_get_info_iso
                0x0000000080816270        0x6 disk/built-in.o
 *fill*         0x0000000080816276        0x2 
 .text.print_efiname
                0x0000000080816278       0x3c disk/built-in.o
 .text.part_test_efi
                0x00000000808162b4       0x78 disk/built-in.o
 .text.validate_gpt_entries
                0x000000008081632c       0x80 disk/built-in.o
 *fill*         0x00000000808163ac        0x4 
 .text.validate_gpt_header
                0x00000000808163b0      0x1a0 disk/built-in.o
 .text.is_gpt_valid
                0x0000000080816550      0x1cc disk/built-in.o
 .text.is_pte_valid
                0x000000008081671c       0x38 disk/built-in.o
 .text.part_print_efi
                0x0000000080816754      0x1f8 disk/built-in.o
                0x0000000080816754                part_print_efi
 .text.part_get_info_efi
                0x000000008081694c      0x17c disk/built-in.o
                0x000000008081694c                part_get_info_efi
 .text.get_disk_guid
                0x0000000080816ac8       0xa4 disk/built-in.o
                0x0000000080816ac8                get_disk_guid
 .text.write_gpt_table
                0x0000000080816b6c      0x37c disk/built-in.o
                0x0000000080816b6c                write_gpt_table
 .text.gpt_fill_pte
                0x0000000080816ee8      0x268 disk/built-in.o
                0x0000000080816ee8                gpt_fill_pte
 .text.gpt_fill_header
                0x0000000080817150      0x180 disk/built-in.o
                0x0000000080817150                gpt_fill_header
 .text.gpt_restore
                0x00000000808172d0       0xc8 disk/built-in.o
                0x00000000808172d0                gpt_restore
 .text.gpt_verify_headers
                0x0000000080817398       0x54 disk/built-in.o
                0x0000000080817398                gpt_verify_headers
 .text.gpt_verify_partitions
                0x00000000808173ec      0x178 disk/built-in.o
                0x00000000808173ec                gpt_verify_partitions
 .text.is_valid_gpt_buf
                0x0000000080817564       0x4e disk/built-in.o
                0x0000000080817564                is_valid_gpt_buf
 *fill*         0x00000000808175b2        0x2 
 .text.write_mbr_and_gpt_partitions
                0x00000000808175b4      0x2f4 disk/built-in.o
                0x00000000808175b4                write_mbr_and_gpt_partitions
 .text.device_bind_common.isra.0
                0x00000000808178a8      0x1e8 drivers/built-in.o
 .text.alloc_priv
                0x0000000080817a90       0x38 drivers/built-in.o
 .text.device_bind_by_name
                0x0000000080817ac8       0x44 drivers/built-in.o
                0x0000000080817ac8                device_bind_by_name
 .text.device_probe
                0x0000000080817b0c      0x140 drivers/built-in.o
                0x0000000080817b0c                device_probe
 .text.dev_get_platdata
                0x0000000080817c4c       0x20 drivers/built-in.o
                0x0000000080817c4c                dev_get_platdata
 .text.dev_get_priv
                0x0000000080817c6c       0x20 drivers/built-in.o
                0x0000000080817c6c                dev_get_priv
 .text.dev_get_uclass_priv
                0x0000000080817c8c       0x20 drivers/built-in.o
                0x0000000080817c8c                dev_get_uclass_priv
 .text.devfdt_get_addr
                0x0000000080817cac        0x6 drivers/built-in.o
                0x0000000080817cac                devfdt_get_addr
 *fill*         0x0000000080817cb2        0x2 
 .text.lists_driver_lookup_name
                0x0000000080817cb4       0x2c drivers/built-in.o
                0x0000000080817cb4                lists_driver_lookup_name
 .text.lists_uclass_lookup
                0x0000000080817ce0       0x20 drivers/built-in.o
                0x0000000080817ce0                lists_uclass_lookup
 .text.lists_bind_drivers
                0x0000000080817d00       0x60 drivers/built-in.o
                0x0000000080817d00                lists_bind_drivers
 .text.dm_root  0x0000000080817d60       0x1c drivers/built-in.o
                0x0000000080817d60                dm_root
 .text.dm_init  0x0000000080817d7c       0x44 drivers/built-in.o
                0x0000000080817d7c                dm_init
 .text.dm_remove_devices_flags
                0x0000000080817dc0       0x12 drivers/built-in.o
                0x0000000080817dc0                dm_remove_devices_flags
 *fill*         0x0000000080817dd2        0x2 
 .text.dm_scan_platdata
                0x0000000080817dd4       0x20 drivers/built-in.o
                0x0000000080817dd4                dm_scan_platdata
 .text.dm_scan_other
                0x0000000080817df4        0x4 drivers/built-in.o
                0x0000000080817df4                dm_scan_other
 .text.dm_init_and_scan
                0x0000000080817df8       0x20 drivers/built-in.o
                0x0000000080817df8                dm_init_and_scan
 .text.uclass_find
                0x0000000080817e18       0x2e drivers/built-in.o
                0x0000000080817e18                uclass_find
 .text.uclass_get
                0x0000000080817e46       0xa8 drivers/built-in.o
                0x0000000080817e46                uclass_get
 .text.uclass_find_device
                0x0000000080817eee       0x42 drivers/built-in.o
                0x0000000080817eee                uclass_find_device
 .text.uclass_find_first_device
                0x0000000080817f30       0x22 drivers/built-in.o
                0x0000000080817f30                uclass_find_first_device
 .text.uclass_find_next_device
                0x0000000080817f52       0x18 drivers/built-in.o